Archive member included to satisfy reference by file (symbol)

c:/program files (x86)/atollic/truestudio for stm32 9.3.0/armtools/bin/../lib/gcc/arm-atollic-eabi/6.3.1/../../../../arm-atollic-eabi/lib/armv7-m\libc_nano.a(lib_a-assert.o)
                              Drivers\modbus\functions\mbutils.o (__assert_func)
c:/program files (x86)/atollic/truestudio for stm32 9.3.0/armtools/bin/../lib/gcc/arm-atollic-eabi/6.3.1/../../../../arm-atollic-eabi/lib/armv7-m\libc_nano.a(lib_a-errno.o)
                              Src\syscalls.o (__errno)
c:/program files (x86)/atollic/truestudio for stm32 9.3.0/armtools/bin/../lib/gcc/arm-atollic-eabi/6.3.1/../../../../arm-atollic-eabi/lib/armv7-m\libc_nano.a(lib_a-fprintf.o)
                              c:/program files (x86)/atollic/truestudio for stm32 9.3.0/armtools/bin/../lib/gcc/arm-atollic-eabi/6.3.1/../../../../arm-atollic-eabi/lib/armv7-m\libc_nano.a(lib_a-assert.o) (fiprintf)
c:/program files (x86)/atollic/truestudio for stm32 9.3.0/armtools/bin/../lib/gcc/arm-atollic-eabi/6.3.1/../../../../arm-atollic-eabi/lib/armv7-m\libc_nano.a(lib_a-impure.o)
                              c:/program files (x86)/atollic/truestudio for stm32 9.3.0/armtools/bin/../lib/gcc/arm-atollic-eabi/6.3.1/../../../../arm-atollic-eabi/lib/armv7-m\libc_nano.a(lib_a-assert.o) (_impure_ptr)
c:/program files (x86)/atollic/truestudio for stm32 9.3.0/armtools/bin/../lib/gcc/arm-atollic-eabi/6.3.1/../../../../arm-atollic-eabi/lib/armv7-m\libc_nano.a(lib_a-memcpy-stub.o)
                              Drivers\modbus\functions\mbfuncother.o (memcpy)
c:/program files (x86)/atollic/truestudio for stm32 9.3.0/armtools/bin/../lib/gcc/arm-atollic-eabi/6.3.1/../../../../arm-atollic-eabi/lib/armv7-m\libc_nano.a(lib_a-memset.o)
                              Drivers\STM32F1xx_HAL_Driver\Src\stm32f1xx_hal_rcc.o (memset)
c:/program files (x86)/atollic/truestudio for stm32 9.3.0/armtools/bin/../lib/gcc/arm-atollic-eabi/6.3.1/../../../../arm-atollic-eabi/lib/armv7-m\libc_nano.a(lib_a-nano-vfprintf.o)
                              c:/program files (x86)/atollic/truestudio for stm32 9.3.0/armtools/bin/../lib/gcc/arm-atollic-eabi/6.3.1/../../../../arm-atollic-eabi/lib/armv7-m\libc_nano.a(lib_a-fprintf.o) (_vfprintf_r)
c:/program files (x86)/atollic/truestudio for stm32 9.3.0/armtools/bin/../lib/gcc/arm-atollic-eabi/6.3.1/../../../../arm-atollic-eabi/lib/armv7-m\libc_nano.a(lib_a-nano-vfprintf_i.o)
                              c:/program files (x86)/atollic/truestudio for stm32 9.3.0/armtools/bin/../lib/gcc/arm-atollic-eabi/6.3.1/../../../../arm-atollic-eabi/lib/armv7-m\libc_nano.a(lib_a-nano-vfprintf.o) (_printf_i)
c:/program files (x86)/atollic/truestudio for stm32 9.3.0/armtools/bin/../lib/gcc/arm-atollic-eabi/6.3.1/../../../../arm-atollic-eabi/lib/armv7-m\libc_nano.a(lib_a-wbuf.o)
                              c:/program files (x86)/atollic/truestudio for stm32 9.3.0/armtools/bin/../lib/gcc/arm-atollic-eabi/6.3.1/../../../../arm-atollic-eabi/lib/armv7-m\libc_nano.a(lib_a-nano-vfprintf.o) (__swbuf_r)
c:/program files (x86)/atollic/truestudio for stm32 9.3.0/armtools/bin/../lib/gcc/arm-atollic-eabi/6.3.1/../../../../arm-atollic-eabi/lib/armv7-m\libc_nano.a(lib_a-wsetup.o)
                              c:/program files (x86)/atollic/truestudio for stm32 9.3.0/armtools/bin/../lib/gcc/arm-atollic-eabi/6.3.1/../../../../arm-atollic-eabi/lib/armv7-m\libc_nano.a(lib_a-nano-vfprintf.o) (__swsetup_r)
c:/program files (x86)/atollic/truestudio for stm32 9.3.0/armtools/bin/../lib/gcc/arm-atollic-eabi/6.3.1/../../../../arm-atollic-eabi/lib/armv7-m\libc_nano.a(lib_a-abort.o)
                              c:/program files (x86)/atollic/truestudio for stm32 9.3.0/armtools/bin/../lib/gcc/arm-atollic-eabi/6.3.1/../../../../arm-atollic-eabi/lib/armv7-m\libc_nano.a(lib_a-assert.o) (abort)
c:/program files (x86)/atollic/truestudio for stm32 9.3.0/armtools/bin/../lib/gcc/arm-atollic-eabi/6.3.1/../../../../arm-atollic-eabi/lib/armv7-m\libc_nano.a(lib_a-fflush.o)
                              c:/program files (x86)/atollic/truestudio for stm32 9.3.0/armtools/bin/../lib/gcc/arm-atollic-eabi/6.3.1/../../../../arm-atollic-eabi/lib/armv7-m\libc_nano.a(lib_a-wbuf.o) (_fflush_r)
c:/program files (x86)/atollic/truestudio for stm32 9.3.0/armtools/bin/../lib/gcc/arm-atollic-eabi/6.3.1/../../../../arm-atollic-eabi/lib/armv7-m\libc_nano.a(lib_a-findfp.o)
                              c:/program files (x86)/atollic/truestudio for stm32 9.3.0/armtools/bin/../lib/gcc/arm-atollic-eabi/6.3.1/../../../../arm-atollic-eabi/lib/armv7-m\libc_nano.a(lib_a-nano-vfprintf.o) (__sinit)
c:/program files (x86)/atollic/truestudio for stm32 9.3.0/armtools/bin/../lib/gcc/arm-atollic-eabi/6.3.1/../../../../arm-atollic-eabi/lib/armv7-m\libc_nano.a(lib_a-fvwrite.o)
[...]
Memory Configuration

Name             Origin             Length             Attributes
RAM              0x20000000         0x00010000         xrw
FLASH            0x08000000         0x00020000         xr
*default*        0x00000000         0xffffffff

Linker script and memory map

LOAD c:/program files (x86)/atollic/truestudio for stm32 9.3.0/armtools/bin/../lib/gcc/arm-atollic-eabi/6.3.1/armv7-m/crti.o
LOAD c:/program files (x86)/atollic/truestudio for stm32 9.3.0/armtools/bin/../lib/gcc/arm-atollic-eabi/6.3.1/armv7-m/crtbegin.o
LOAD Drivers\STM32F1xx_HAL_Driver\Src\stm32f1xx_hal.o
LOAD Drivers\STM32F1xx_HAL_Driver\Src\stm32f1xx_hal_adc.o
LOAD Drivers\STM32F1xx_HAL_Driver\Src\stm32f1xx_hal_adc_ex.o
LOAD Drivers\STM32F1xx_HAL_Driver\Src\stm32f1xx_hal_cortex.o
LOAD Drivers\STM32F1xx_HAL_Driver\Src\stm32f1xx_hal_dma.o
LOAD Drivers\STM32F1xx_HAL_Driver\Src\stm32f1xx_hal_exti.o
LOAD Drivers\STM32F1xx_HAL_Driver\Src\stm32f1xx_hal_flash.o
LOAD Drivers\STM32F1xx_HAL_Driver\Src\stm32f1xx_hal_flash_ex.o
LOAD Drivers\STM32F1xx_HAL_Driver\Src\stm32f1xx_hal_gpio.o
LOAD Drivers\STM32F1xx_HAL_Driver\Src\stm32f1xx_hal_gpio_ex.o
LOAD Drivers\STM32F1xx_HAL_Driver\Src\stm32f1xx_hal_pwr.o
LOAD Drivers\STM32F1xx_HAL_Driver\Src\stm32f1xx_hal_rcc.o
LOAD Drivers\STM32F1xx_HAL_Driver\Src\stm32f1xx_hal_rcc_ex.o
LOAD Drivers\STM32F1xx_HAL_Driver\Src\stm32f1xx_hal_tim.o
LOAD Drivers\STM32F1xx_HAL_Driver\Src\stm32f1xx_hal_tim_ex.o
LOAD Drivers\STM32F1xx_HAL_Driver\Src\stm32f1xx_hal_uart.o
LOAD Drivers\modbus\ascii\mbascii.o
LOAD Drivers\modbus\functions\mbfunccoils.o
LOAD Drivers\modbus\functions\mbfuncdiag.o
LOAD Drivers\modbus\functions\mbfuncdisc.o
LOAD Drivers\modbus\functions\mbfuncholding.o
LOAD Drivers\modbus\functions\mbfuncinput.o
LOAD Drivers\modbus\functions\mbfuncother.o
LOAD Drivers\modbus\functions\mbutils.o
LOAD Drivers\modbus\mb.o
LOAD Drivers\modbus\port\portevent.o
LOAD Drivers\modbus\port\portserial.o
LOAD Drivers\modbus\port\porttimer.o
LOAD Drivers\modbus\rtu\mbcrc.o
LOAD Drivers\modbus\rtu\mbrtu.o
LOAD Drivers\modbus\tcp\mbtcp.o
LOAD Middlewares\Third_Party\FreeRTOS\Source\CMSIS_RTOS\cmsis_os.o
LOAD Middlewares\Third_Party\FreeRTOS\Source\croutine.o
LOAD Middlewares\Third_Party\FreeRTOS\Source\event_groups.o
LOAD Middlewares\Third_Party\FreeRTOS\Source\list.o
LOAD Middlewares\Third_Party\FreeRTOS\Source\portable\GCC\ARM_CM3\port.o
LOAD Middlewares\Third_Party\FreeRTOS\Source\portable\MemMang\heap_4.o
LOAD Middlewares\Third_Party\FreeRTOS\Source\queue.o
LOAD Middlewares\Third_Party\FreeRTOS\Source\stream_buffer.o
LOAD Middlewares\Third_Party\FreeRTOS\Source\tasks.o
LOAD Middlewares\Third_Party\FreeRTOS\Source\timers.o
LOAD Src\aligningTask.o
LOAD Src\analogFunctions.o
LOAD Src\controllerInit.o
LOAD Src\flashFunctions.o
LOAD Src\freertos.o
LOAD Src\globals.o
LOAD Src\main.o
LOAD Src\modbusPollTask.o
LOAD Src\scanBtnsTask.o
LOAD Src\stm32f1xx_hal_msp.o
LOAD Src\stm32f1xx_it.o
LOAD Src\structures.o
LOAD Src\syscalls.o
LOAD Src\system_stm32f1xx.o
LOAD Src\testingTask.o
LOAD Src\utils.o
LOAD startup\startup_stm32f105xc.o
                0x00000080                malloc_getpagesize_P = 0x80
START GROUP
LOAD c:/program files (x86)/atollic/truestudio for stm32 9.3.0/armtools/bin/../lib/gcc/arm-atollic-eabi/6.3.1/../../../../arm-atollic-eabi/lib/armv7-m\libc_nano.a
LOAD c:/program files (x86)/atollic/truestudio for stm32 9.3.0/armtools/bin/../lib/gcc/arm-atollic-eabi/6.3.1/../../../../arm-atollic-eabi/lib/armv7-m\libm.a
END GROUP
START GROUP
LOAD c:/program files (x86)/atollic/truestudio for stm32 9.3.0/armtools/bin/../lib/gcc/arm-atollic-eabi/6.3.1/armv7-m\libgcc.a
LOAD c:/program files (x86)/atollic/truestudio for stm32 9.3.0/armtools/bin/../lib/gcc/arm-atollic-eabi/6.3.1/../../../../arm-atollic-eabi/lib/armv7-m\libc_nano.a
END GROUP
START GROUP
LOAD c:/program files (x86)/atollic/truestudio for stm32 9.3.0/armtools/bin/../lib/gcc/arm-atollic-eabi/6.3.1/armv7-m\libgcc.a
LOAD c:/program files (x86)/atollic/truestudio for stm32 9.3.0/armtools/bin/../lib/gcc/arm-atollic-eabi/6.3.1/../../../../arm-atollic-eabi/lib/armv7-m\libc_nano.a
LOAD c:/program files (x86)/atollic/truestudio for stm32 9.3.0/armtools/bin/../lib/gcc/arm-atollic-eabi/6.3.1/../../../../arm-atollic-eabi/lib/armv7-m\libnosys.a
END GROUP
START GROUP
LOAD c:/program files (x86)/atollic/truestudio for stm32 9.3.0/armtools/bin/../lib/gcc/arm-atollic-eabi/6.3.1/armv7-m\libgcc.a
LOAD c:/program files (x86)/atollic/truestudio for stm32 9.3.0/armtools/bin/../lib/gcc/arm-atollic-eabi/6.3.1/../../../../arm-atollic-eabi/lib/armv7-m\libc_nano.a
LOAD c:/program files (x86)/atollic/truestudio for stm32 9.3.0/armtools/bin/../lib/gcc/arm-atollic-eabi/6.3.1/../../../../arm-atollic-eabi/lib/armv7-m\libnosys.a
END GROUP
LOAD c:/program files (x86)/atollic/truestudio for stm32 9.3.0/armtools/bin/../lib/gcc/arm-atollic-eabi/6.3.1/armv7-m/crtend.o
LOAD c:/program files (x86)/atollic/truestudio for stm32 9.3.0/armtools/bin/../lib/gcc/arm-atollic-eabi/6.3.1/armv7-m/crtn.o
                0x20010000                _estack = 0x20010000
                0x00000200                _Min_Heap_Size = 0x200
                0x00000400                _Min_Stack_Size = 0x400

.isr_vector     0x08000000      0x1e4
                0x08000000                . = ALIGN (0x4)
 *(.isr_vector)
 .isr_vector    0x08000000      0x1e4 startup\startup_stm32f105xc.o
                0x08000000                g_pfnVectors
                0x080001e4                . = ALIGN (0x4)

.text           0x080001f0     0x6e9c
                0x080001f0                . = ALIGN (0x4)
 *(.text)
 .text          0x080001f0       0x40 c:/program files (x86)/atollic/truestudio for stm32 9.3.0/armtools/bin/../lib/gcc/arm-atollic-eabi/6.3.1/armv7-m/crtbegin.o
 .text          0x08000230       0x18 c:/program files (x86)/atollic/truestudio for stm32 9.3.0/armtools/bin/../lib/gcc/arm-atollic-eabi/6.3.1/armv7-m\libgcc.a(_lshrdi3.o)
                0x08000230                __lshrdi3
                0x08000230                __aeabi_llsr
 .text          0x08000248      0x370 c:/program files (x86)/atollic/truestudio for stm32 9.3.0/armtools/bin/../lib/gcc/arm-atollic-eabi/6.3.1/armv7-m\libgcc.a(_arm_addsubdf3.o)
                0x08000248                __aeabi_drsub
                0x08000250                __aeabi_dsub
                0x08000250                __subdf3
                0x08000254                __aeabi_dadd
                0x08000254                __adddf3
                0x080004cc                __floatunsidf
                0x080004cc                __aeabi_ui2d
                0x080004ec                __floatsidf
                0x080004ec                __aeabi_i2d
                0x08000510                __aeabi_f2d
                0x08000510                __extendsfdf2
                0x0800054c                __floatundidf
                0x0800054c                __aeabi_ul2d
                0x0800055c                __floatdidf
                0x0800055c                __aeabi_l2d
 .text          0x080005b8      0x424 c:/program files (x86)/atollic/truestudio for stm32 9.3.0/armtools/bin/../lib/gcc/arm-atollic-eabi/6.3.1/armv7-m\libgcc.a(_arm_muldivdf3.o)
                0x080005b8                __aeabi_dmul
                0x080005b8                __muldf3
                0x0800080c                __divdf3
                0x0800080c                __aeabi_ddiv
 .text          0x080009dc       0x50 c:/program files (x86)/atollic/truestudio for stm32 9.3.0/armtools/bin/../lib/gcc/arm-atollic-eabi/6.3.1/armv7-m\libgcc.a(_arm_fixdfsi.o)
                0x080009dc                __aeabi_d2iz
                0x080009dc                __fixdfsi
 .text          0x08000a2c      0x21c c:/program files (x86)/atollic/truestudio for stm32 9.3.0/armtools/bin/../lib/gcc/arm-atollic-eabi/6.3.1/armv7-m\libgcc.a(_arm_addsubsf3.o)
                0x08000a2c                __aeabi_frsub
                0x08000a34                __subsf3
                0x08000a34                __aeabi_fsub
                0x08000a38                __aeabi_fadd
                0x08000a38                __addsf3
                0x08000b98                __aeabi_ui2f
                0x08000b98                __floatunsisf
                0x08000ba0                __aeabi_i2f
                0x08000ba0                __floatsisf
                0x08000bbc                __aeabi_ul2f
                0x08000bbc                __floatundisf
                0x08000bcc                __aeabi_l2f
                0x08000bcc                __floatdisf
 .text          0x08000c48      0x2a0 c:/program files (x86)/atollic/truestudio for stm32 9.3.0/armtools/bin/../lib/gcc/arm-atollic-eabi/6.3.1/armv7-m\libgcc.a(_arm_muldivsf3.o)
                0x08000c48                __mulsf3
                0x08000c48                __aeabi_fmul
                0x08000db0                __aeabi_fdiv
                0x08000db0                __divsf3
 .text          0x08000ee8       0xec c:/program files (x86)/atollic/truestudio for stm32 9.3.0/armtools/bin/../lib/gcc/arm-atollic-eabi/6.3.1/armv7-m\libgcc.a(_arm_cmpsf2.o)
                0x08000ee8                __gesf2
                0x08000ee8                __gtsf2
                0x08000ef0                __lesf2
                0x08000ef0                __ltsf2
                0x08000ef8                __nesf2
                0x08000ef8                __eqsf2
                0x08000ef8                __cmpsf2
                0x08000f58                __aeabi_cfrcmple
                0x08000f60                __aeabi_cfcmpeq
                0x08000f60                __aeabi_cfcmple
                0x08000f70                __aeabi_fcmpeq
                0x08000f84                __aeabi_fcmplt
                0x08000f98                __aeabi_fcmple
                0x08000fac                __aeabi_fcmpge
                0x08000fc0                __aeabi_fcmpgt
 .text          0x08000fd4       0x4c c:/program files (x86)/atollic/truestudio for stm32 9.3.0/armtools/bin/../lib/gcc/arm-atollic-eabi/6.3.1/armv7-m\libgcc.a(_arm_fixsfsi.o)
                0x08000fd4                __aeabi_f2iz
                0x08000fd4                __fixsfsi
 .text          0x08001020       0x40 c:/program files (x86)/atollic/truestudio for stm32 9.3.0/armtools/bin/../lib/gcc/arm-atollic-eabi/6.3.1/armv7-m\libgcc.a(_arm_fixunssfsi.o)
                0x08001020                __fixunssfsi
                0x08001020                __aeabi_f2uiz
 .text          0x08001060       0x30 c:/program files (x86)/atollic/truestudio for stm32 9.3.0/armtools/bin/../lib/gcc/arm-atollic-eabi/6.3.1/armv7-m\libgcc.a(_aeabi_uldivmod.o)
                0x08001060                __aeabi_uldivmod
 .text          0x08001090      0x2dc c:/program files (x86)/atollic/truestudio for stm32 9.3.0/armtools/bin/../lib/gcc/arm-atollic-eabi/6.3.1/armv7-m\libgcc.a(_udivmoddi4.o)
                0x08001090                __udivmoddi4
 .text          0x0800136c        0x4 c:/program files (x86)/atollic/truestudio for stm32 9.3.0/armtools/bin/../lib/gcc/arm-atollic-eabi/6.3.1/armv7-m\libgcc.a(_dvmd_tls.o)
                0x0800136c                __aeabi_idiv0
                0x0800136c                __aeabi_ldiv0
 *(.text*)
 .text.HAL_InitTick
                0x08001370       0x48 Drivers\STM32F1xx_HAL_Driver\Src\stm32f1xx_hal.o
                0x08001370                HAL_InitTick
 .text.HAL_Init
                0x080013b8       0x24 Drivers\STM32F1xx_HAL_Driver\Src\stm32f1xx_hal.o
                0x080013b8                HAL_Init
 .text.HAL_IncTick
                0x080013dc       0x18 Drivers\STM32F1xx_HAL_Driver\Src\stm32f1xx_hal.o
                0x080013dc                HAL_IncTick
 .text.HAL_GetTick
                0x080013f4        0xc Drivers\STM32F1xx_HAL_Driver\Src\stm32f1xx_hal.o
                0x080013f4                HAL_GetTick
 .text.HAL_ADC_GetValue
                0x08001400        0x6 Drivers\STM32F1xx_HAL_Driver\Src\stm32f1xx_hal_adc.o
                0x08001400                HAL_ADC_GetValue
 .text.HAL_ADC_LevelOutOfWindowCallback
                0x08001406        0x2 Drivers\STM32F1xx_HAL_Driver\Src\stm32f1xx_hal_adc.o
                0x08001406                HAL_ADC_LevelOutOfWindowCallback
 .text.HAL_ADC_IRQHandler
                0x08001408       0xec Drivers\STM32F1xx_HAL_Driver\Src\stm32f1xx_hal_adc.o
                0x08001408                HAL_ADC_IRQHandler
 .text.HAL_ADC_ConfigChannel
                0x080014f4      0x108 Drivers\STM32F1xx_HAL_Driver\Src\stm32f1xx_hal_adc.o
                0x080014f4                HAL_ADC_ConfigChannel
 .text.ADC_Enable
                0x080015fc       0x70 Drivers\STM32F1xx_HAL_Driver\Src\stm32f1xx_hal_adc.o
                0x080015fc                ADC_Enable
 .text.HAL_ADC_Start_IT
                0x0800166c       0xcc Drivers\STM32F1xx_HAL_Driver\Src\stm32f1xx_hal_adc.o
                0x0800166c                HAL_ADC_Start_IT
 .text.ADC_ConversionStop_Disable
                0x08001738       0x44 Drivers\STM32F1xx_HAL_Driver\Src\stm32f1xx_hal_adc.o
                0x08001738                ADC_ConversionStop_Disable
 .text.HAL_ADC_Init
                0x0800177c      0x100 Drivers\STM32F1xx_HAL_Driver\Src\stm32f1xx_hal_adc.o
                0x0800177c                HAL_ADC_Init
 .text.HAL_ADC_Stop_IT
                0x0800187c       0x3e Drivers\STM32F1xx_HAL_Driver\Src\stm32f1xx_hal_adc.o
                0x0800187c                HAL_ADC_Stop_IT
 .text.HAL_ADCEx_InjectedConvCpltCallback
                0x080018ba        0x2 Drivers\STM32F1xx_HAL_Driver\Src\stm32f1xx_hal_adc_ex.o
                0x080018ba                HAL_ADCEx_InjectedConvCpltCallback
 .text.HAL_NVIC_SetPriorityGrouping
                0x080018bc       0x24 Drivers\STM32F1xx_HAL_Driver\Src\stm32f1xx_hal_cortex.o
                0x080018bc                HAL_NVIC_SetPriorityGrouping
 .text.HAL_NVIC_SetPriority
                0x080018e0       0x68 Drivers\STM32F1xx_HAL_Driver\Src\stm32f1xx_hal_cortex.o
                0x080018e0                HAL_NVIC_SetPriority
 .text.HAL_NVIC_EnableIRQ
                0x08001948       0x1c Drivers\STM32F1xx_HAL_Driver\Src\stm32f1xx_hal_cortex.o
                0x08001948                HAL_NVIC_EnableIRQ
 .text.HAL_SYSTICK_Config
                0x08001964       0x2c Drivers\STM32F1xx_HAL_Driver\Src\stm32f1xx_hal_cortex.o
                0x08001964                HAL_SYSTICK_Config
 .text.HAL_DMA_Abort_IT
                0x08001990       0xdc Drivers\STM32F1xx_HAL_Driver\Src\stm32f1xx_hal_dma.o
                0x08001990                HAL_DMA_Abort_IT
 .text.FLASH_SetErrorCode
                0x08001a6c       0x50 Drivers\STM32F1xx_HAL_Driver\Src\stm32f1xx_hal_flash.o
 .text.HAL_FLASH_Unlock
                0x08001abc       0x24 Drivers\STM32F1xx_HAL_Driver\Src\stm32f1xx_hal_flash.o
                0x08001abc                HAL_FLASH_Unlock
 .text.HAL_FLASH_Lock
                0x08001ae0       0x14 Drivers\STM32F1xx_HAL_Driver\Src\stm32f1xx_hal_flash.o
                0x08001ae0                HAL_FLASH_Lock
 .text.FLASH_WaitForLastOperation
                0x08001af4       0x54 Drivers\STM32F1xx_HAL_Driver\Src\stm32f1xx_hal_flash.o
                0x08001af4                FLASH_WaitForLastOperation
 .text.HAL_FLASH_Program
                0x08001b48       0x8c Drivers\STM32F1xx_HAL_Driver\Src\stm32f1xx_hal_flash.o
                0x08001b48                HAL_FLASH_Program
 .text.FLASH_MassErase.isra.0
                0x08001bd4       0x24 Drivers\STM32F1xx_HAL_Driver\Src\stm32f1xx_hal_flash_ex.o
 .text.FLASH_PageErase
                0x08001bf8       0x24 Drivers\STM32F1xx_HAL_Driver\Src\stm32f1xx_hal_flash_ex.o
                0x08001bf8                FLASH_PageErase
 .text.HAL_FLASHEx_Erase
                0x08001c1c       0x9c Drivers\STM32F1xx_HAL_Driver\Src\stm32f1xx_hal_flash_ex.o
                0x08001c1c                HAL_FLASHEx_Erase
 .text.HAL_GPIO_Init
                0x08001cb8      0x1c4 Drivers\STM32F1xx_HAL_Driver\Src\stm32f1xx_hal_gpio.o
                0x08001cb8                HAL_GPIO_Init
 .text.HAL_GPIO_ReadPin
                0x08001e7c        0xc Drivers\STM32F1xx_HAL_Driver\Src\stm32f1xx_hal_gpio.o
                0x08001e7c                HAL_GPIO_ReadPin
 .text.HAL_GPIO_WritePin
                0x08001e88        0xa Drivers\STM32F1xx_HAL_Driver\Src\stm32f1xx_hal_gpio.o
                0x08001e88                HAL_GPIO_WritePin
 .text.HAL_GPIO_TogglePin
                0x08001e92        0xc Drivers\STM32F1xx_HAL_Driver\Src\stm32f1xx_hal_gpio.o
                0x08001e92                HAL_GPIO_TogglePin
 *fill*         0x08001e9e        0x2 
 .text.HAL_RCC_OscConfig
                0x08001ea0      0x400 Drivers\STM32F1xx_HAL_Driver\Src\stm32f1xx_hal_rcc.o
                0x08001ea0                HAL_RCC_OscConfig
 .text.HAL_RCC_GetSysClockFreq
                0x080022a0       0xc4 Drivers\STM32F1xx_HAL_Driver\Src\stm32f1xx_hal_rcc.o
                0x080022a0                HAL_RCC_GetSysClockFreq
 .text.HAL_RCC_ClockConfig
                0x08002364      0x13c Drivers\STM32F1xx_HAL_Driver\Src\stm32f1xx_hal_rcc.o
                0x08002364                HAL_RCC_ClockConfig
 .text.HAL_RCC_GetPCLK1Freq
                0x080024a0       0x20 Drivers\STM32F1xx_HAL_Driver\Src\stm32f1xx_hal_rcc.o
                0x080024a0                HAL_RCC_GetPCLK1Freq
 .text.HAL_RCC_GetPCLK2Freq
                0x080024c0       0x20 Drivers\STM32F1xx_HAL_Driver\Src\stm32f1xx_hal_rcc.o
                0x080024c0                HAL_RCC_GetPCLK2Freq
 .text.HAL_RCCEx_PeriphCLKConfig
                0x080024e0      0x17c Drivers\STM32F1xx_HAL_Driver\Src\stm32f1xx_hal_rcc_ex.o
                0x080024e0                HAL_RCCEx_PeriphCLKConfig
 .text.HAL_TIM_Base_Start_IT
                0x0800265c       0x20 Drivers\STM32F1xx_HAL_Driver\Src\stm32f1xx_hal_tim.o
                0x0800265c                HAL_TIM_Base_Start_IT
 .text.HAL_TIM_Base_Stop_IT
                0x0800267c       0x2a Drivers\STM32F1xx_HAL_Driver\Src\stm32f1xx_hal_tim.o
                0x0800267c                HAL_TIM_Base_Stop_IT
 .text.HAL_TIM_OC_DelayElapsedCallback
                0x080026a6        0x2 Drivers\STM32F1xx_HAL_Driver\Src\stm32f1xx_hal_tim.o
                0x080026a6                HAL_TIM_OC_DelayElapsedCallback
 .text.HAL_TIM_IC_CaptureCallback
                0x080026a8        0x2 Drivers\STM32F1xx_HAL_Driver\Src\stm32f1xx_hal_tim.o
                0x080026a8                HAL_TIM_IC_CaptureCallback
 .text.HAL_TIM_PWM_PulseFinishedCallback
                0x080026aa        0x2 Drivers\STM32F1xx_HAL_Driver\Src\stm32f1xx_hal_tim.o
                0x080026aa                HAL_TIM_PWM_PulseFinishedCallback
 .text.HAL_TIM_TriggerCallback
                0x080026ac        0x2 Drivers\STM32F1xx_HAL_Driver\Src\stm32f1xx_hal_tim.o
                0x080026ac                HAL_TIM_TriggerCallback
 .text.HAL_TIM_IRQHandler
                0x080026ae      0x144 Drivers\STM32F1xx_HAL_Driver\Src\stm32f1xx_hal_tim.o
                0x080026ae                HAL_TIM_IRQHandler
 *fill*         0x080027f2        0x2 
 .text.TIM_Base_SetConfig
                0x080027f4       0x80 Drivers\STM32F1xx_HAL_Driver\Src\stm32f1xx_hal_tim.o
                0x080027f4                TIM_Base_SetConfig
 .text.HAL_TIM_Base_Init
                0x08002874       0x34 Drivers\STM32F1xx_HAL_Driver\Src\stm32f1xx_hal_tim.o
                0x08002874                HAL_TIM_Base_Init
 .text.HAL_TIMEx_MasterConfigSynchronization
                0x080028a8       0x3c Drivers\STM32F1xx_HAL_Driver\Src\stm32f1xx_hal_tim_ex.o
                0x080028a8                HAL_TIMEx_MasterConfigSynchronization
 .text.HAL_TIMEx_CommutCallback
                0x080028e4        0x2 Drivers\STM32F1xx_HAL_Driver\Src\stm32f1xx_hal_tim_ex.o
                0x080028e4                HAL_TIMEx_CommutCallback
 .text.HAL_TIMEx_BreakCallback
                0x080028e6        0x2 Drivers\STM32F1xx_HAL_Driver\Src\stm32f1xx_hal_tim_ex.o
                0x080028e6                HAL_TIMEx_BreakCallback
 .text.UART_EndRxTransfer
                0x080028e8       0x1a Drivers\STM32F1xx_HAL_Driver\Src\stm32f1xx_hal_uart.o
 *fill*         0x08002902        0x2 
 .text.UART_SetConfig
                0x08002904       0x74 Drivers\STM32F1xx_HAL_Driver\Src\stm32f1xx_hal_uart.o
 .text.HAL_UART_Init
                0x08002978       0x5c Drivers\STM32F1xx_HAL_Driver\Src\stm32f1xx_hal_uart.o
                0x08002978                HAL_UART_Init
 .text.HAL_UART_TxCpltCallback
                0x080029d4        0x2 Drivers\STM32F1xx_HAL_Driver\Src\stm32f1xx_hal_uart.o
                0x080029d4                HAL_UART_TxCpltCallback
 .text.HAL_UART_RxCpltCallback
                0x080029d6        0x2 Drivers\STM32F1xx_HAL_Driver\Src\stm32f1xx_hal_uart.o
                0x080029d6                HAL_UART_RxCpltCallback
 .text.UART_Receive_IT
                0x080029d8       0x7c Drivers\STM32F1xx_HAL_Driver\Src\stm32f1xx_hal_uart.o
 .text.HAL_UART_ErrorCallback
                0x08002a54        0x2 Drivers\STM32F1xx_HAL_Driver\Src\stm32f1xx_hal_uart.o
                0x08002a54                HAL_UART_ErrorCallback
 *fill*         0x08002a56        0x2 
 .text.HAL_UART_IRQHandler
                0x08002a58      0x140 Drivers\STM32F1xx_HAL_Driver\Src\stm32f1xx_hal_uart.o
                0x08002a58                HAL_UART_IRQHandler
 .text.UART_DMAAbortOnError
                0x08002b98       0x10 Drivers\STM32F1xx_HAL_Driver\Src\stm32f1xx_hal_uart.o
 .text.eMBFuncReadCoils
                0x08002ba8       0x6c Drivers\modbus\functions\mbfunccoils.o
                0x08002ba8                eMBFuncReadCoils
 .text.eMBFuncWriteCoil
                0x08002c14       0x4a Drivers\modbus\functions\mbfunccoils.o
                0x08002c14                eMBFuncWriteCoil
 .text.eMBFuncWriteMultipleCoils
                0x08002c5e       0x58 Drivers\modbus\functions\mbfunccoils.o
                0x08002c5e                eMBFuncWriteMultipleCoils
 .text.eMBFuncReadDiscreteInputs
                0x08002cb6       0x6a Drivers\modbus\functions\mbfuncdisc.o
                0x08002cb6                eMBFuncReadDiscreteInputs
 .text.eMBFuncWriteHoldingRegister
                0x08002d20       0x2e Drivers\modbus\functions\mbfuncholding.o
                0x08002d20                eMBFuncWriteHoldingRegister
 .text.eMBFuncWriteMultipleHoldingRegister
                0x08002d4e       0x4a Drivers\modbus\functions\mbfuncholding.o
                0x08002d4e                eMBFuncWriteMultipleHoldingRegister
 .text.eMBFuncReadHoldingRegister
                0x08002d98       0x58 Drivers\modbus\functions\mbfuncholding.o
                0x08002d98                eMBFuncReadHoldingRegister
 .text.eMBFuncReadWriteMultipleHoldingRegister
                0x08002df0       0x9c Drivers\modbus\functions\mbfuncholding.o
                0x08002df0                eMBFuncReadWriteMultipleHoldingRegister
 .text.eMBFuncReadInputRegister
                0x08002e8c       0x58 Drivers\modbus\functions\mbfuncinput.o
                0x08002e8c                eMBFuncReadInputRegister
 .text.eMBFuncReportSlaveID
                0x08002ee4       0x24 Drivers\modbus\functions\mbfuncother.o
                0x08002ee4                eMBFuncReportSlaveID
 .text.xMBUtilSetBits
                0x08002f08       0x54 Drivers\modbus\functions\mbutils.o
                0x08002f08                xMBUtilSetBits
 .text.xMBUtilGetBits
                0x08002f5c       0x22 Drivers\modbus\functions\mbutils.o
                0x08002f5c                xMBUtilGetBits
 *fill*         0x08002f7e        0x2 
 .text.prveMBError2Exception
                0x08002f80       0x10 Drivers\modbus\functions\mbutils.o
                0x08002f80                prveMBError2Exception
 .text.eMBInit  0x08002f90       0xb0 Drivers\modbus\mb.o
                0x08002f90                eMBInit
 .text.eMBEnable
                0x08003040       0x24 Drivers\modbus\mb.o
                0x08003040                eMBEnable
 .text.eMBPoll  0x08003064       0xec Drivers\modbus\mb.o
                0x08003064                eMBPoll
 .text.xMBPortEventInit
                0x08003150       0x10 Drivers\modbus\port\portevent.o
                0x08003150                xMBPortEventInit
 .text.xMBPortEventPost
                0x08003160       0x18 Drivers\modbus\port\portevent.o
                0x08003160                xMBPortEventPost
 .text.xMBPortEventGet
                0x08003178       0x20 Drivers\modbus\port\portevent.o
                0x08003178                xMBPortEventGet
 .text.vMBPortSerialEnable
                0x08003198       0x54 Drivers\modbus\port\portserial.o
                0x08003198                vMBPortSerialEnable
 .text.xMBPortSerialInit
                0x080031ec        0x4 Drivers\modbus\port\portserial.o
                0x080031ec                xMBPortSerialInit
 .text.xMBPortSerialPutByte
                0x080031f0       0x10 Drivers\modbus\port\portserial.o
                0x080031f0                xMBPortSerialPutByte
 .text.xMBPortSerialGetByte
                0x08003200       0x1c Drivers\modbus\port\portserial.o
                0x08003200                xMBPortSerialGetByte
 .text.prvvUARTTxReadyISR
                0x0800321c        0xc Drivers\modbus\port\portserial.o
                0x0800321c                prvvUARTTxReadyISR
 .text.prvvUARTRxISR
                0x08003228        0xc Drivers\modbus\port\portserial.o
                0x08003228                prvvUARTRxISR
 .text.xMBPortTimersInit
                0x08003234        0xc Drivers\modbus\port\porttimer.o
                0x08003234                xMBPortTimersInit
 .text.vMBPortTimersEnable
                0x08003240       0x14 Drivers\modbus\port\porttimer.o
                0x08003240                vMBPortTimersEnable
 .text.vMBPortTimersDisable
                0x08003254        0xc Drivers\modbus\port\porttimer.o
                0x08003254                vMBPortTimersDisable
 .text.HAL_TIM_PeriodElapsedCallback
                0x08003260       0x34 Drivers\modbus\port\porttimer.o
                0x08003260                HAL_TIM_PeriodElapsedCallback
 .text.usMBCRC16
                0x08003294       0x2c Drivers\modbus\rtu\mbcrc.o
                0x08003294                usMBCRC16
 .text.eMBRTUInit
                0x080032c0       0x48 Drivers\modbus\rtu\mbrtu.o
                0x080032c0                eMBRTUInit
 .text.eMBRTUStart
                0x08003308       0x24 Drivers\modbus\rtu\mbrtu.o
                0x08003308                eMBRTUStart
 .text.eMBRTUStop
                0x0800332c       0x1a Drivers\modbus\rtu\mbrtu.o
                0x0800332c                eMBRTUStop
 *fill*         0x08003346        0x2 
 .text.eMBRTUReceive
                0x08003348       0x70 Drivers\modbus\rtu\mbrtu.o
                0x08003348                eMBRTUReceive
 .text.eMBRTUSend
                0x080033b8       0x88 Drivers\modbus\rtu\mbrtu.o
                0x080033b8                eMBRTUSend
 .text.xMBRTUReceiveFSM
                0x08003440       0x94 Drivers\modbus\rtu\mbrtu.o
                0x08003440                xMBRTUReceiveFSM
 .text.xMBRTUTransmitFSM
                0x080034d4       0x94 Drivers\modbus\rtu\mbrtu.o
                0x080034d4                xMBRTUTransmitFSM
 .text.xMBRTUTimerT35Expired
                0x08003568       0x64 Drivers\modbus\rtu\mbrtu.o
                0x08003568                xMBRTUTimerT35Expired
 .text.osKernelStart
                0x080035cc        0xa Middlewares\Third_Party\FreeRTOS\Source\CMSIS_RTOS\cmsis_os.o
                0x080035cc                osKernelStart
 .text.vListInitialise
                0x080035d6       0x16 Middlewares\Third_Party\FreeRTOS\Source\list.o
                0x080035d6                vListInitialise
 .text.vListInitialiseItem
                0x080035ec        0x6 Middlewares\Third_Party\FreeRTOS\Source\list.o
                0x080035ec                vListInitialiseItem
 .text.vListInsertEnd
                0x080035f2       0x18 Middlewares\Third_Party\FreeRTOS\Source\list.o
                0x080035f2                vListInsertEnd
 .text.vListInsert
                0x0800360a       0x2e Middlewares\Third_Party\FreeRTOS\Source\list.o
                0x0800360a                vListInsert
 .text.uxListRemove
                0x08003638       0x22 Middlewares\Third_Party\FreeRTOS\Source\list.o
                0x08003638                uxListRemove
 *fill*         0x0800365a        0x2 
 .text.prvTaskExitError
                0x0800365c       0x40 Middlewares\Third_Party\FreeRTOS\Source\portable\GCC\ARM_CM3\port.o
 .text.unlikely.prvPortStartFirstTask
                0x0800369c       0x20 Middlewares\Third_Party\FreeRTOS\Source\portable\GCC\ARM_CM3\port.o
 .text.pxPortInitialiseStack
                0x080036bc       0x24 Middlewares\Third_Party\FreeRTOS\Source\portable\GCC\ARM_CM3\port.o
                0x080036bc                pxPortInitialiseStack
 .text.SVC_Handler
                0x080036e0       0x24 Middlewares\Third_Party\FreeRTOS\Source\portable\GCC\ARM_CM3\port.o
                0x080036e0                SVC_Handler
 .text.vPortEnterCritical
                0x08003704       0x44 Middlewares\Third_Party\FreeRTOS\Source\portable\GCC\ARM_CM3\port.o
                0x08003704                vPortEnterCritical
 .text.vPortExitCritical
                0x08003748       0x28 Middlewares\Third_Party\FreeRTOS\Source\portable\GCC\ARM_CM3\port.o
                0x08003748                vPortExitCritical
 .text.PendSV_Handler
                0x08003770       0x44 Middlewares\Third_Party\FreeRTOS\Source\portable\GCC\ARM_CM3\port.o
                0x08003770                PendSV_Handler
 .text.xPortSysTickHandler
                0x080037b4       0x2c Middlewares\Third_Party\FreeRTOS\Source\portable\GCC\ARM_CM3\port.o
                0x080037b4                xPortSysTickHandler
 .text.vPortSetupTimerInterrupt
                0x080037e0       0x34 Middlewares\Third_Party\FreeRTOS\Source\portable\GCC\ARM_CM3\port.o
                0x080037e0                vPortSetupTimerInterrupt
 .text.xPortStartScheduler
                0x08003814       0xb4 Middlewares\Third_Party\FreeRTOS\Source\portable\GCC\ARM_CM3\port.o
                0x08003814                xPortStartScheduler
 .text.unlikely.prvInsertBlockIntoFreeList
                0x080038c8       0x48 Middlewares\Third_Party\FreeRTOS\Source\portable\MemMang\heap_4.o
 .text.pvPortMalloc
                0x08003910      0x11c Middlewares\Third_Party\FreeRTOS\Source\portable\MemMang\heap_4.o
                0x08003910                pvPortMalloc
 .text.vPortFree
                0x08003a2c       0x70 Middlewares\Third_Party\FreeRTOS\Source\portable\MemMang\heap_4.o
                0x08003a2c                vPortFree
 .text.prvIsQueueEmpty
                0x08003a9c       0x16 Middlewares\Third_Party\FreeRTOS\Source\queue.o
 .text.unlikely.prvCopyDataToQueue
                0x08003ab2       0x66 Middlewares\Third_Party\FreeRTOS\Source\queue.o
 .text.prvUnlockQueue
                0x08003b18       0x70 Middlewares\Third_Party\FreeRTOS\Source\queue.o
 .text.xQueueGenericReset
                0x08003b88       0x80 Middlewares\Third_Party\FreeRTOS\Source\queue.o
                0x08003b88                xQueueGenericReset
 .text.xQueueGenericCreate
                0x08003c08       0x48 Middlewares\Third_Party\FreeRTOS\Source\queue.o
                0x08003c08                xQueueGenericCreate
 .text.xQueueGenericSend
                0x08003c50      0x16c Middlewares\Third_Party\FreeRTOS\Source\queue.o
                0x08003c50                xQueueGenericSend
 .text.xQueueSemaphoreTake
                0x08003dbc      0x180 Middlewares\Third_Party\FreeRTOS\Source\queue.o
                0x08003dbc                xQueueSemaphoreTake
 .text.prvAddNewTaskToReadyList
                0x08003f3c       0xf8 Middlewares\Third_Party\FreeRTOS\Source\tasks.o
 .text.prvResetNextTaskUnblockTime
                0x08004034       0x24 Middlewares\Third_Party\FreeRTOS\Source\tasks.o
 .text.prvInitialiseNewTask.isra.2
                0x08004058       0x82 Middlewares\Third_Party\FreeRTOS\Source\tasks.o
 .text.prvDeleteTCB
                0x080040da       0x36 Middlewares\Third_Party\FreeRTOS\Source\tasks.o
 .text.prvIdleTask
                0x08004110       0x64 Middlewares\Third_Party\FreeRTOS\Source\tasks.o
 .text.prvAddCurrentTaskToDelayedList
                0x08004174       0x8c Middlewares\Third_Party\FreeRTOS\Source\tasks.o
 .text.xTaskCreateStatic
                0x08004200       0x6e Middlewares\Third_Party\FreeRTOS\Source\tasks.o
                0x08004200                xTaskCreateStatic
 .text.xTaskCreate
                0x0800426e       0x5a Middlewares\Third_Party\FreeRTOS\Source\tasks.o
                0x0800426e                xTaskCreate
 .text.vTaskDelete
                0x080042c8       0xd4 Middlewares\Third_Party\FreeRTOS\Source\tasks.o
                0x080042c8                vTaskDelete
 .text.vTaskStartScheduler
                0x0800439c       0x6c Middlewares\Third_Party\FreeRTOS\Source\tasks.o
                0x0800439c                vTaskStartScheduler
 .text.vTaskSuspendAll
                0x08004408       0x10 Middlewares\Third_Party\FreeRTOS\Source\tasks.o
                0x08004408                vTaskSuspendAll
 .text.xTaskGetTickCount
                0x08004418        0xc Middlewares\Third_Party\FreeRTOS\Source\tasks.o
                0x08004418                xTaskGetTickCount
 .text.xTaskIncrementTick
                0x08004424      0x124 Middlewares\Third_Party\FreeRTOS\Source\tasks.o
                0x08004424                xTaskIncrementTick
 .text.xTaskResumeAll
                0x08004548       0xf0 Middlewares\Third_Party\FreeRTOS\Source\tasks.o
                0x08004548                xTaskResumeAll
 .text.vTaskDelay
                0x08004638       0x48 Middlewares\Third_Party\FreeRTOS\Source\tasks.o
                0x08004638                vTaskDelay
 .text.vTaskSwitchContext
                0x08004680       0x74 Middlewares\Third_Party\FreeRTOS\Source\tasks.o
                0x08004680                vTaskSwitchContext
 .text.vTaskPlaceOnEventList
                0x080046f4       0x34 Middlewares\Third_Party\FreeRTOS\Source\tasks.o
                0x080046f4                vTaskPlaceOnEventList
 .text.xTaskRemoveFromEventList
                0x08004728       0x84 Middlewares\Third_Party\FreeRTOS\Source\tasks.o
                0x08004728                xTaskRemoveFromEventList
 .text.vTaskInternalSetTimeOutState
                0x080047ac       0x18 Middlewares\Third_Party\FreeRTOS\Source\tasks.o
                0x080047ac                vTaskInternalSetTimeOutState
 .text.xTaskCheckForTimeOut
                0x080047c4       0x78 Middlewares\Third_Party\FreeRTOS\Source\tasks.o
                0x080047c4                xTaskCheckForTimeOut
 .text.vTaskMissedYield
                0x0800483c        0xc Middlewares\Third_Party\FreeRTOS\Source\tasks.o
                0x0800483c                vTaskMissedYield
 .text.xTaskGetSchedulerState
                0x08004848       0x20 Middlewares\Third_Party\FreeRTOS\Source\tasks.o
                0x08004848                xTaskGetSchedulerState
 .text.xTaskPriorityInherit
                0x08004868       0xa8 Middlewares\Third_Party\FreeRTOS\Source\tasks.o
                0x08004868                xTaskPriorityInherit
 .text.xTaskPriorityDisinherit
                0x08004910       0xa0 Middlewares\Third_Party\FreeRTOS\Source\tasks.o
                0x08004910                xTaskPriorityDisinherit
 .text.vTaskPriorityDisinheritAfterTimeout
                0x080049b0       0xb0 Middlewares\Third_Party\FreeRTOS\Source\tasks.o
                0x080049b0                vTaskPriorityDisinheritAfterTimeout
 .text.pvTaskIncrementMutexHeldCount
                0x08004a60       0x18 Middlewares\Third_Party\FreeRTOS\Source\tasks.o
                0x08004a60                pvTaskIncrementMutexHeldCount
 .text.xAligningTask
                0x08004a78      0x1c8 Src\aligningTask.o
                0x08004a78                xAligningTask
 .text.scanAnalogInput
                0x08004c40      0x150 Src\analogFunctions.o
                0x08004c40                scanAnalogInput
 .text.get_modbus_address
                0x08004d90       0x7c Src\controllerInit.o
                0x08004d90                get_modbus_address
 .text.controller_init
                0x08004e0c       0xf8 Src\controllerInit.o
                0x08004e0c                controller_init
 .text.testing_led_blynk
                0x08004f04      0x144 Src\controllerInit.o
                0x08004f04                testing_led_blynk
 .text.aligning_led_blynk
                0x08005048       0xa8 Src\controllerInit.o
                0x08005048                aligning_led_blynk
 .text.step_error_led_blynk
                0x080050f0       0xd0 Src\controllerInit.o
                0x080050f0                step_error_led_blynk
 .text.idle_led_blynk
                0x080051c0      0x124 Src\controllerInit.o
                0x080051c0                idle_led_blynk
 .text.indicationTask
                0x080052e4       0xac Src\controllerInit.o
                0x080052e4                indicationTask
 .text.mWrite_flash
                0x08005390       0x48 Src\flashFunctions.o
                0x08005390                mWrite_flash
 .text.mRead_flash
                0x080053d8       0x20 Src\flashFunctions.o
                0x080053d8                mRead_flash
 .text.vApplicationGetIdleTaskMemory
                0x080053f8       0x18 Src\freertos.o
                0x080053f8                vApplicationGetIdleTaskMemory
 .text.SystemClock_Config
                0x08005410       0x78 Src\main.o
                0x08005410                SystemClock_Config
 .text.startup.main
                0x08005488      0x1dc Src\main.o
                0x08005488                main
 .text.HAL_ADC_ConvCpltCallback
                0x08005664       0x1c Src\main.o
                0x08005664                HAL_ADC_ConvCpltCallback
 .text.__critical_enter
                0x08005680        0x4 Src\main.o
                0x08005680                __critical_enter
 .text.__critical_exit
                0x08005684        0x4 Src\main.o
                0x08005684                __critical_exit
 .text.xModbusPollTask
                0x08005688       0x2c Src\modbusPollTask.o
                0x08005688                xModbusPollTask
 .text.eMBRegInputCB
                0x080056b4       0x48 Src\modbusPollTask.o
                0x080056b4                eMBRegInputCB
 .text.eMBRegHoldingCB
                0x080056fc      0x17c Src\modbusPollTask.o
                0x080056fc                eMBRegHoldingCB
 .text.eMBRegCoilsCB
                0x08005878       0x94 Src\modbusPollTask.o
                0x08005878                eMBRegCoilsCB
 .text.eMBRegDiscreteCB
                0x0800590c        0x4 Src\modbusPollTask.o
                0x0800590c                eMBRegDiscreteCB
 .text.scanBtnsTask
                0x08005910       0xfc Src\scanBtnsTask.o
                0x08005910                scanBtnsTask
 .text.HAL_MspInit
                0x08005a0c       0x50 Src\stm32f1xx_hal_msp.o
                0x08005a0c                HAL_MspInit
 .text.HAL_ADC_MspInit
                0x08005a5c       0x6c Src\stm32f1xx_hal_msp.o
                0x08005a5c                HAL_ADC_MspInit
 .text.HAL_TIM_Base_MspInit
                0x08005ac8       0x68 Src\stm32f1xx_hal_msp.o
                0x08005ac8                HAL_TIM_Base_MspInit
 .text.HAL_UART_MspInit
                0x08005b30       0x88 Src\stm32f1xx_hal_msp.o
                0x08005b30                HAL_UART_MspInit
 .text.draw_digit
                0x08005bb8       0xa4 Src\stm32f1xx_it.o
                0x08005bb8                draw_digit
 .text.NMI_Handler
                0x08005c5c        0x2 Src\stm32f1xx_it.o
                0x08005c5c                NMI_Handler
 .text.HardFault_Handler
                0x08005c5e        0x2 Src\stm32f1xx_it.o
                0x08005c5e                HardFault_Handler
 .text.MemManage_Handler
                0x08005c60        0x2 Src\stm32f1xx_it.o
                0x08005c60                MemManage_Handler
 .text.BusFault_Handler
                0x08005c62        0x2 Src\stm32f1xx_it.o
                0x08005c62                BusFault_Handler
 .text.UsageFault_Handler
                0x08005c64        0x2 Src\stm32f1xx_it.o
                0x08005c64                UsageFault_Handler
 .text.DebugMon_Handler
                0x08005c66        0x2 Src\stm32f1xx_it.o
                0x08005c66                DebugMon_Handler
 .text.SysTick_Handler
                0x08005c68       0x18 Src\stm32f1xx_it.o
                0x08005c68                SysTick_Handler
 .text.ADC1_2_IRQHandler
                0x08005c80        0xc Src\stm32f1xx_it.o
                0x08005c80                ADC1_2_IRQHandler
 .text.USART1_IRQHandler
                0x08005c8c       0x68 Src\stm32f1xx_it.o
                0x08005c8c                USART1_IRQHandler
 .text.TIM6_IRQHandler
                0x08005cf4       0x74 Src\stm32f1xx_it.o
                0x08005cf4                TIM6_IRQHandler
 .text.TIM7_IRQHandler
                0x08005d68        0xc Src\stm32f1xx_it.o
                0x08005d68                TIM7_IRQHandler
 .text._getpid  0x08005d74        0x4 Src\syscalls.o
                0x08005d74                _getpid
 .text._kill    0x08005d78       0x10 Src\syscalls.o
                0x08005d78                _kill
 .text._exit    0x08005d88        0xc Src\syscalls.o
                0x08005d88                _exit
 .text._read    0x08005d94       0x1c Src\syscalls.o
                0x08005d94                _read
 .text._write   0x08005db0       0x1c Src\syscalls.o
                0x08005db0                _write
 .text._sbrk    0x08005dcc       0x34 Src\syscalls.o
                0x08005dcc                _sbrk
 .text._close   0x08005e00        0x6 Src\syscalls.o
                0x08005e00                _close
 .text._fstat   0x08005e06        0xa Src\syscalls.o
                0x08005e06                _fstat
 .text._isatty  0x08005e10        0x4 Src\syscalls.o
                0x08005e10                _isatty
 .text._lseek   0x08005e14        0x4 Src\syscalls.o
                0x08005e14                _lseek
 .text.SystemInit
                0x08005e18       0x58 Src\system_stm32f1xx.o
                0x08005e18                SystemInit
 .text.xTestingTask
                0x08005e70       0xcc Src\testingTask.o
                0x08005e70                xTestingTask
 .text.all_led_off
                0x08005f3c       0x7c Src\utils.o
                0x08005f3c                all_led_off
 .text.adc_to_bar
                0x08005fb8       0x50 Src\utils.o
                0x08005fb8                adc_to_bar
 .text.bar_to_adc
                0x08006008       0x40 Src\utils.o
                0x08006008                bar_to_adc
 .text.bar_to_adc_diff
                0x08006048       0x34 Src\utils.o
                0x08006048                bar_to_adc_diff
 .text.calculate_test_params
                0x0800607c       0xac Src\utils.o
                0x0800607c                calculate_test_params
 .text.Reset_Handler
                0x08006128       0x44 startup\startup_stm32f105xc.o
                0x08006128                Reset_Handler
 .text.Default_Handler
                0x0800616c        0x2 startup\startup_stm32f105xc.o
                0x0800616c                RTC_Alarm_IRQHandler
                0x0800616c                EXTI2_IRQHandler
                0x0800616c                TIM1_CC_IRQHandler
                0x0800616c                PVD_IRQHandler
                0x0800616c                CAN2_RX1_IRQHandler
                0x0800616c                EXTI3_IRQHandler
                0x0800616c                EXTI0_IRQHandler
                0x0800616c                I2C2_EV_IRQHandler
                0x0800616c                CAN1_RX0_IRQHandler
                0x0800616c                CAN2_SCE_IRQHandler
                0x0800616c                SPI1_IRQHandler
                0x0800616c                TAMPER_IRQHandler
                0x0800616c                CAN2_RX0_IRQHandler
                0x0800616c                DMA2_Channel2_IRQHandler
                0x0800616c                DMA1_Channel4_IRQHandler
                0x0800616c                USART3_IRQHandler
                0x0800616c                RTC_IRQHandler
                0x0800616c                DMA1_Channel7_IRQHandler
                0x0800616c                CAN1_RX1_IRQHandler
                0x0800616c                UART5_IRQHandler
                0x0800616c                TIM4_IRQHandler
                0x0800616c                DMA2_Channel1_IRQHandler
                0x0800616c                I2C1_EV_IRQHandler
                0x0800616c                DMA1_Channel6_IRQHandler
                0x0800616c                UART4_IRQHandler
                0x0800616c                DMA2_Channel4_IRQHandler
                0x0800616c                TIM3_IRQHandler
                0x0800616c                RCC_IRQHandler
                0x0800616c                TIM1_TRG_COM_IRQHandler
                0x0800616c                DMA1_Channel1_IRQHandler
                0x0800616c                Default_Handler
                0x0800616c                EXTI15_10_IRQHandler
                0x0800616c                CAN2_TX_IRQHandler
                0x0800616c                TIM5_IRQHandler
                0x0800616c                EXTI9_5_IRQHandler
                0x0800616c                SPI2_IRQHandler
                0x0800616c                CAN1_TX_IRQHandler
                0x0800616c                DMA2_Channel5_IRQHandler
                0x0800616c                DMA1_Channel5_IRQHandler
                0x0800616c                EXTI4_IRQHandler
                0x0800616c                DMA1_Channel3_IRQHandler
                0x0800616c                TIM1_UP_IRQHandler
                0x0800616c                WWDG_IRQHandler
                0x0800616c                TIM2_IRQHandler
                0x0800616c                OTG_FS_WKUP_IRQHandler
                0x0800616c                TIM1_BRK_IRQHandler
                0x0800616c                EXTI1_IRQHandler
                0x0800616c                USART2_IRQHandler
                0x0800616c                I2C2_ER_IRQHandler
                0x0800616c                DMA1_Channel2_IRQHandler
                0x0800616c                CAN1_SCE_IRQHandler
                0x0800616c                FLASH_IRQHandler
                0x0800616c                OTG_FS_IRQHandler
                0x0800616c                SPI3_IRQHandler
                0x0800616c                I2C1_ER_IRQHandler
                0x0800616c                DMA2_Channel3_IRQHandler
 *fill*         0x0800616e        0x2 
 .text.__assert_func
                0x08006170       0x3c c:/program files (x86)/atollic/truestudio for stm32 9.3.0/armtools/bin/../lib/gcc/arm-atollic-eabi/6.3.1/../../../../arm-atollic-eabi/lib/armv7-m\libc_nano.a(lib_a-assert.o)
                0x08006170                __assert_func
 .text.__errno  0x080061ac        0xc c:/program files (x86)/atollic/truestudio for stm32 9.3.0/armtools/bin/../lib/gcc/arm-atollic-eabi/6.3.1/../../../../arm-atollic-eabi/lib/armv7-m\libc_nano.a(lib_a-errno.o)
                0x080061ac                __errno
 .text.fprintf  0x080061b8       0x24 c:/program files (x86)/atollic/truestudio for stm32 9.3.0/armtools/bin/../lib/gcc/arm-atollic-eabi/6.3.1/../../../../arm-atollic-eabi/lib/armv7-m\libc_nano.a(lib_a-fprintf.o)
                0x080061b8                fiprintf
                0x080061b8                fprintf
 .text.memcpy   0x080061dc       0x16 c:/program files (x86)/atollic/truestudio for stm32 9.3.0/armtools/bin/../lib/gcc/arm-atollic-eabi/6.3.1/../../../../arm-atollic-eabi/lib/armv7-m\libc_nano.a(lib_a-memcpy-stub.o)
                0x080061dc                memcpy
 .text.memset   0x080061f2       0x10 c:/program files (x86)/atollic/truestudio for stm32 9.3.0/armtools/bin/../lib/gcc/arm-atollic-eabi/6.3.1/../../../../arm-atollic-eabi/lib/armv7-m\libc_nano.a(lib_a-memset.o)
                0x080061f2                memset
 .text.__sfputc_r
                0x08006202       0x2c c:/program files (x86)/atollic/truestudio for stm32 9.3.0/armtools/bin/../lib/gcc/arm-atollic-eabi/6.3.1/../../../../arm-atollic-eabi/lib/armv7-m\libc_nano.a(lib_a-nano-vfprintf.o)
 .text.__sfputs_r
                0x0800622e       0x24 c:/program files (x86)/atollic/truestudio for stm32 9.3.0/armtools/bin/../lib/gcc/arm-atollic-eabi/6.3.1/../../../../arm-atollic-eabi/lib/armv7-m\libc_nano.a(lib_a-nano-vfprintf.o)
                0x0800622e                __sfputs_r
 *fill*         0x08006252        0x2 
 .text._vfprintf_r
                0x08006254      0x22c c:/program files (x86)/atollic/truestudio for stm32 9.3.0/armtools/bin/../lib/gcc/arm-atollic-eabi/6.3.1/../../../../arm-atollic-eabi/lib/armv7-m\libc_nano.a(lib_a-nano-vfprintf.o)
                0x08006254                _vfprintf_r
                0x08006254                _vfiprintf_r
 .text._printf_common
                0x08006480       0xee c:/program files (x86)/atollic/truestudio for stm32 9.3.0/armtools/bin/../lib/gcc/arm-atollic-eabi/6.3.1/../../../../arm-atollic-eabi/lib/armv7-m\libc_nano.a(lib_a-nano-vfprintf_i.o)
                0x08006480                _printf_common
 *fill*         0x0800656e        0x2 
 .text._printf_i
                0x08006570      0x240 c:/program files (x86)/atollic/truestudio for stm32 9.3.0/armtools/bin/../lib/gcc/arm-atollic-eabi/6.3.1/../../../../arm-atollic-eabi/lib/armv7-m\libc_nano.a(lib_a-nano-vfprintf_i.o)
                0x08006570                _printf_i
 .text.__swbuf_r
                0x080067b0       0xa4 c:/program files (x86)/atollic/truestudio for stm32 9.3.0/armtools/bin/../lib/gcc/arm-atollic-eabi/6.3.1/../../../../arm-atollic-eabi/lib/armv7-m\libc_nano.a(lib_a-wbuf.o)
                0x080067b0                __swbuf_r
 .text.__swsetup_r
                0x08006854       0xdc c:/program files (x86)/atollic/truestudio for stm32 9.3.0/armtools/bin/../lib/gcc/arm-atollic-eabi/6.3.1/../../../../arm-atollic-eabi/lib/armv7-m\libc_nano.a(lib_a-wsetup.o)
                0x08006854                __swsetup_r
 .text.abort    0x08006930        0xe c:/program files (x86)/atollic/truestudio for stm32 9.3.0/armtools/bin/../lib/gcc/arm-atollic-eabi/6.3.1/../../../../arm-atollic-eabi/lib/armv7-m\libc_nano.a(lib_a-abort.o)
                0x08006930                abort
 *fill*         0x0800693e        0x2 
 .text.__sflush_r
                0x08006940      0x110 c:/program files (x86)/atollic/truestudio for stm32 9.3.0/armtools/bin/../lib/gcc/arm-atollic-eabi/6.3.1/../../../../arm-atollic-eabi/lib/armv7-m\libc_nano.a(lib_a-fflush.o)
                0x08006940                __sflush_r
 .text._fflush_r
                0x08006a50       0x54 c:/program files (x86)/atollic/truestudio for stm32 9.3.0/armtools/bin/../lib/gcc/arm-atollic-eabi/6.3.1/../../../../arm-atollic-eabi/lib/armv7-m\libc_nano.a(lib_a-fflush.o)
                0x08006a50                _fflush_r
 .text._cleanup_r
                0x08006aa4        0xc c:/program files (x86)/atollic/truestudio for stm32 9.3.0/armtools/bin/../lib/gcc/arm-atollic-eabi/6.3.1/../../../../arm-atollic-eabi/lib/armv7-m\libc_nano.a(lib_a-findfp.o)
                0x08006aa4                _cleanup_r
 .text.std.isra.0
                0x08006ab0       0x48 c:/program files (x86)/atollic/truestudio for stm32 9.3.0/armtools/bin/../lib/gcc/arm-atollic-eabi/6.3.1/../../../../arm-atollic-eabi/lib/armv7-m\libc_nano.a(lib_a-findfp.o)
 .text.__sfmoreglue
                0x08006af8       0x2c c:/program files (x86)/atollic/truestudio for stm32 9.3.0/armtools/bin/../lib/gcc/arm-atollic-eabi/6.3.1/../../../../arm-atollic-eabi/lib/armv7-m\libc_nano.a(lib_a-findfp.o)
                0x08006af8                __sfmoreglue
 .text.__sinit  0x08006b24       0x60 c:/program files (x86)/atollic/truestudio for stm32 9.3.0/armtools/bin/../lib/gcc/arm-atollic-eabi/6.3.1/../../../../arm-atollic-eabi/lib/armv7-m\libc_nano.a(lib_a-findfp.o)
                0x08006b24                __sinit
 .text.__sfp    0x08006b84       0x78 c:/program files (x86)/atollic/truestudio for stm32 9.3.0/armtools/bin/../lib/gcc/arm-atollic-eabi/6.3.1/../../../../arm-atollic-eabi/lib/armv7-m\libc_nano.a(lib_a-findfp.o)
                0x08006b84                __sfp
 .text._fwalk_reent
                0x08006bfc       0x3c c:/program files (x86)/atollic/truestudio for stm32 9.3.0/armtools/bin/../lib/gcc/arm-atollic-eabi/6.3.1/../../../../arm-atollic-eabi/lib/armv7-m\libc_nano.a(lib_a-fwalk.o)
                0x08006bfc                _fwalk_reent
 .text.__swhatbuf_r
                0x08006c38       0x48 c:/program files (x86)/atollic/truestudio for stm32 9.3.0/armtools/bin/../lib/gcc/arm-atollic-eabi/6.3.1/../../../../arm-atollic-eabi/lib/armv7-m\libc_nano.a(lib_a-makebuf.o)
                0x08006c38                __swhatbuf_r
 .text.__smakebuf_r
                0x08006c80       0x80 c:/program files (x86)/atollic/truestudio for stm32 9.3.0/armtools/bin/../lib/gcc/arm-atollic-eabi/6.3.1/../../../../arm-atollic-eabi/lib/armv7-m\libc_nano.a(lib_a-makebuf.o)
                0x08006c80                __smakebuf_r
 .text.memchr   0x08006d00       0x1c c:/program files (x86)/atollic/truestudio for stm32 9.3.0/armtools/bin/../lib/gcc/arm-atollic-eabi/6.3.1/../../../../arm-atollic-eabi/lib/armv7-m\libc_nano.a(lib_a-memchr-stub.o)
                0x08006d00                memchr
 .text._free_r  0x08006d1c       0x98 c:/program files (x86)/atollic/truestudio for stm32 9.3.0/armtools/bin/../lib/gcc/arm-atollic-eabi/6.3.1/../../../../arm-atollic-eabi/lib/armv7-m\libc_nano.a(lib_a-nano-freer.o)
                0x08006d1c                _free_r
 .text._malloc_r
                0x08006db4       0xbc c:/program files (x86)/atollic/truestudio for stm32 9.3.0/armtools/bin/../lib/gcc/arm-atollic-eabi/6.3.1/../../../../arm-atollic-eabi/lib/armv7-m\libc_nano.a(lib_a-nano-mallocr.o)
                0x08006db4                _malloc_r
 .text._sbrk_r  0x08006e70       0x20 c:/program files (x86)/atollic/truestudio for stm32 9.3.0/armtools/bin/../lib/gcc/arm-atollic-eabi/6.3.1/../../../../arm-atollic-eabi/lib/armv7-m\libc_nano.a(lib_a-sbrkr.o)
                0x08006e70                _sbrk_r
 .text._raise_r
                0x08006e90       0x50 c:/program files (x86)/atollic/truestudio for stm32 9.3.0/armtools/bin/../lib/gcc/arm-atollic-eabi/6.3.1/../../../../arm-atollic-eabi/lib/armv7-m\libc_nano.a(lib_a-signal.o)
                0x08006e90                _raise_r
 .text.raise    0x08006ee0       0x10 c:/program files (x86)/atollic/truestudio for stm32 9.3.0/armtools/bin/../lib/gcc/arm-atollic-eabi/6.3.1/../../../../arm-atollic-eabi/lib/armv7-m\libc_nano.a(lib_a-signal.o)
                0x08006ee0                raise
 .text._kill_r  0x08006ef0       0x24 c:/program files (x86)/atollic/truestudio for stm32 9.3.0/armtools/bin/../lib/gcc/arm-atollic-eabi/6.3.1/../../../../arm-atollic-eabi/lib/armv7-m\libc_nano.a(lib_a-signalr.o)
                0x08006ef0                _kill_r
 .text._getpid_r
                0x08006f14        0x4 c:/program files (x86)/atollic/truestudio for stm32 9.3.0/armtools/bin/../lib/gcc/arm-atollic-eabi/6.3.1/../../../../arm-atollic-eabi/lib/armv7-m\libc_nano.a(lib_a-signalr.o)
                0x08006f14                _getpid_r
 .text.__sread  0x08006f18       0x22 c:/program files (x86)/atollic/truestudio for stm32 9.3.0/armtools/bin/../lib/gcc/arm-atollic-eabi/6.3.1/../../../../arm-atollic-eabi/lib/armv7-m\libc_nano.a(lib_a-stdio.o)
                0x08006f18                __sread
 .text.__swrite
                0x08006f3a       0x38 c:/program files (x86)/atollic/truestudio for stm32 9.3.0/armtools/bin/../lib/gcc/arm-atollic-eabi/6.3.1/../../../../arm-atollic-eabi/lib/armv7-m\libc_nano.a(lib_a-stdio.o)
                0x08006f3a                __swrite
 .text.__sseek  0x08006f72       0x24 c:/program files (x86)/atollic/truestudio for stm32 9.3.0/armtools/bin/../lib/gcc/arm-atollic-eabi/6.3.1/../../../../arm-atollic-eabi/lib/armv7-m\libc_nano.a(lib_a-stdio.o)
                0x08006f72                __sseek
 .text.__sclose
                0x08006f96        0x8 c:/program files (x86)/atollic/truestudio for stm32 9.3.0/armtools/bin/../lib/gcc/arm-atollic-eabi/6.3.1/../../../../arm-atollic-eabi/lib/armv7-m\libc_nano.a(lib_a-stdio.o)
                0x08006f96                __sclose
 *fill*         0x08006f9e        0x2 
 .text._write_r
                0x08006fa0       0x24 c:/program files (x86)/atollic/truestudio for stm32 9.3.0/armtools/bin/../lib/gcc/arm-atollic-eabi/6.3.1/../../../../arm-atollic-eabi/lib/armv7-m\libc_nano.a(lib_a-writer.o)
                0x08006fa0                _write_r
 .text._close_r
                0x08006fc4       0x20 c:/program files (x86)/atollic/truestudio for stm32 9.3.0/armtools/bin/../lib/gcc/arm-atollic-eabi/6.3.1/../../../../arm-atollic-eabi/lib/armv7-m\libc_nano.a(lib_a-closer.o)
                0x08006fc4                _close_r
 .text._fstat_r
                0x08006fe4       0x24 c:/program files (x86)/atollic/truestudio for stm32 9.3.0/armtools/bin/../lib/gcc/arm-atollic-eabi/6.3.1/../../../../arm-atollic-eabi/lib/armv7-m\libc_nano.a(lib_a-fstatr.o)
                0x08006fe4                _fstat_r
 .text._isatty_r
                0x08007008       0x20 c:/program files (x86)/atollic/truestudio for stm32 9.3.0/armtools/bin/../lib/gcc/arm-atollic-eabi/6.3.1/../../../../arm-atollic-eabi/lib/armv7-m\libc_nano.a(lib_a-isattyr.o)
                0x08007008                _isatty_r
 .text._lseek_r
                0x08007028       0x24 c:/program files (x86)/atollic/truestudio for stm32 9.3.0/armtools/bin/../lib/gcc/arm-atollic-eabi/6.3.1/../../../../arm-atollic-eabi/lib/armv7-m\libc_nano.a(lib_a-lseekr.o)
                0x08007028                _lseek_r
 .text.__malloc_lock
                0x0800704c        0x2 c:/program files (x86)/atollic/truestudio for stm32 9.3.0/armtools/bin/../lib/gcc/arm-atollic-eabi/6.3.1/../../../../arm-atollic-eabi/lib/armv7-m\libc_nano.a(lib_a-mlock.o)
                0x0800704c                __malloc_lock
 .text.__malloc_unlock
                0x0800704e        0x2 c:/program files (x86)/atollic/truestudio for stm32 9.3.0/armtools/bin/../lib/gcc/arm-atollic-eabi/6.3.1/../../../../arm-atollic-eabi/lib/armv7-m\libc_nano.a(lib_a-mlock.o)
                0x0800704e                __malloc_unlock
 .text._read_r  0x08007050       0x24 c:/program files (x86)/atollic/truestudio for stm32 9.3.0/armtools/bin/../lib/gcc/arm-atollic-eabi/6.3.1/../../../../arm-atollic-eabi/lib/armv7-m\libc_nano.a(lib_a-readr.o)
                0x08007050                _read_r
 *(.glue_7)
 .glue_7        0x08007074        0x0 linker stubs
 *(.glue_7t)
 .glue_7t       0x08007074        0x0 linker stubs
 *(.eh_frame)
 .eh_frame      0x08007074        0x0 c:/program files (x86)/atollic/truestudio for stm32 9.3.0/armtools/bin/../lib/gcc/arm-atollic-eabi/6.3.1/armv7-m/crtbegin.o
 *(.init)
 .init          0x08007074        0x4 c:/program files (x86)/atollic/truestudio for stm32 9.3.0/armtools/bin/../lib/gcc/arm-atollic-eabi/6.3.1/armv7-m/crti.o
                0x08007074                _init
 .init          0x08007078        0x8 c:/program files (x86)/atollic/truestudio for stm32 9.3.0/armtools/bin/../lib/gcc/arm-atollic-eabi/6.3.1/armv7-m/crtn.o
 *(.fini)
 .fini          0x08007080        0x4 c:/program files (x86)/atollic/truestudio for stm32 9.3.0/armtools/bin/../lib/gcc/arm-atollic-eabi/6.3.1/armv7-m/crti.o
                0x08007080                _fini
 .fini          0x08007084        0x8 c:/program files (x86)/atollic/truestudio for stm32 9.3.0/armtools/bin/../lib/gcc/arm-atollic-eabi/6.3.1/armv7-m/crtn.o
                0x0800708c                . = ALIGN (0x4)
                0x0800708c                _etext = .

.vfp11_veneer   0x0800708c        0x0
 .vfp11_veneer  0x0800708c        0x0 linker stubs

.v4_bx          0x0800708c        0x0
 .v4_bx         0x0800708c        0x0 linker stubs

.iplt           0x0800708c        0x0
 .iplt          0x0800708c        0x0 c:/program files (x86)/atollic/truestudio for stm32 9.3.0/armtools/bin/../lib/gcc/arm-atollic-eabi/6.3.1/armv7-m/crtbegin.o

.rodata         0x0800708c      0x4a4
                0x0800708c                . = ALIGN (0x4)
 *(.rodata)
 .rodata        0x0800708c       0x1e Drivers\STM32F1xx_HAL_Driver\Src\stm32f1xx_hal_rcc.o
 *(.rodata*)
 .rodata.CSWTCH.7
                0x080070aa        0x8 Drivers\modbus\functions\mbutils.o
 .rodata.__func__.5145
                0x080070b2        0xf Drivers\modbus\functions\mbutils.o
 .rodata.xMBUtilSetBits.str1.1
                0x080070c1       0x33 Drivers\modbus\functions\mbutils.o
 .rodata.aucCRCHi
                0x080070f4      0x100 Drivers\modbus\rtu\mbcrc.o
 .rodata.aucCRCLo
                0x080071f4      0x100 Drivers\modbus\rtu\mbcrc.o
 .rodata.__func__.5214
                0x080072f4        0xe Drivers\modbus\rtu\mbrtu.o
 .rodata.__func__.5227
                0x08007302       0x11 Drivers\modbus\rtu\mbrtu.o
 .rodata.__func__.5237
                0x08007313       0x12 Drivers\modbus\rtu\mbrtu.o
 .rodata.__func__.5250
                0x08007325       0x16 Drivers\modbus\rtu\mbrtu.o
 .rodata.eMBRTUReceive.str1.1
                0x0800733b       0x43 Drivers\modbus\rtu\mbrtu.o
 .rodata.xMBRTUReceiveFSM.str1.1
                0x0800737e       0x1b Drivers\modbus\rtu\mbrtu.o
 .rodata.xMBRTUTimerT35Expired.str1.1
                0x08007399       0x63 Drivers\modbus\rtu\mbrtu.o
 .rodata.xMBRTUTransmitFSM.str1.1
                0x080073fc       0x1b Drivers\modbus\rtu\mbrtu.o
 .rodata.vTaskStartScheduler.str1.1
                0x08007417       0x1b Middlewares\Third_Party\FreeRTOS\Source\tasks.o
                                  0x5 (size before relaxing)
 .rodata.xAligningTask.str1.1
                0x08007417        0x8 Src\aligningTask.o
 .rodata.controller_init.str1.1
                0x0800741f       0x19 Src\controllerInit.o
 .rodata.scanBtnsTask.str1.1
                0x08007438        0x9 Src\scanBtnsTask.o
 .rodata.AHBPrescTable
                0x08007441       0x10 Src\system_stm32f1xx.o
                0x08007441                AHBPrescTable
 .rodata.APBPrescTable
                0x08007451        0x8 Src\system_stm32f1xx.o
                0x08007451                APBPrescTable
 .rodata.xTestingTask.str1.1
                0x08007459        0x9 Src\testingTask.o
 .rodata.__assert_func.str1.1
                0x08007459       0x3c c:/program files (x86)/atollic/truestudio for stm32 9.3.0/armtools/bin/../lib/gcc/arm-atollic-eabi/6.3.1/../../../../arm-atollic-eabi/lib/armv7-m\libc_nano.a(lib_a-assert.o)
                                 0x3d (size before relaxing)
 *fill*         0x08007495        0x3 
 .rodata._global_impure_ptr
                0x08007498        0x4 c:/program files (x86)/atollic/truestudio for stm32 9.3.0/armtools/bin/../lib/gcc/arm-atollic-eabi/6.3.1/../../../../arm-atollic-eabi/lib/armv7-m\libc_nano.a(lib_a-impure.o)
                0x08007498                _global_impure_ptr
 .rodata._vfprintf_r.str1.1
                0x0800749c       0x11 c:/program files (x86)/atollic/truestudio for stm32 9.3.0/armtools/bin/../lib/gcc/arm-atollic-eabi/6.3.1/../../../../arm-atollic-eabi/lib/armv7-m\libc_nano.a(lib_a-nano-vfprintf.o)
 .rodata._printf_i.str1.1
                0x080074ad       0x22 c:/program files (x86)/atollic/truestudio for stm32 9.3.0/armtools/bin/../lib/gcc/arm-atollic-eabi/6.3.1/../../../../arm-atollic-eabi/lib/armv7-m\libc_nano.a(lib_a-nano-vfprintf_i.o)
 *fill*         0x080074cf        0x1 
 .rodata.__sf_fake_stderr
                0x080074d0       0x20 c:/program files (x86)/atollic/truestudio for stm32 9.3.0/armtools/bin/../lib/gcc/arm-atollic-eabi/6.3.1/../../../../arm-atollic-eabi/lib/armv7-m\libc_nano.a(lib_a-findfp.o)
                0x080074d0                __sf_fake_stderr
 .rodata.__sf_fake_stdin
                0x080074f0       0x20 c:/program files (x86)/atollic/truestudio for stm32 9.3.0/armtools/bin/../lib/gcc/arm-atollic-eabi/6.3.1/../../../../arm-atollic-eabi/lib/armv7-m\libc_nano.a(lib_a-findfp.o)
                0x080074f0                __sf_fake_stdin
 .rodata.__sf_fake_stdout
                0x08007510       0x20 c:/program files (x86)/atollic/truestudio for stm32 9.3.0/armtools/bin/../lib/gcc/arm-atollic-eabi/6.3.1/../../../../arm-atollic-eabi/lib/armv7-m\libc_nano.a(lib_a-findfp.o)
                0x08007510                __sf_fake_stdout
                0x08007530                . = ALIGN (0x4)

.ARM.extab
 *(.ARM.extab* .gnu.linkonce.armextab.*)

.ARM            0x08007530        0x8
                0x08007530                __exidx_start = .
 *(.ARM.exidx*)
 .ARM.exidx     0x08007530        0x8 c:/program files (x86)/atollic/truestudio for stm32 9.3.0/armtools/bin/../lib/gcc/arm-atollic-eabi/6.3.1/armv7-m\libgcc.a(_udivmoddi4.o)
                0x08007538                __exidx_end = .

.rel.dyn        0x08007538        0x0
 .rel.iplt      0x08007538        0x0 c:/program files (x86)/atollic/truestudio for stm32 9.3.0/armtools/bin/../lib/gcc/arm-atollic-eabi/6.3.1/armv7-m/crtbegin.o

.preinit_array  0x08007538        0x0
                [!provide]                PROVIDE (__preinit_array_start, .)
 *(.preinit_array*)
                [!provide]                PROVIDE (__preinit_array_end, .)

.init_array     0x08007538        0x4
                [!provide]                PROVIDE (__init_array_start, .)
 *(SORT(.init_array.*))
 *(.init_array*)
 .init_array    0x08007538        0x4 c:/program files (x86)/atollic/truestudio for stm32 9.3.0/armtools/bin/../lib/gcc/arm-atollic-eabi/6.3.1/armv7-m/crtbegin.o
                [!provide]                PROVIDE (__init_array_end, .)

.fini_array     0x0800753c        0x4
                [!provide]                PROVIDE (__fini_array_start, .)
 *(SORT(.fini_array.*))
 *(.fini_array*)
 .fini_array    0x0800753c        0x4 c:/program files (x86)/atollic/truestudio for stm32 9.3.0/armtools/bin/../lib/gcc/arm-atollic-eabi/6.3.1/armv7-m/crtbegin.o
                [!provide]                PROVIDE (__fini_array_end, .)
                0x08007540                _sidata = LOADADDR (.data)

.data           0x20000000      0x108 load address 0x08007540
                0x20000000                . = ALIGN (0x4)
                0x20000000                _sdata = .
 *(.data)
 *(.data*)
 .data.uwTickFreq
                0x20000000        0x1 Drivers\STM32F1xx_HAL_Driver\Src\stm32f1xx_hal.o
                0x20000000                uwTickFreq
 *fill*         0x20000001        0x3 
 .data.uwTickPrio
                0x20000004        0x4 Drivers\STM32F1xx_HAL_Driver\Src\stm32f1xx_hal.o
                0x20000004                uwTickPrio
 .data.eMBState
                0x20000008        0x1 Drivers\modbus\mb.o
 *fill*         0x20000009        0x3 
 .data.xFuncHandlers
                0x2000000c       0x80 Drivers\modbus\mb.o
 .data.uxCriticalNesting
                0x2000008c        0x4 Middlewares\Third_Party\FreeRTOS\Source\portable\GCC\ARM_CM3\port.o
 .data.counter_mb_ext
                0x20000090        0x2 Src\stm32f1xx_it.o
                0x20000090                counter_mb_ext
 .data.digitSegments
                0x20000092        0xc Src\structures.o
                0x20000092                digitSegments
 *fill*         0x2000009e        0x2 
 .data.SystemCoreClock
                0x200000a0        0x4 Src\system_stm32f1xx.o
                0x200000a0                SystemCoreClock
 .data._impure_ptr
                0x200000a4        0x4 c:/program files (x86)/atollic/truestudio for stm32 9.3.0/armtools/bin/../lib/gcc/arm-atollic-eabi/6.3.1/../../../../arm-atollic-eabi/lib/armv7-m\libc_nano.a(lib_a-impure.o)
                0x200000a4                _impure_ptr
 .data.impure_data
                0x200000a8       0x60 c:/program files (x86)/atollic/truestudio for stm32 9.3.0/armtools/bin/../lib/gcc/arm-atollic-eabi/6.3.1/../../../../arm-atollic-eabi/lib/armv7-m\libc_nano.a(lib_a-impure.o)
                0x20000108                . = ALIGN (0x4)
                0x20000108                _edata = .

.igot.plt       0x20000108        0x0 load address 0x08007648
 .igot.plt      0x20000108        0x0 c:/program files (x86)/atollic/truestudio for stm32 9.3.0/armtools/bin/../lib/gcc/arm-atollic-eabi/6.3.1/armv7-m/crtbegin.o
                0x20000108                . = ALIGN (0x4)

.bss            0x20000108     0x5510 load address 0x08007648
                0x20000108                _sbss = .
                0x20000108                __bss_start__ = _sbss
 *(.bss)
 .bss           0x20000108       0x1c c:/program files (x86)/atollic/truestudio for stm32 9.3.0/armtools/bin/../lib/gcc/arm-atollic-eabi/6.3.1/armv7-m/crtbegin.o
 *(.bss*)
 .bss.ucMBSlaveID
                0x20000124       0x20 Drivers\modbus\functions\mbfuncother.o
 .bss.usMBSlaveIDLen
                0x20000144        0x2 Drivers\modbus\functions\mbfuncother.o
 .bss.eException.5268
                0x20000146        0x1 Drivers\modbus\mb.o
 *fill*         0x20000147        0x1 
 .bss.peMBFrameReceiveCur
                0x20000148        0x4 Drivers\modbus\mb.o
 .bss.peMBFrameSendCur
                0x2000014c        0x4 Drivers\modbus\mb.o
 .bss.pvMBFrameCloseCur
                0x20000150        0x4 Drivers\modbus\mb.o
 .bss.pvMBFrameStartCur
                0x20000154        0x4 Drivers\modbus\mb.o
 .bss.pvMBFrameStopCur
                0x20000158        0x4 Drivers\modbus\mb.o
 .bss.ucFunctionCode.5266
                0x2000015c        0x1 Drivers\modbus\mb.o
 .bss.ucMBAddress
                0x2000015d        0x1 Drivers\modbus\mb.o
 *fill*         0x2000015e        0x2 
 .bss.ucMBFrame.5264
                0x20000160        0x4 Drivers\modbus\mb.o
 .bss.ucRcvAddress.5265
                0x20000164        0x1 Drivers\modbus\mb.o
 *fill*         0x20000165        0x1 
 .bss.usLength.5267
                0x20000166        0x2 Drivers\modbus\mb.o
 .bss.eQueuedEvent
                0x20000168        0x1 Drivers\modbus\port\portevent.o
 .bss.xEventInQueue
                0x20000169        0x1 Drivers\modbus\port\portevent.o
 .bss.counter   0x2000016a        0x2 Drivers\modbus\port\porttimer.o
                0x2000016a                counter
 .bss.timeout   0x2000016c        0x2 Drivers\modbus\port\porttimer.o
                0x2000016c                timeout
 .bss.eRcvState
                0x2000016e        0x1 Drivers\modbus\rtu\mbrtu.o
 .bss.eSndState
                0x2000016f        0x1 Drivers\modbus\rtu\mbrtu.o
 .bss.pucSndBufferCur
                0x20000170        0x4 Drivers\modbus\rtu\mbrtu.o
 .bss.usRcvBufferPos
                0x20000174        0x2 Drivers\modbus\rtu\mbrtu.o
 .bss.usSndBufferCount
                0x20000176        0x2 Drivers\modbus\rtu\mbrtu.o
 .bss.ucMaxSysCallPriority
                0x20000178        0x1 Middlewares\Third_Party\FreeRTOS\Source\portable\GCC\ARM_CM3\port.o
 *fill*         0x20000179        0x3 
 .bss.ulMaxPRIGROUPValue
                0x2000017c        0x4 Middlewares\Third_Party\FreeRTOS\Source\portable\GCC\ARM_CM3\port.o
 .bss.pxEnd     0x20000180        0x4 Middlewares\Third_Party\FreeRTOS\Source\portable\MemMang\heap_4.o
 .bss.ucHeap    0x20000184     0x4e20 Middlewares\Third_Party\FreeRTOS\Source\portable\MemMang\heap_4.o
 .bss.xBlockAllocatedBit
                0x20004fa4        0x4 Middlewares\Third_Party\FreeRTOS\Source\portable\MemMang\heap_4.o
 .bss.xFreeBytesRemaining
                0x20004fa8        0x4 Middlewares\Third_Party\FreeRTOS\Source\portable\MemMang\heap_4.o
 .bss.xMinimumEverFreeBytesRemaining
                0x20004fac        0x4 Middlewares\Third_Party\FreeRTOS\Source\portable\MemMang\heap_4.o
 .bss.xStart    0x20004fb0        0x8 Middlewares\Third_Party\FreeRTOS\Source\portable\MemMang\heap_4.o
 .bss.pxCurrentTCB
                0x20004fb8        0x4 Middlewares\Third_Party\FreeRTOS\Source\tasks.o
                0x20004fb8                pxCurrentTCB
 .bss.pxDelayedTaskList
                0x20004fbc        0x4 Middlewares\Third_Party\FreeRTOS\Source\tasks.o
 .bss.pxOverflowDelayedTaskList
                0x20004fc0        0x4 Middlewares\Third_Party\FreeRTOS\Source\tasks.o
 .bss.pxReadyTasksLists
                0x20004fc4       0x8c Middlewares\Third_Party\FreeRTOS\Source\tasks.o
 .bss.uxCurrentNumberOfTasks
                0x20005050        0x4 Middlewares\Third_Party\FreeRTOS\Source\tasks.o
 .bss.uxDeletedTasksWaitingCleanUp
                0x20005054        0x4 Middlewares\Third_Party\FreeRTOS\Source\tasks.o
 .bss.uxPendedTicks
                0x20005058        0x4 Middlewares\Third_Party\FreeRTOS\Source\tasks.o
 .bss.uxSchedulerSuspended
                0x2000505c        0x4 Middlewares\Third_Party\FreeRTOS\Source\tasks.o
 .bss.uxTaskNumber
                0x20005060        0x4 Middlewares\Third_Party\FreeRTOS\Source\tasks.o
 .bss.uxTopReadyPriority
                0x20005064        0x4 Middlewares\Third_Party\FreeRTOS\Source\tasks.o
 .bss.xDelayedTaskList1
                0x20005068       0x14 Middlewares\Third_Party\FreeRTOS\Source\tasks.o
 .bss.xDelayedTaskList2
                0x2000507c       0x14 Middlewares\Third_Party\FreeRTOS\Source\tasks.o
 .bss.xNextTaskUnblockTime
                0x20005090        0x4 Middlewares\Third_Party\FreeRTOS\Source\tasks.o
 .bss.xNumOfOverflows
                0x20005094        0x4 Middlewares\Third_Party\FreeRTOS\Source\tasks.o
 .bss.xPendingReadyList
                0x20005098       0x14 Middlewares\Third_Party\FreeRTOS\Source\tasks.o
 .bss.xSchedulerRunning
                0x200050ac        0x4 Middlewares\Third_Party\FreeRTOS\Source\tasks.o
 .bss.xSuspendedTaskList
                0x200050b0       0x14 Middlewares\Third_Party\FreeRTOS\Source\tasks.o
 .bss.xTasksWaitingTermination
                0x200050c4       0x14 Middlewares\Third_Party\FreeRTOS\Source\tasks.o
 .bss.xTickCount
                0x200050d8        0x4 Middlewares\Third_Party\FreeRTOS\Source\tasks.o
 .bss.xYieldPending
                0x200050dc        0x4 Middlewares\Third_Party\FreeRTOS\Source\tasks.o
 .bss.xIdleStack
                0x200050e0      0x200 Src\freertos.o
 .bss.xIdleTaskTCBBuffer
                0x200052e0       0x54 Src\freertos.o
 .bss.adcRawData
                0x20005334        0x2 Src\main.o
                0x20005334                adcRawData
 .bss.modbusArray
                0x20005336       0x24 Src\modbusPollTask.o
                0x20005336                modbusArray
 .bss.needToWriteFlash
                0x2000535a        0x1 Src\modbusPollTask.o
                0x2000535a                needToWriteFlash
 .bss.ucRegCoilsBuf
                0x2000535b        0x2 Src\modbusPollTask.o
 .bss.debugCurDigit
                0x2000535d        0x1 Src\stm32f1xx_it.o
                0x2000535d                debugCurDigit
 .bss.symbolsToShow
                0x2000535e        0x2 Src\stm32f1xx_it.o
                0x2000535e                symbolsToShow
 .bss.aligninThreadHandle
                0x20005360        0x4 Src\structures.o
                0x20005360                aligninThreadHandle
 .bss.controllerState
                0x20005364       0x18 Src\structures.o
                0x20005364                controllerState
 .bss.testProgram
                0x2000537c       0x26 Src\structures.o
                0x2000537c                testProgram
 *fill*         0x200053a2        0x6 
 .bss.testingParams
                0x200053a8       0x28 Src\structures.o
                0x200053a8                testingParams
 .bss.testingTreadHandle
                0x200053d0        0x4 Src\structures.o
                0x200053d0                testingTreadHandle
 .bss.heap_end.5887
                0x200053d4        0x4 Src\syscalls.o
 .bss.__malloc_free_list
                0x200053d8        0x4 c:/program files (x86)/atollic/truestudio for stm32 9.3.0/armtools/bin/../lib/gcc/arm-atollic-eabi/6.3.1/../../../../arm-atollic-eabi/lib/armv7-m\libc_nano.a(lib_a-nano-mallocr.o)
                0x200053d8                __malloc_free_list
 .bss.__malloc_sbrk_start
                0x200053dc        0x4 c:/program files (x86)/atollic/truestudio for stm32 9.3.0/armtools/bin/../lib/gcc/arm-atollic-eabi/6.3.1/../../../../arm-atollic-eabi/lib/armv7-m\libc_nano.a(lib_a-nano-mallocr.o)
                0x200053dc                __malloc_sbrk_start
 *(COMMON)
 COMMON         0x200053e0        0x4 Drivers\STM32F1xx_HAL_Driver\Src\stm32f1xx_hal.o
                0x200053e0                uwTick
 *fill*         0x200053e4        0x4 
 COMMON         0x200053e8       0x20 Drivers\STM32F1xx_HAL_Driver\Src\stm32f1xx_hal_flash.o
                0x200053e8                pFlash
 COMMON         0x20005408       0x14 Drivers\modbus\mb.o
                0x20005408                pxMBFrameCBTransmitterEmpty
                0x2000540c                pxMBPortCBTimerExpired
                0x20005410                pxMBFrameCBByteReceived
                0x20005414                pxMBFrameCBTransmitFSMCur
                0x20005418                pxMBFrameCBReceiveFSMCur
 COMMON         0x2000541c      0x100 Drivers\modbus\rtu\mbrtu.o
                0x2000541c                ucRTUBuf
 COMMON         0x2000551c        0x4 Src\controllerInit.o
                0x2000551c                xNewPressureSemaphore
 COMMON         0x20005520       0xf4 Src\main.o
                0x20005520                defaultTaskHandle
                0x20005524                hadc1
                0x20005554                huart1
                0x20005594                htim6
                0x200055d4                htim7
 COMMON         0x20005614        0x4 c:/program files (x86)/atollic/truestudio for stm32 9.3.0/armtools/bin/../lib/gcc/arm-atollic-eabi/6.3.1/../../../../arm-atollic-eabi/lib/armv7-m\libc_nano.a(lib_a-reent.o)
                0x20005614                errno
                0x20005618                . = ALIGN (0x4)
                0x20005618                _ebss = .
                0x20005618                __bss_end__ = _ebss

._user_heap_stack
                0x20005618      0x600 load address 0x08007648
                0x20005618                . = ALIGN (0x4)
                0x20005618                PROVIDE (end, .)
                [!provide]                PROVIDE (_end, .)
                0x20005818                . = (. + _Min_Heap_Size)
 *fill*         0x20005618      0x200 
                0x20005c18                . = (. + _Min_Stack_Size)
 *fill*         0x20005818      0x400 
                0x20005c18                . = ALIGN (0x4)

/DISCARD/
 libc.a(*)
 libm.a(*)
 libgcc.a(*)

.ARM.attributes
                0x00000000       0x29
 *(.ARM.attributes)
 .ARM.attributes
                0x00000000       0x1d c:/program files (x86)/atollic/truestudio for stm32 9.3.0/armtools/bin/../lib/gcc/arm-atollic-eabi/6.3.1/armv7-m/crti.o
 .ARM.attributes
                0x0000001d       0x2d c:/program files (x86)/atollic/truestudio for stm32 9.3.0/armtools/bin/../lib/gcc/arm-atollic-eabi/6.3.1/armv7-m/crtbegin.o
 .ARM.attributes
                0x0000004a       0x33 Drivers\STM32F1xx_HAL_Driver\Src\stm32f1xx_hal.o
 .ARM.attributes
                0x0000007d       0x33 Drivers\STM32F1xx_HAL_Driver\Src\stm32f1xx_hal_adc.o
 .ARM.attributes
                0x000000b0       0x33 Drivers\STM32F1xx_HAL_Driver\Src\stm32f1xx_hal_adc_ex.o
 .ARM.attributes
                0x000000e3       0x33 Drivers\STM32F1xx_HAL_Driver\Src\stm32f1xx_hal_cortex.o
 .ARM.attributes
                0x00000116       0x33 Drivers\STM32F1xx_HAL_Driver\Src\stm32f1xx_hal_dma.o
 .ARM.attributes
                0x00000149       0x33 Drivers\STM32F1xx_HAL_Driver\Src\stm32f1xx_hal_flash.o
 .ARM.attributes
                0x0000017c       0x33 Drivers\STM32F1xx_HAL_Driver\Src\stm32f1xx_hal_flash_ex.o
 .ARM.attributes
                0x000001af       0x33 Drivers\STM32F1xx_HAL_Driver\Src\stm32f1xx_hal_gpio.o
 .ARM.attributes
                0x000001e2       0x33 Drivers\STM32F1xx_HAL_Driver\Src\stm32f1xx_hal_rcc.o
 .ARM.attributes
                0x00000215       0x33 Drivers\STM32F1xx_HAL_Driver\Src\stm32f1xx_hal_rcc_ex.o
 .ARM.attributes
                0x00000248       0x33 Drivers\STM32F1xx_HAL_Driver\Src\stm32f1xx_hal_tim.o
 .ARM.attributes
                0x0000027b       0x33 Drivers\STM32F1xx_HAL_Driver\Src\stm32f1xx_hal_tim_ex.o
 .ARM.attributes
                0x000002ae       0x33 Drivers\STM32F1xx_HAL_Driver\Src\stm32f1xx_hal_uart.o
 .ARM.attributes
                0x000002e1       0x33 Drivers\modbus\functions\mbfunccoils.o
 .ARM.attributes
                0x00000314       0x33 Drivers\modbus\functions\mbfuncdisc.o
 .ARM.attributes
                0x00000347       0x33 Drivers\modbus\functions\mbfuncholding.o
 .ARM.attributes
                0x0000037a       0x33 Drivers\modbus\functions\mbfuncinput.o
 .ARM.attributes
                0x000003ad       0x33 Drivers\modbus\functions\mbfuncother.o
 .ARM.attributes
                0x000003e0       0x33 Drivers\modbus\functions\mbutils.o
 .ARM.attributes
                0x00000413       0x33 Drivers\modbus\mb.o
 .ARM.attributes
                0x00000446       0x33 Drivers\modbus\port\portevent.o
 .ARM.attributes
                0x00000479       0x33 Drivers\modbus\port\portserial.o
 .ARM.attributes
                0x000004ac       0x33 Drivers\modbus\port\porttimer.o
 .ARM.attributes
                0x000004df       0x33 Drivers\modbus\rtu\mbcrc.o
 .ARM.attributes
                0x00000512       0x33 Drivers\modbus\rtu\mbrtu.o
 .ARM.attributes
                0x00000545       0x33 Middlewares\Third_Party\FreeRTOS\Source\CMSIS_RTOS\cmsis_os.o
 .ARM.attributes
                0x00000578       0x33 Middlewares\Third_Party\FreeRTOS\Source\list.o
 .ARM.attributes
                0x000005ab       0x33 Middlewares\Third_Party\FreeRTOS\Source\portable\GCC\ARM_CM3\port.o
 .ARM.attributes
                0x000005de       0x33 Middlewares\Third_Party\FreeRTOS\Source\portable\MemMang\heap_4.o
 .ARM.attributes
                0x00000611       0x33 Middlewares\Third_Party\FreeRTOS\Source\queue.o
 .ARM.attributes
                0x00000644       0x33 Middlewares\Third_Party\FreeRTOS\Source\tasks.o
 .ARM.attributes
                0x00000677       0x33 Src\aligningTask.o
 .ARM.attributes
                0x000006aa       0x33 Src\analogFunctions.o
 .ARM.attributes
                0x000006dd       0x33 Src\controllerInit.o
 .ARM.attributes
                0x00000710       0x33 Src\flashFunctions.o
 .ARM.attributes
                0x00000743       0x33 Src\freertos.o
 .ARM.attributes
                0x00000776       0x33 Src\main.o
 .ARM.attributes
                0x000007a9       0x33 Src\modbusPollTask.o
 .ARM.attributes
                0x000007dc       0x33 Src\scanBtnsTask.o
 .ARM.attributes
                0x0000080f       0x33 Src\stm32f1xx_hal_msp.o
 .ARM.attributes
                0x00000842       0x33 Src\stm32f1xx_it.o
 .ARM.attributes
                0x00000875       0x33 Src\structures.o
 .ARM.attributes
                0x000008a8       0x33 Src\syscalls.o
 .ARM.attributes
                0x000008db       0x33 Src\system_stm32f1xx.o
 .ARM.attributes
                0x0000090e       0x33 Src\testingTask.o
 .ARM.attributes
                0x00000941       0x33 Src\utils.o
 .ARM.attributes
                0x00000974       0x21 startup\startup_stm32f105xc.o
 .ARM.attributes
                0x00000995       0x2d c:/program files (x86)/atollic/truestudio for stm32 9.3.0/armtools/bin/../lib/gcc/arm-atollic-eabi/6.3.1/../../../../arm-atollic-eabi/lib/armv7-m\libc_nano.a(lib_a-assert.o)
 .ARM.attributes
                0x000009c2       0x2d c:/program files (x86)/atollic/truestudio for stm32 9.3.0/armtools/bin/../lib/gcc/arm-atollic-eabi/6.3.1/../../../../arm-atollic-eabi/lib/armv7-m\libc_nano.a(lib_a-errno.o)
 .ARM.attributes
                0x000009ef       0x2d c:/program files (x86)/atollic/truestudio for stm32 9.3.0/armtools/bin/../lib/gcc/arm-atollic-eabi/6.3.1/../../../../arm-atollic-eabi/lib/armv7-m\libc_nano.a(lib_a-fprintf.o)
 .ARM.attributes
                0x00000a1c       0x2d c:/program files (x86)/atollic/truestudio for stm32 9.3.0/armtools/bin/../lib/gcc/arm-atollic-eabi/6.3.1/../../../../arm-atollic-eabi/lib/armv7-m\libc_nano.a(lib_a-impure.o)
 .ARM.attributes
                0x00000a49       0x2d c:/program files (x86)/atollic/truestudio for stm32 9.3.0/armtools/bin/../lib/gcc/arm-atollic-eabi/6.3.1/../../../../arm-atollic-eabi/lib/armv7-m\libc_nano.a(lib_a-memcpy-stub.o)
 .ARM.attributes
                0x00000a76       0x2d c:/program files (x86)/atollic/truestudio for stm32 9.3.0/armtools/bin/../lib/gcc/arm-atollic-eabi/6.3.1/../../../../arm-atollic-eabi/lib/armv7-m\libc_nano.a(lib_a-memset.o)
 .ARM.attributes
                0x00000aa3       0x2d c:/program files (x86)/atollic/truestudio for stm32 9.3.0/armtools/bin/../lib/gcc/arm-atollic-eabi/6.3.1/../../../../arm-atollic-eabi/lib/armv7-m\libc_nano.a(lib_a-nano-vfprintf.o)
 .ARM.attributes
                0x00000ad0       0x2d c:/program files (x86)/atollic/truestudio for stm32 9.3.0/armtools/bin/../lib/gcc/arm-atollic-eabi/6.3.1/../../../../arm-atollic-eabi/lib/armv7-m\libc_nano.a(lib_a-nano-vfprintf_i.o)
 .ARM.attributes
                0x00000afd       0x2d c:/program files (x86)/atollic/truestudio for stm32 9.3.0/armtools/bin/../lib/gcc/arm-atollic-eabi/6.3.1/../../../../arm-atollic-eabi/lib/armv7-m\libc_nano.a(lib_a-wbuf.o)
 .ARM.attributes
                0x00000b2a       0x2d c:/program files (x86)/atollic/truestudio for stm32 9.3.0/armtools/bin/../lib/gcc/arm-atollic-eabi/6.3.1/../../../../arm-atollic-eabi/lib/armv7-m\libc_nano.a(lib_a-wsetup.o)
 .ARM.attributes
                0x00000b57       0x2d c:/program files (x86)/atollic/truestudio for stm32 9.3.0/armtools/bin/../lib/gcc/arm-atollic-eabi/6.3.1/../../../../arm-atollic-eabi/lib/armv7-m\libc_nano.a(lib_a-abort.o)
 .ARM.attributes
                0x00000b84       0x2d c:/program files (x86)/atollic/truestudio for stm32 9.3.0/armtools/bin/../lib/gcc/arm-atollic-eabi/6.3.1/../../../../arm-atollic-eabi/lib/armv7-m\libc_nano.a(lib_a-fflush.o)
 .ARM.attributes
                0x00000bb1       0x2d c:/program files (x86)/atollic/truestudio for stm32 9.3.0/armtools/bin/../lib/gcc/arm-atollic-eabi/6.3.1/../../../../arm-atollic-eabi/lib/armv7-m\libc_nano.a(lib_a-findfp.o)
 .ARM.attributes
                0x00000bde       0x2d c:/program files (x86)/atollic/truestudio for stm32 9.3.0/armtools/bin/../lib/gcc/arm-atollic-eabi/6.3.1/../../../../arm-atollic-eabi/lib/armv7-m\libc_nano.a(lib_a-fwalk.o)
 .ARM.attributes
                0x00000c0b       0x2d c:/program files (x86)/atollic/truestudio for stm32 9.3.0/armtools/bin/../lib/gcc/arm-atollic-eabi/6.3.1/../../../../arm-atollic-eabi/lib/armv7-m\libc_nano.a(lib_a-makebuf.o)
 .ARM.attributes
                0x00000c38       0x2d c:/program files (x86)/atollic/truestudio for stm32 9.3.0/armtools/bin/../lib/gcc/arm-atollic-eabi/6.3.1/../../../../arm-atollic-eabi/lib/armv7-m\libc_nano.a(lib_a-memchr-stub.o)
 .ARM.attributes
                0x00000c65       0x2d c:/program files (x86)/atollic/truestudio for stm32 9.3.0/armtools/bin/../lib/gcc/arm-atollic-eabi/6.3.1/../../../../arm-atollic-eabi/lib/armv7-m\libc_nano.a(lib_a-nano-freer.o)
 .ARM.attributes
                0x00000c92       0x2d c:/program files (x86)/atollic/truestudio for stm32 9.3.0/armtools/bin/../lib/gcc/arm-atollic-eabi/6.3.1/../../../../arm-atollic-eabi/lib/armv7-m\libc_nano.a(lib_a-nano-mallocr.o)
 .ARM.attributes
                0x00000cbf       0x2d c:/program files (x86)/atollic/truestudio for stm32 9.3.0/armtools/bin/../lib/gcc/arm-atollic-eabi/6.3.1/../../../../arm-atollic-eabi/lib/armv7-m\libc_nano.a(lib_a-sbrkr.o)
 .ARM.attributes
                0x00000cec       0x2d c:/program files (x86)/atollic/truestudio for stm32 9.3.0/armtools/bin/../lib/gcc/arm-atollic-eabi/6.3.1/../../../../arm-atollic-eabi/lib/armv7-m\libc_nano.a(lib_a-signal.o)
 .ARM.attributes
                0x00000d19       0x2d c:/program files (x86)/atollic/truestudio for stm32 9.3.0/armtools/bin/../lib/gcc/arm-atollic-eabi/6.3.1/../../../../arm-atollic-eabi/lib/armv7-m\libc_nano.a(lib_a-signalr.o)
 .ARM.attributes
                0x00000d46       0x2d c:/program files (x86)/atollic/truestudio for stm32 9.3.0/armtools/bin/../lib/gcc/arm-atollic-eabi/6.3.1/../../../../arm-atollic-eabi/lib/armv7-m\libc_nano.a(lib_a-stdio.o)
 .ARM.attributes
                0x00000d73       0x2d c:/program files (x86)/atollic/truestudio for stm32 9.3.0/armtools/bin/../lib/gcc/arm-atollic-eabi/6.3.1/../../../../arm-atollic-eabi/lib/armv7-m\libc_nano.a(lib_a-writer.o)
 .ARM.attributes
                0x00000da0       0x2d c:/program files (x86)/atollic/truestudio for stm32 9.3.0/armtools/bin/../lib/gcc/arm-atollic-eabi/6.3.1/../../../../arm-atollic-eabi/lib/armv7-m\libc_nano.a(lib_a-closer.o)
 .ARM.attributes
                0x00000dcd       0x2d c:/program files (x86)/atollic/truestudio for stm32 9.3.0/armtools/bin/../lib/gcc/arm-atollic-eabi/6.3.1/../../../../arm-atollic-eabi/lib/armv7-m\libc_nano.a(lib_a-fstatr.o)
 .ARM.attributes
                0x00000dfa       0x2d c:/program files (x86)/atollic/truestudio for stm32 9.3.0/armtools/bin/../lib/gcc/arm-atollic-eabi/6.3.1/../../../../arm-atollic-eabi/lib/armv7-m\libc_nano.a(lib_a-isattyr.o)
 .ARM.attributes
                0x00000e27       0x2d c:/program files (x86)/atollic/truestudio for stm32 9.3.0/armtools/bin/../lib/gcc/arm-atollic-eabi/6.3.1/../../../../arm-atollic-eabi/lib/armv7-m\libc_nano.a(lib_a-lseekr.o)
 .ARM.attributes
                0x00000e54       0x2d c:/program files (x86)/atollic/truestudio for stm32 9.3.0/armtools/bin/../lib/gcc/arm-atollic-eabi/6.3.1/../../../../arm-atollic-eabi/lib/armv7-m\libc_nano.a(lib_a-mlock.o)
 .ARM.attributes
                0x00000e81       0x2d c:/program files (x86)/atollic/truestudio for stm32 9.3.0/armtools/bin/../lib/gcc/arm-atollic-eabi/6.3.1/../../../../arm-atollic-eabi/lib/armv7-m\libc_nano.a(lib_a-readr.o)
 .ARM.attributes
                0x00000eae       0x2d c:/program files (x86)/atollic/truestudio for stm32 9.3.0/armtools/bin/../lib/gcc/arm-atollic-eabi/6.3.1/../../../../arm-atollic-eabi/lib/armv7-m\libc_nano.a(lib_a-reent.o)
 .ARM.attributes
                0x00000edb       0x1d c:/program files (x86)/atollic/truestudio for stm32 9.3.0/armtools/bin/../lib/gcc/arm-atollic-eabi/6.3.1/armv7-m\libgcc.a(_lshrdi3.o)
 .ARM.attributes
                0x00000ef8       0x1d c:/program files (x86)/atollic/truestudio for stm32 9.3.0/armtools/bin/../lib/gcc/arm-atollic-eabi/6.3.1/armv7-m\libgcc.a(_arm_addsubdf3.o)
 .ARM.attributes
                0x00000f15       0x1d c:/program files (x86)/atollic/truestudio for stm32 9.3.0/armtools/bin/../lib/gcc/arm-atollic-eabi/6.3.1/armv7-m\libgcc.a(_arm_muldivdf3.o)
 .ARM.attributes
                0x00000f32       0x1d c:/program files (x86)/atollic/truestudio for stm32 9.3.0/armtools/bin/../lib/gcc/arm-atollic-eabi/6.3.1/armv7-m\libgcc.a(_arm_fixdfsi.o)
 .ARM.attributes
                0x00000f4f       0x1d c:/program files (x86)/atollic/truestudio for stm32 9.3.0/armtools/bin/../lib/gcc/arm-atollic-eabi/6.3.1/armv7-m\libgcc.a(_arm_addsubsf3.o)
 .ARM.attributes
                0x00000f6c       0x1d c:/program files (x86)/atollic/truestudio for stm32 9.3.0/armtools/bin/../lib/gcc/arm-atollic-eabi/6.3.1/armv7-m\libgcc.a(_arm_muldivsf3.o)
 .ARM.attributes
                0x00000f89       0x1d c:/program files (x86)/atollic/truestudio for stm32 9.3.0/armtools/bin/../lib/gcc/arm-atollic-eabi/6.3.1/armv7-m\libgcc.a(_arm_cmpsf2.o)
 .ARM.attributes
                0x00000fa6       0x1d c:/program files (x86)/atollic/truestudio for stm32 9.3.0/armtools/bin/../lib/gcc/arm-atollic-eabi/6.3.1/armv7-m\libgcc.a(_arm_fixsfsi.o)
 .ARM.attributes
                0x00000fc3       0x1d c:/program files (x86)/atollic/truestudio for stm32 9.3.0/armtools/bin/../lib/gcc/arm-atollic-eabi/6.3.1/armv7-m\libgcc.a(_arm_fixunssfsi.o)
 .ARM.attributes
                0x00000fe0       0x1d c:/program files (x86)/atollic/truestudio for stm32 9.3.0/armtools/bin/../lib/gcc/arm-atollic-eabi/6.3.1/armv7-m\libgcc.a(_aeabi_uldivmod.o)
 .ARM.attributes
                0x00000ffd       0x2d c:/program files (x86)/atollic/truestudio for stm32 9.3.0/armtools/bin/../lib/gcc/arm-atollic-eabi/6.3.1/armv7-m\libgcc.a(_udivmoddi4.o)
 .ARM.attributes
                0x0000102a       0x1d c:/program files (x86)/atollic/truestudio for stm32 9.3.0/armtools/bin/../lib/gcc/arm-atollic-eabi/6.3.1/armv7-m\libgcc.a(_dvmd_tls.o)
 .ARM.attributes
                0x00001047       0x1d c:/program files (x86)/atollic/truestudio for stm32 9.3.0/armtools/bin/../lib/gcc/arm-atollic-eabi/6.3.1/armv7-m/crtn.o
OUTPUT(bag_tester_v02.elf elf32-littlearm)

.debug_info     0x00000000    0x2ced2
 .debug_info    0x00000000      0x847 Drivers\STM32F1xx_HAL_Driver\Src\stm32f1xx_hal.o
 .debug_info    0x00000847      0xea0 Drivers\STM32F1xx_HAL_Driver\Src\stm32f1xx_hal_adc.o
 .debug_info    0x000016e7      0xb8a Drivers\STM32F1xx_HAL_Driver\Src\stm32f1xx_hal_adc_ex.o
 .debug_info    0x00002271      0xd07 Drivers\STM32F1xx_HAL_Driver\Src\stm32f1xx_hal_cortex.o
 .debug_info    0x00002f78      0x837 Drivers\STM32F1xx_HAL_Driver\Src\stm32f1xx_hal_dma.o
 .debug_info    0x000037af      0x6d9 Drivers\STM32F1xx_HAL_Driver\Src\stm32f1xx_hal_flash.o
 .debug_info    0x00003e88      0xb9a Drivers\STM32F1xx_HAL_Driver\Src\stm32f1xx_hal_flash_ex.o
 .debug_info    0x00004a22      0x6ab Drivers\STM32F1xx_HAL_Driver\Src\stm32f1xx_hal_gpio.o
 .debug_info    0x000050cd      0xafc Drivers\STM32F1xx_HAL_Driver\Src\stm32f1xx_hal_rcc.o
 .debug_info    0x00005bc9      0x6e2 Drivers\STM32F1xx_HAL_Driver\Src\stm32f1xx_hal_rcc_ex.o
 .debug_info    0x000062ab     0x34cc Drivers\STM32F1xx_HAL_Driver\Src\stm32f1xx_hal_tim.o
 .debug_info    0x00009777     0x12fc Drivers\STM32F1xx_HAL_Driver\Src\stm32f1xx_hal_tim_ex.o
 .debug_info    0x0000aa73     0x1632 Drivers\STM32F1xx_HAL_Driver\Src\stm32f1xx_hal_uart.o
 .debug_info    0x0000c0a5      0xc00 Drivers\modbus\functions\mbfunccoils.o