Archive member included to satisfy reference by file (symbol)

c:/program files (x86)/atollic/truestudio for stm32 9.3.0/armtools/bin/../lib/gcc/arm-atollic-eabi/6.3.1/../../../../arm-atollic-eabi/lib/armv7-m\libc_nano.a(lib_a-assert.o)
                              Drivers\modbus\functions\mbutils.o (__assert_func)
c:/program files (x86)/atollic/truestudio for stm32 9.3.0/armtools/bin/../lib/gcc/arm-atollic-eabi/6.3.1/../../../../arm-atollic-eabi/lib/armv7-m\libc_nano.a(lib_a-errno.o)
                              Src\syscalls.o (__errno)
c:/program files (x86)/atollic/truestudio for stm32 9.3.0/armtools/bin/../lib/gcc/arm-atollic-eabi/6.3.1/../../../../arm-atollic-eabi/lib/armv7-m\libc_nano.a(lib_a-fprintf.o)
                              c:/program files (x86)/atollic/truestudio for stm32 9.3.0/armtools/bin/../lib/gcc/arm-atollic-eabi/6.3.1/../../../../arm-atollic-eabi/lib/armv7-m\libc_nano.a(lib_a-assert.o) (fiprintf)
c:/program files (x86)/atollic/truestudio for stm32 9.3.0/armtools/bin/../lib/gcc/arm-atollic-eabi/6.3.1/../../../../arm-atollic-eabi/lib/armv7-m\libc_nano.a(lib_a-impure.o)
                              c:/program files (x86)/atollic/truestudio for stm32 9.3.0/armtools/bin/../lib/gcc/arm-atollic-eabi/6.3.1/../../../../arm-atollic-eabi/lib/armv7-m\libc_nano.a(lib_a-assert.o) (_impure_ptr)
c:/program files (x86)/atollic/truestudio for stm32 9.3.0/armtools/bin/../lib/gcc/arm-atollic-eabi/6.3.1/../../../../arm-atollic-eabi/lib/armv7-m\libc_nano.a(lib_a-memcpy-stub.o)
                              Drivers\modbus\functions\mbfuncother.o (memcpy)
c:/program files (x86)/atollic/truestudio for stm32 9.3.0/armtools/bin/../lib/gcc/arm-atollic-eabi/6.3.1/../../../../arm-atollic-eabi/lib/armv7-m\libc_nano.a(lib_a-memset.o)
                              Drivers\STM32F1xx_HAL_Driver\Src\stm32f1xx_hal_rcc.o (memset)
c:/program files (x86)/atollic/truestudio for stm32 9.3.0/armtools/bin/../lib/gcc/arm-atollic-eabi/6.3.1/../../../../arm-atollic-eabi/lib/armv7-m\libc_nano.a(lib_a-nano-vfprintf.o)
                              c:/program files (x86)/atollic/truestudio for stm32 9.3.0/armtools/bin/../lib/gcc/arm-atollic-eabi/6.3.1/../../../../arm-atollic-eabi/lib/armv7-m\libc_nano.a(lib_a-fprintf.o) (_vfprintf_r)
c:/program files (x86)/atollic/truestudio for stm32 9.3.0/armtools/bin/../lib/gcc/arm-atollic-eabi/6.3.1/../../../../arm-atollic-eabi/lib/armv7-m\libc_nano.a(lib_a-nano-vfprintf_i.o)
                              c:/program files (x86)/atollic/truestudio for stm32 9.3.0/armtools/bin/../lib/gcc/arm-atollic-eabi/6.3.1/../../../../arm-atollic-eabi/lib/armv7-m\libc_nano.a(lib_a-nano-vfprintf.o) (_printf_i)
c:/program files (x86)/atollic/truestudio for stm32 9.3.0/armtools/bin/../lib/gcc/arm-atollic-eabi/6.3.1/../../../../arm-atollic-eabi/lib/armv7-m\libc_nano.a(lib_a-wbuf.o)
                              c:/program files (x86)/atollic/truestudio for stm32 9.3.0/armtools/bin/../lib/gcc/arm-atollic-eabi/6.3.1/../../../../arm-atollic-eabi/lib/armv7-m\libc_nano.a(lib_a-nano-vfprintf.o) (__swbuf_r)
c:/program files (x86)/atollic/truestudio for stm32 9.3.0/armtools/bin/../lib/gcc/arm-atollic-eabi/6.3.1/../../../../arm-atollic-eabi/lib/armv7-m\libc_nano.a(lib_a-wsetup.o)
                              c:/program files (x86)/atollic/truestudio for stm32 9.3.0/armtools/bin/../lib/gcc/arm-atollic-eabi/6.3.1/../../../../arm-atollic-eabi/lib/armv7-m\libc_nano.a(lib_a-nano-vfprintf.o) (__swsetup_r)
c:/program files (x86)/atollic/truestudio for stm32 9.3.0/armtools/bin/../lib/gcc/arm-atollic-eabi/6.3.1/../../../../arm-atollic-eabi/lib/armv7-m\libc_nano.a(lib_a-abort.o)
                              c:/program files (x86)/atollic/truestudio for stm32 9.3.0/armtools/bin/../lib/gcc/arm-atollic-eabi/6.3.1/../../../../arm-atollic-eabi/lib/armv7-m\libc_nano.a(lib_a-assert.o) (abort)
c:/program files (x86)/atollic/truestudio for stm32 9.3.0/armtools/bin/../lib/gcc/arm-atollic-eabi/6.3.1/../../../../arm-atollic-eabi/lib/armv7-m\libc_nano.a(lib_a-fflush.o)
                              c:/program files (x86)/atollic/truestudio for stm32 9.3.0/armtools/bin/../lib/gcc/arm-atollic-eabi/6.3.1/../../../../arm-atollic-eabi/lib/armv7-m\libc_nano.a(lib_a-wbuf.o) (_fflush_r)
c:/program files (x86)/atollic/truestudio for stm32 9.3.0/armtools/bin/../lib/gcc/arm-atollic-eabi/6.3.1/../../../../arm-atollic-eabi/lib/armv7-m\libc_nano.a(lib_a-findfp.o)
                              c:/program files (x86)/atollic/truestudio for stm32 9.3.0/armtools/bin/../lib/gcc/arm-atollic-eabi/6.3.1/../../../../arm-atollic-eabi/lib/armv7-m\libc_nano.a(lib_a-nano-vfprintf.o) (__sinit)
c:/program files (x86)/atollic/truestudio for stm32 9.3.0/armtools/bin/../lib/gcc/arm-atollic-eabi/6.3.1/../../../../arm-atollic-eabi/lib/armv7-m\libc_nano.a(lib_a-fvwrite.o)
[...]
Memory Configuration

Name             Origin             Length             Attributes
RAM              0x20000000         0x00010000         xrw
FLASH            0x08000000         0x00020000         xr
*default*        0x00000000         0xffffffff

Linker script and memory map

LOAD c:/program files (x86)/atollic/truestudio for stm32 9.3.0/armtools/bin/../lib/gcc/arm-atollic-eabi/6.3.1/armv7-m/crti.o
LOAD c:/program files (x86)/atollic/truestudio for stm32 9.3.0/armtools/bin/../lib/gcc/arm-atollic-eabi/6.3.1/armv7-m/crtbegin.o
LOAD Drivers\STM32F1xx_HAL_Driver\Src\stm32f1xx_hal.o
LOAD Drivers\STM32F1xx_HAL_Driver\Src\stm32f1xx_hal_adc.o
LOAD Drivers\STM32F1xx_HAL_Driver\Src\stm32f1xx_hal_adc_ex.o
LOAD Drivers\STM32F1xx_HAL_Driver\Src\stm32f1xx_hal_cortex.o
LOAD Drivers\STM32F1xx_HAL_Driver\Src\stm32f1xx_hal_dma.o
LOAD Drivers\STM32F1xx_HAL_Driver\Src\stm32f1xx_hal_exti.o
LOAD Drivers\STM32F1xx_HAL_Driver\Src\stm32f1xx_hal_flash.o
LOAD Drivers\STM32F1xx_HAL_Driver\Src\stm32f1xx_hal_flash_ex.o
LOAD Drivers\STM32F1xx_HAL_Driver\Src\stm32f1xx_hal_gpio.o
LOAD Drivers\STM32F1xx_HAL_Driver\Src\stm32f1xx_hal_gpio_ex.o
LOAD Drivers\STM32F1xx_HAL_Driver\Src\stm32f1xx_hal_pwr.o
LOAD Drivers\STM32F1xx_HAL_Driver\Src\stm32f1xx_hal_rcc.o
LOAD Drivers\STM32F1xx_HAL_Driver\Src\stm32f1xx_hal_rcc_ex.o
LOAD Drivers\STM32F1xx_HAL_Driver\Src\stm32f1xx_hal_tim.o
LOAD Drivers\STM32F1xx_HAL_Driver\Src\stm32f1xx_hal_tim_ex.o
LOAD Drivers\STM32F1xx_HAL_Driver\Src\stm32f1xx_hal_uart.o
LOAD Drivers\modbus\ascii\mbascii.o
LOAD Drivers\modbus\functions\mbfunccoils.o
LOAD Drivers\modbus\functions\mbfuncdiag.o
LOAD Drivers\modbus\functions\mbfuncdisc.o
LOAD Drivers\modbus\functions\mbfuncholding.o
LOAD Drivers\modbus\functions\mbfuncinput.o
LOAD Drivers\modbus\functions\mbfuncother.o
LOAD Drivers\modbus\functions\mbutils.o
LOAD Drivers\modbus\mb.o
LOAD Drivers\modbus\port\portevent.o
LOAD Drivers\modbus\port\portserial.o
LOAD Drivers\modbus\port\porttimer.o
LOAD Drivers\modbus\rtu\mbcrc.o
LOAD Drivers\modbus\rtu\mbrtu.o
LOAD Drivers\modbus\tcp\mbtcp.o
LOAD Middlewares\Third_Party\FreeRTOS\Source\CMSIS_RTOS\cmsis_os.o
LOAD Middlewares\Third_Party\FreeRTOS\Source\croutine.o
LOAD Middlewares\Third_Party\FreeRTOS\Source\event_groups.o
LOAD Middlewares\Third_Party\FreeRTOS\Source\list.o
LOAD Middlewares\Third_Party\FreeRTOS\Source\portable\GCC\ARM_CM3\port.o
LOAD Middlewares\Third_Party\FreeRTOS\Source\portable\MemMang\heap_4.o
LOAD Middlewares\Third_Party\FreeRTOS\Source\queue.o
LOAD Middlewares\Third_Party\FreeRTOS\Source\stream_buffer.o
LOAD Middlewares\Third_Party\FreeRTOS\Source\tasks.o
LOAD Middlewares\Third_Party\FreeRTOS\Source\timers.o
LOAD Src\aligningTask.o
LOAD Src\analogFunctions.o
LOAD Src\controllerInit.o
LOAD Src\freertos.o
LOAD Src\globals.o
LOAD Src\main.o
LOAD Src\modbusPollTask.o
LOAD Src\scanBtnsTask.o
LOAD Src\stm32f1xx_hal_msp.o
LOAD Src\stm32f1xx_it.o
LOAD Src\structures.o
LOAD Src\syscalls.o
LOAD Src\system_stm32f1xx.o
LOAD Src\testingTask.o
LOAD Src\utils.o
LOAD startup\startup_stm32f105xc.o
                0x00000080                malloc_getpagesize_P = 0x80
START GROUP
LOAD c:/program files (x86)/atollic/truestudio for stm32 9.3.0/armtools/bin/../lib/gcc/arm-atollic-eabi/6.3.1/../../../../arm-atollic-eabi/lib/armv7-m\libc_nano.a
LOAD c:/program files (x86)/atollic/truestudio for stm32 9.3.0/armtools/bin/../lib/gcc/arm-atollic-eabi/6.3.1/../../../../arm-atollic-eabi/lib/armv7-m\libm.a
END GROUP
START GROUP
LOAD c:/program files (x86)/atollic/truestudio for stm32 9.3.0/armtools/bin/../lib/gcc/arm-atollic-eabi/6.3.1/armv7-m\libgcc.a
LOAD c:/program files (x86)/atollic/truestudio for stm32 9.3.0/armtools/bin/../lib/gcc/arm-atollic-eabi/6.3.1/../../../../arm-atollic-eabi/lib/armv7-m\libc_nano.a
END GROUP
START GROUP
LOAD c:/program files (x86)/atollic/truestudio for stm32 9.3.0/armtools/bin/../lib/gcc/arm-atollic-eabi/6.3.1/armv7-m\libgcc.a
LOAD c:/program files (x86)/atollic/truestudio for stm32 9.3.0/armtools/bin/../lib/gcc/arm-atollic-eabi/6.3.1/../../../../arm-atollic-eabi/lib/armv7-m\libc_nano.a
LOAD c:/program files (x86)/atollic/truestudio for stm32 9.3.0/armtools/bin/../lib/gcc/arm-atollic-eabi/6.3.1/../../../../arm-atollic-eabi/lib/armv7-m\libnosys.a
END GROUP
START GROUP
LOAD c:/program files (x86)/atollic/truestudio for stm32 9.3.0/armtools/bin/../lib/gcc/arm-atollic-eabi/6.3.1/armv7-m\libgcc.a
LOAD c:/program files (x86)/atollic/truestudio for stm32 9.3.0/armtools/bin/../lib/gcc/arm-atollic-eabi/6.3.1/../../../../arm-atollic-eabi/lib/armv7-m\libc_nano.a
LOAD c:/program files (x86)/atollic/truestudio for stm32 9.3.0/armtools/bin/../lib/gcc/arm-atollic-eabi/6.3.1/../../../../arm-atollic-eabi/lib/armv7-m\libnosys.a
END GROUP
LOAD c:/program files (x86)/atollic/truestudio for stm32 9.3.0/armtools/bin/../lib/gcc/arm-atollic-eabi/6.3.1/armv7-m/crtend.o
LOAD c:/program files (x86)/atollic/truestudio for stm32 9.3.0/armtools/bin/../lib/gcc/arm-atollic-eabi/6.3.1/armv7-m/crtn.o
                0x20010000                _estack = 0x20010000
                0x00000200                _Min_Heap_Size = 0x200
                0x00000400                _Min_Stack_Size = 0x400

.isr_vector     0x08000000      0x1e4
                0x08000000                . = ALIGN (0x4)
 *(.isr_vector)
 .isr_vector    0x08000000      0x1e4 startup\startup_stm32f105xc.o
                0x08000000                g_pfnVectors
                0x080001e4                . = ALIGN (0x4)

.text           0x080001f0     0x6968
                0x080001f0                . = ALIGN (0x4)
 *(.text)
 .text          0x080001f0       0x40 c:/program files (x86)/atollic/truestudio for stm32 9.3.0/armtools/bin/../lib/gcc/arm-atollic-eabi/6.3.1/armv7-m/crtbegin.o
 .text          0x08000230      0x370 c:/program files (x86)/atollic/truestudio for stm32 9.3.0/armtools/bin/../lib/gcc/arm-atollic-eabi/6.3.1/armv7-m\libgcc.a(_arm_addsubdf3.o)
                0x08000230                __aeabi_drsub
                0x08000238                __aeabi_dsub
                0x08000238                __subdf3
                0x0800023c                __aeabi_dadd
                0x0800023c                __adddf3
                0x080004b4                __floatunsidf
                0x080004b4                __aeabi_ui2d
                0x080004d4                __floatsidf
                0x080004d4                __aeabi_i2d
                0x080004f8                __aeabi_f2d
                0x080004f8                __extendsfdf2
                0x08000534                __floatundidf
                0x08000534                __aeabi_ul2d
                0x08000544                __floatdidf
                0x08000544                __aeabi_l2d
 .text          0x080005a0      0x424 c:/program files (x86)/atollic/truestudio for stm32 9.3.0/armtools/bin/../lib/gcc/arm-atollic-eabi/6.3.1/armv7-m\libgcc.a(_arm_muldivdf3.o)
                0x080005a0                __aeabi_dmul
                0x080005a0                __muldf3
                0x080007f4                __divdf3
                0x080007f4                __aeabi_ddiv
 .text          0x080009c4       0x50 c:/program files (x86)/atollic/truestudio for stm32 9.3.0/armtools/bin/../lib/gcc/arm-atollic-eabi/6.3.1/armv7-m\libgcc.a(_arm_fixdfsi.o)
                0x080009c4                __aeabi_d2iz
                0x080009c4                __fixdfsi
 .text          0x08000a14      0x21c c:/program files (x86)/atollic/truestudio for stm32 9.3.0/armtools/bin/../lib/gcc/arm-atollic-eabi/6.3.1/armv7-m\libgcc.a(_arm_addsubsf3.o)
                0x08000a14                __aeabi_frsub
                0x08000a1c                __subsf3
                0x08000a1c                __aeabi_fsub
                0x08000a20                __aeabi_fadd
                0x08000a20                __addsf3
                0x08000b80                __aeabi_ui2f
                0x08000b80                __floatunsisf
                0x08000b88                __aeabi_i2f
                0x08000b88                __floatsisf
                0x08000ba4                __aeabi_ul2f
                0x08000ba4                __floatundisf
                0x08000bb4                __aeabi_l2f
                0x08000bb4                __floatdisf
 .text          0x08000c30      0x2a0 c:/program files (x86)/atollic/truestudio for stm32 9.3.0/armtools/bin/../lib/gcc/arm-atollic-eabi/6.3.1/armv7-m\libgcc.a(_arm_muldivsf3.o)
                0x08000c30                __mulsf3
                0x08000c30                __aeabi_fmul
                0x08000d98                __aeabi_fdiv
                0x08000d98                __divsf3
 .text          0x08000ed0       0xec c:/program files (x86)/atollic/truestudio for stm32 9.3.0/armtools/bin/../lib/gcc/arm-atollic-eabi/6.3.1/armv7-m\libgcc.a(_arm_cmpsf2.o)
                0x08000ed0                __gesf2
                0x08000ed0                __gtsf2
                0x08000ed8                __lesf2
                0x08000ed8                __ltsf2
                0x08000ee0                __nesf2
                0x08000ee0                __eqsf2
                0x08000ee0                __cmpsf2
                0x08000f40                __aeabi_cfrcmple
                0x08000f48                __aeabi_cfcmpeq
                0x08000f48                __aeabi_cfcmple
                0x08000f58                __aeabi_fcmpeq
                0x08000f6c                __aeabi_fcmplt
                0x08000f80                __aeabi_fcmple
                0x08000f94                __aeabi_fcmpge
                0x08000fa8                __aeabi_fcmpgt
 .text          0x08000fbc       0x4c c:/program files (x86)/atollic/truestudio for stm32 9.3.0/armtools/bin/../lib/gcc/arm-atollic-eabi/6.3.1/armv7-m\libgcc.a(_arm_fixsfsi.o)
                0x08000fbc                __aeabi_f2iz
                0x08000fbc                __fixsfsi
 .text          0x08001008       0x40 c:/program files (x86)/atollic/truestudio for stm32 9.3.0/armtools/bin/../lib/gcc/arm-atollic-eabi/6.3.1/armv7-m\libgcc.a(_arm_fixunssfsi.o)
                0x08001008                __fixunssfsi
                0x08001008                __aeabi_f2uiz
 .text          0x08001048       0x30 c:/program files (x86)/atollic/truestudio for stm32 9.3.0/armtools/bin/../lib/gcc/arm-atollic-eabi/6.3.1/armv7-m\libgcc.a(_aeabi_uldivmod.o)
                0x08001048                __aeabi_uldivmod
 .text          0x08001078      0x2dc c:/program files (x86)/atollic/truestudio for stm32 9.3.0/armtools/bin/../lib/gcc/arm-atollic-eabi/6.3.1/armv7-m\libgcc.a(_udivmoddi4.o)
                0x08001078                __udivmoddi4
 .text          0x08001354        0x4 c:/program files (x86)/atollic/truestudio for stm32 9.3.0/armtools/bin/../lib/gcc/arm-atollic-eabi/6.3.1/armv7-m\libgcc.a(_dvmd_tls.o)
                0x08001354                __aeabi_idiv0
                0x08001354                __aeabi_ldiv0
 *(.text*)
 .text.HAL_InitTick
                0x08001358       0x48 Drivers\STM32F1xx_HAL_Driver\Src\stm32f1xx_hal.o
                0x08001358                HAL_InitTick
 .text.HAL_Init
                0x080013a0       0x24 Drivers\STM32F1xx_HAL_Driver\Src\stm32f1xx_hal.o
                0x080013a0                HAL_Init
 .text.HAL_IncTick
                0x080013c4       0x18 Drivers\STM32F1xx_HAL_Driver\Src\stm32f1xx_hal.o
                0x080013c4                HAL_IncTick
 .text.HAL_GetTick
                0x080013dc        0xc Drivers\STM32F1xx_HAL_Driver\Src\stm32f1xx_hal.o
                0x080013dc                HAL_GetTick
 .text.HAL_ADC_GetValue
                0x080013e8        0x6 Drivers\STM32F1xx_HAL_Driver\Src\stm32f1xx_hal_adc.o
                0x080013e8                HAL_ADC_GetValue
 .text.HAL_ADC_LevelOutOfWindowCallback
                0x080013ee        0x2 Drivers\STM32F1xx_HAL_Driver\Src\stm32f1xx_hal_adc.o
                0x080013ee                HAL_ADC_LevelOutOfWindowCallback
 .text.HAL_ADC_IRQHandler
                0x080013f0       0xec Drivers\STM32F1xx_HAL_Driver\Src\stm32f1xx_hal_adc.o
                0x080013f0                HAL_ADC_IRQHandler
 .text.HAL_ADC_ConfigChannel
                0x080014dc      0x108 Drivers\STM32F1xx_HAL_Driver\Src\stm32f1xx_hal_adc.o
                0x080014dc                HAL_ADC_ConfigChannel
 .text.ADC_Enable
                0x080015e4       0x70 Drivers\STM32F1xx_HAL_Driver\Src\stm32f1xx_hal_adc.o
                0x080015e4                ADC_Enable
 .text.HAL_ADC_Start_IT
                0x08001654       0xcc Drivers\STM32F1xx_HAL_Driver\Src\stm32f1xx_hal_adc.o
                0x08001654                HAL_ADC_Start_IT
 .text.ADC_ConversionStop_Disable
                0x08001720       0x44 Drivers\STM32F1xx_HAL_Driver\Src\stm32f1xx_hal_adc.o
                0x08001720                ADC_ConversionStop_Disable
 .text.HAL_ADC_Init
                0x08001764      0x100 Drivers\STM32F1xx_HAL_Driver\Src\stm32f1xx_hal_adc.o
                0x08001764                HAL_ADC_Init
 .text.HAL_ADC_Stop_IT
                0x08001864       0x3e Drivers\STM32F1xx_HAL_Driver\Src\stm32f1xx_hal_adc.o
                0x08001864                HAL_ADC_Stop_IT
 .text.HAL_ADCEx_InjectedConvCpltCallback
                0x080018a2        0x2 Drivers\STM32F1xx_HAL_Driver\Src\stm32f1xx_hal_adc_ex.o
                0x080018a2                HAL_ADCEx_InjectedConvCpltCallback
 .text.HAL_NVIC_SetPriorityGrouping
                0x080018a4       0x24 Drivers\STM32F1xx_HAL_Driver\Src\stm32f1xx_hal_cortex.o
                0x080018a4                HAL_NVIC_SetPriorityGrouping
 .text.HAL_NVIC_SetPriority
                0x080018c8       0x68 Drivers\STM32F1xx_HAL_Driver\Src\stm32f1xx_hal_cortex.o
                0x080018c8                HAL_NVIC_SetPriority
 .text.HAL_NVIC_EnableIRQ
                0x08001930       0x1c Drivers\STM32F1xx_HAL_Driver\Src\stm32f1xx_hal_cortex.o
                0x08001930                HAL_NVIC_EnableIRQ
 .text.HAL_SYSTICK_Config
                0x0800194c       0x2c Drivers\STM32F1xx_HAL_Driver\Src\stm32f1xx_hal_cortex.o
                0x0800194c                HAL_SYSTICK_Config
 .text.HAL_DMA_Abort_IT
                0x08001978       0xdc Drivers\STM32F1xx_HAL_Driver\Src\stm32f1xx_hal_dma.o
                0x08001978                HAL_DMA_Abort_IT
 .text.HAL_GPIO_Init
                0x08001a54      0x1c4 Drivers\STM32F1xx_HAL_Driver\Src\stm32f1xx_hal_gpio.o
                0x08001a54                HAL_GPIO_Init
 .text.HAL_GPIO_ReadPin
                0x08001c18        0xc Drivers\STM32F1xx_HAL_Driver\Src\stm32f1xx_hal_gpio.o
                0x08001c18                HAL_GPIO_ReadPin
 .text.HAL_GPIO_WritePin
                0x08001c24        0xa Drivers\STM32F1xx_HAL_Driver\Src\stm32f1xx_hal_gpio.o
                0x08001c24                HAL_GPIO_WritePin
 .text.HAL_GPIO_TogglePin
                0x08001c2e        0xc Drivers\STM32F1xx_HAL_Driver\Src\stm32f1xx_hal_gpio.o
                0x08001c2e                HAL_GPIO_TogglePin
 *fill*         0x08001c3a        0x2 
 .text.HAL_RCC_OscConfig
                0x08001c3c      0x400 Drivers\STM32F1xx_HAL_Driver\Src\stm32f1xx_hal_rcc.o
                0x08001c3c                HAL_RCC_OscConfig
 .text.HAL_RCC_GetSysClockFreq
                0x0800203c       0xc4 Drivers\STM32F1xx_HAL_Driver\Src\stm32f1xx_hal_rcc.o
                0x0800203c                HAL_RCC_GetSysClockFreq
 .text.HAL_RCC_ClockConfig
                0x08002100      0x13c Drivers\STM32F1xx_HAL_Driver\Src\stm32f1xx_hal_rcc.o
                0x08002100                HAL_RCC_ClockConfig
 .text.HAL_RCC_GetPCLK1Freq
                0x0800223c       0x20 Drivers\STM32F1xx_HAL_Driver\Src\stm32f1xx_hal_rcc.o
                0x0800223c                HAL_RCC_GetPCLK1Freq
 .text.HAL_RCC_GetPCLK2Freq
                0x0800225c       0x20 Drivers\STM32F1xx_HAL_Driver\Src\stm32f1xx_hal_rcc.o
                0x0800225c                HAL_RCC_GetPCLK2Freq
 .text.HAL_RCCEx_PeriphCLKConfig
                0x0800227c      0x17c Drivers\STM32F1xx_HAL_Driver\Src\stm32f1xx_hal_rcc_ex.o
                0x0800227c                HAL_RCCEx_PeriphCLKConfig
 .text.HAL_TIM_Base_Start_IT
                0x080023f8       0x20 Drivers\STM32F1xx_HAL_Driver\Src\stm32f1xx_hal_tim.o
                0x080023f8                HAL_TIM_Base_Start_IT
 .text.HAL_TIM_Base_Stop_IT
                0x08002418       0x2a Drivers\STM32F1xx_HAL_Driver\Src\stm32f1xx_hal_tim.o
                0x08002418                HAL_TIM_Base_Stop_IT
 .text.HAL_TIM_OC_DelayElapsedCallback
                0x08002442        0x2 Drivers\STM32F1xx_HAL_Driver\Src\stm32f1xx_hal_tim.o
                0x08002442                HAL_TIM_OC_DelayElapsedCallback
 .text.HAL_TIM_IC_CaptureCallback
                0x08002444        0x2 Drivers\STM32F1xx_HAL_Driver\Src\stm32f1xx_hal_tim.o
                0x08002444                HAL_TIM_IC_CaptureCallback
 .text.HAL_TIM_PWM_PulseFinishedCallback
                0x08002446        0x2 Drivers\STM32F1xx_HAL_Driver\Src\stm32f1xx_hal_tim.o
                0x08002446                HAL_TIM_PWM_PulseFinishedCallback
 .text.HAL_TIM_TriggerCallback
                0x08002448        0x2 Drivers\STM32F1xx_HAL_Driver\Src\stm32f1xx_hal_tim.o
                0x08002448                HAL_TIM_TriggerCallback
 .text.HAL_TIM_IRQHandler
                0x0800244a      0x144 Drivers\STM32F1xx_HAL_Driver\Src\stm32f1xx_hal_tim.o
                0x0800244a                HAL_TIM_IRQHandler
 *fill*         0x0800258e        0x2 
 .text.TIM_Base_SetConfig
                0x08002590       0x80 Drivers\STM32F1xx_HAL_Driver\Src\stm32f1xx_hal_tim.o
                0x08002590                TIM_Base_SetConfig
 .text.HAL_TIM_Base_Init
                0x08002610       0x34 Drivers\STM32F1xx_HAL_Driver\Src\stm32f1xx_hal_tim.o
                0x08002610                HAL_TIM_Base_Init
 .text.HAL_TIMEx_MasterConfigSynchronization
                0x08002644       0x3c Drivers\STM32F1xx_HAL_Driver\Src\stm32f1xx_hal_tim_ex.o
                0x08002644                HAL_TIMEx_MasterConfigSynchronization
 .text.HAL_TIMEx_CommutCallback
                0x08002680        0x2 Drivers\STM32F1xx_HAL_Driver\Src\stm32f1xx_hal_tim_ex.o
                0x08002680                HAL_TIMEx_CommutCallback
 .text.HAL_TIMEx_BreakCallback
                0x08002682        0x2 Drivers\STM32F1xx_HAL_Driver\Src\stm32f1xx_hal_tim_ex.o
                0x08002682                HAL_TIMEx_BreakCallback
 .text.UART_EndRxTransfer
                0x08002684       0x1a Drivers\STM32F1xx_HAL_Driver\Src\stm32f1xx_hal_uart.o
 *fill*         0x0800269e        0x2 
 .text.UART_SetConfig
                0x080026a0       0x74 Drivers\STM32F1xx_HAL_Driver\Src\stm32f1xx_hal_uart.o
 .text.HAL_UART_Init
                0x08002714       0x5c Drivers\STM32F1xx_HAL_Driver\Src\stm32f1xx_hal_uart.o
                0x08002714                HAL_UART_Init
 .text.HAL_UART_TxCpltCallback
                0x08002770        0x2 Drivers\STM32F1xx_HAL_Driver\Src\stm32f1xx_hal_uart.o
                0x08002770                HAL_UART_TxCpltCallback
 .text.HAL_UART_RxCpltCallback
                0x08002772        0x2 Drivers\STM32F1xx_HAL_Driver\Src\stm32f1xx_hal_uart.o
                0x08002772                HAL_UART_RxCpltCallback
 .text.UART_Receive_IT
                0x08002774       0x7c Drivers\STM32F1xx_HAL_Driver\Src\stm32f1xx_hal_uart.o
 .text.HAL_UART_ErrorCallback
                0x080027f0        0x2 Drivers\STM32F1xx_HAL_Driver\Src\stm32f1xx_hal_uart.o
                0x080027f0                HAL_UART_ErrorCallback
 *fill*         0x080027f2        0x2 
 .text.HAL_UART_IRQHandler
                0x080027f4      0x140 Drivers\STM32F1xx_HAL_Driver\Src\stm32f1xx_hal_uart.o
                0x080027f4                HAL_UART_IRQHandler
 .text.UART_DMAAbortOnError
                0x08002934       0x10 Drivers\STM32F1xx_HAL_Driver\Src\stm32f1xx_hal_uart.o
 .text.eMBFuncReadCoils
                0x08002944       0x6c Drivers\modbus\functions\mbfunccoils.o
                0x08002944                eMBFuncReadCoils
 .text.eMBFuncWriteCoil
                0x080029b0       0x4a Drivers\modbus\functions\mbfunccoils.o
                0x080029b0                eMBFuncWriteCoil
 .text.eMBFuncWriteMultipleCoils
                0x080029fa       0x58 Drivers\modbus\functions\mbfunccoils.o
                0x080029fa                eMBFuncWriteMultipleCoils
 .text.eMBFuncReadDiscreteInputs
                0x08002a52       0x6a Drivers\modbus\functions\mbfuncdisc.o
                0x08002a52                eMBFuncReadDiscreteInputs
 .text.eMBFuncWriteHoldingRegister
                0x08002abc       0x2e Drivers\modbus\functions\mbfuncholding.o
                0x08002abc                eMBFuncWriteHoldingRegister
 .text.eMBFuncWriteMultipleHoldingRegister
                0x08002aea       0x4a Drivers\modbus\functions\mbfuncholding.o
                0x08002aea                eMBFuncWriteMultipleHoldingRegister
 .text.eMBFuncReadHoldingRegister
                0x08002b34       0x58 Drivers\modbus\functions\mbfuncholding.o
                0x08002b34                eMBFuncReadHoldingRegister
 .text.eMBFuncReadWriteMultipleHoldingRegister
                0x08002b8c       0x9c Drivers\modbus\functions\mbfuncholding.o
                0x08002b8c                eMBFuncReadWriteMultipleHoldingRegister
 .text.eMBFuncReadInputRegister
                0x08002c28       0x58 Drivers\modbus\functions\mbfuncinput.o
                0x08002c28                eMBFuncReadInputRegister
 .text.eMBFuncReportSlaveID
                0x08002c80       0x24 Drivers\modbus\functions\mbfuncother.o
                0x08002c80                eMBFuncReportSlaveID
 .text.xMBUtilSetBits
                0x08002ca4       0x54 Drivers\modbus\functions\mbutils.o
                0x08002ca4                xMBUtilSetBits
 .text.xMBUtilGetBits
                0x08002cf8       0x22 Drivers\modbus\functions\mbutils.o
                0x08002cf8                xMBUtilGetBits
 *fill*         0x08002d1a        0x2 
 .text.prveMBError2Exception
                0x08002d1c       0x10 Drivers\modbus\functions\mbutils.o
                0x08002d1c                prveMBError2Exception
 .text.eMBInit  0x08002d2c       0xb0 Drivers\modbus\mb.o
                0x08002d2c                eMBInit
 .text.eMBEnable
                0x08002ddc       0x24 Drivers\modbus\mb.o
                0x08002ddc                eMBEnable
 .text.eMBPoll  0x08002e00       0xec Drivers\modbus\mb.o
                0x08002e00                eMBPoll
 .text.xMBPortEventInit
                0x08002eec       0x10 Drivers\modbus\port\portevent.o
                0x08002eec                xMBPortEventInit
 .text.xMBPortEventPost
                0x08002efc       0x18 Drivers\modbus\port\portevent.o
                0x08002efc                xMBPortEventPost
 .text.xMBPortEventGet
                0x08002f14       0x20 Drivers\modbus\port\portevent.o
                0x08002f14                xMBPortEventGet
 .text.vMBPortSerialEnable
                0x08002f34       0x54 Drivers\modbus\port\portserial.o
                0x08002f34                vMBPortSerialEnable
 .text.xMBPortSerialInit
                0x08002f88        0x4 Drivers\modbus\port\portserial.o
                0x08002f88                xMBPortSerialInit
 .text.xMBPortSerialPutByte
                0x08002f8c       0x10 Drivers\modbus\port\portserial.o
                0x08002f8c                xMBPortSerialPutByte
 .text.xMBPortSerialGetByte
                0x08002f9c       0x1c Drivers\modbus\port\portserial.o
                0x08002f9c                xMBPortSerialGetByte
 .text.prvvUARTTxReadyISR
                0x08002fb8        0xc Drivers\modbus\port\portserial.o
                0x08002fb8                prvvUARTTxReadyISR
 .text.prvvUARTRxISR
                0x08002fc4        0xc Drivers\modbus\port\portserial.o
                0x08002fc4                prvvUARTRxISR
 .text.xMBPortTimersInit
                0x08002fd0        0xc Drivers\modbus\port\porttimer.o
                0x08002fd0                xMBPortTimersInit
 .text.vMBPortTimersEnable
                0x08002fdc       0x14 Drivers\modbus\port\porttimer.o
                0x08002fdc                vMBPortTimersEnable
 .text.vMBPortTimersDisable
                0x08002ff0        0xc Drivers\modbus\port\porttimer.o
                0x08002ff0                vMBPortTimersDisable
 .text.HAL_TIM_PeriodElapsedCallback
                0x08002ffc       0x34 Drivers\modbus\port\porttimer.o
                0x08002ffc                HAL_TIM_PeriodElapsedCallback
 .text.usMBCRC16
                0x08003030       0x2c Drivers\modbus\rtu\mbcrc.o
                0x08003030                usMBCRC16
 .text.eMBRTUInit
                0x0800305c       0x48 Drivers\modbus\rtu\mbrtu.o
                0x0800305c                eMBRTUInit
 .text.eMBRTUStart
                0x080030a4       0x24 Drivers\modbus\rtu\mbrtu.o
                0x080030a4                eMBRTUStart
 .text.eMBRTUStop
                0x080030c8       0x1a Drivers\modbus\rtu\mbrtu.o
                0x080030c8                eMBRTUStop
 *fill*         0x080030e2        0x2 
 .text.eMBRTUReceive
                0x080030e4       0x70 Drivers\modbus\rtu\mbrtu.o
                0x080030e4                eMBRTUReceive
 .text.eMBRTUSend
                0x08003154       0x88 Drivers\modbus\rtu\mbrtu.o
                0x08003154                eMBRTUSend
 .text.xMBRTUReceiveFSM
                0x080031dc       0x94 Drivers\modbus\rtu\mbrtu.o
                0x080031dc                xMBRTUReceiveFSM
 .text.xMBRTUTransmitFSM
                0x08003270       0x94 Drivers\modbus\rtu\mbrtu.o
                0x08003270                xMBRTUTransmitFSM
 .text.xMBRTUTimerT35Expired
                0x08003304       0x64 Drivers\modbus\rtu\mbrtu.o
                0x08003304                xMBRTUTimerT35Expired
 .text.osKernelStart
                0x08003368        0xa Middlewares\Third_Party\FreeRTOS\Source\CMSIS_RTOS\cmsis_os.o
                0x08003368                osKernelStart
 .text.vListInitialise
                0x08003372       0x16 Middlewares\Third_Party\FreeRTOS\Source\list.o
                0x08003372                vListInitialise
 .text.vListInitialiseItem
                0x08003388        0x6 Middlewares\Third_Party\FreeRTOS\Source\list.o
                0x08003388                vListInitialiseItem
 .text.vListInsertEnd
                0x0800338e       0x18 Middlewares\Third_Party\FreeRTOS\Source\list.o
                0x0800338e                vListInsertEnd
 .text.vListInsert
                0x080033a6       0x2e Middlewares\Third_Party\FreeRTOS\Source\list.o
                0x080033a6                vListInsert
 .text.uxListRemove
                0x080033d4       0x22 Middlewares\Third_Party\FreeRTOS\Source\list.o
                0x080033d4                uxListRemove
 *fill*         0x080033f6        0x2 
 .text.prvTaskExitError
                0x080033f8       0x40 Middlewares\Third_Party\FreeRTOS\Source\portable\GCC\ARM_CM3\port.o
 .text.unlikely.prvPortStartFirstTask
                0x08003438       0x20 Middlewares\Third_Party\FreeRTOS\Source\portable\GCC\ARM_CM3\port.o
 .text.pxPortInitialiseStack
                0x08003458       0x24 Middlewares\Third_Party\FreeRTOS\Source\portable\GCC\ARM_CM3\port.o
                0x08003458                pxPortInitialiseStack
 *fill*         0x0800347c        0x4 
 .text.SVC_Handler
                0x08003480       0x24 Middlewares\Third_Party\FreeRTOS\Source\portable\GCC\ARM_CM3\port.o
                0x08003480                SVC_Handler
 .text.vPortEnterCritical
                0x080034a4       0x44 Middlewares\Third_Party\FreeRTOS\Source\portable\GCC\ARM_CM3\port.o
                0x080034a4                vPortEnterCritical
 .text.vPortExitCritical
                0x080034e8       0x28 Middlewares\Third_Party\FreeRTOS\Source\portable\GCC\ARM_CM3\port.o
                0x080034e8                vPortExitCritical
 .text.PendSV_Handler
                0x08003510       0x44 Middlewares\Third_Party\FreeRTOS\Source\portable\GCC\ARM_CM3\port.o
                0x08003510                PendSV_Handler
 .text.xPortSysTickHandler
                0x08003554       0x2c Middlewares\Third_Party\FreeRTOS\Source\portable\GCC\ARM_CM3\port.o
                0x08003554                xPortSysTickHandler
 .text.vPortSetupTimerInterrupt
                0x08003580       0x34 Middlewares\Third_Party\FreeRTOS\Source\portable\GCC\ARM_CM3\port.o
                0x08003580                vPortSetupTimerInterrupt
 .text.xPortStartScheduler
                0x080035b4       0xb4 Middlewares\Third_Party\FreeRTOS\Source\portable\GCC\ARM_CM3\port.o
                0x080035b4                xPortStartScheduler
 .text.unlikely.prvInsertBlockIntoFreeList
                0x08003668       0x48 Middlewares\Third_Party\FreeRTOS\Source\portable\MemMang\heap_4.o
 .text.pvPortMalloc
                0x080036b0      0x11c Middlewares\Third_Party\FreeRTOS\Source\portable\MemMang\heap_4.o
                0x080036b0                pvPortMalloc
 .text.vPortFree
                0x080037cc       0x70 Middlewares\Third_Party\FreeRTOS\Source\portable\MemMang\heap_4.o
                0x080037cc                vPortFree
 .text.prvIsQueueEmpty
                0x0800383c       0x16 Middlewares\Third_Party\FreeRTOS\Source\queue.o
 .text.unlikely.prvCopyDataToQueue
                0x08003852       0x66 Middlewares\Third_Party\FreeRTOS\Source\queue.o
 .text.prvUnlockQueue
                0x080038b8       0x70 Middlewares\Third_Party\FreeRTOS\Source\queue.o
 .text.xQueueGenericReset
                0x08003928       0x80 Middlewares\Third_Party\FreeRTOS\Source\queue.o
                0x08003928                xQueueGenericReset
 .text.xQueueGenericCreate
                0x080039a8       0x48 Middlewares\Third_Party\FreeRTOS\Source\queue.o
                0x080039a8                xQueueGenericCreate
 .text.xQueueGenericSend
                0x080039f0      0x16c Middlewares\Third_Party\FreeRTOS\Source\queue.o
                0x080039f0                xQueueGenericSend
 .text.xQueueSemaphoreTake
                0x08003b5c      0x180 Middlewares\Third_Party\FreeRTOS\Source\queue.o
                0x08003b5c                xQueueSemaphoreTake
 .text.prvAddNewTaskToReadyList
                0x08003cdc       0xf8 Middlewares\Third_Party\FreeRTOS\Source\tasks.o
 .text.prvResetNextTaskUnblockTime
                0x08003dd4       0x24 Middlewares\Third_Party\FreeRTOS\Source\tasks.o
 .text.prvInitialiseNewTask.isra.2
                0x08003df8       0x82 Middlewares\Third_Party\FreeRTOS\Source\tasks.o
 .text.prvDeleteTCB
                0x08003e7a       0x36 Middlewares\Third_Party\FreeRTOS\Source\tasks.o
 .text.prvIdleTask
                0x08003eb0       0x64 Middlewares\Third_Party\FreeRTOS\Source\tasks.o
 .text.prvAddCurrentTaskToDelayedList
                0x08003f14       0x8c Middlewares\Third_Party\FreeRTOS\Source\tasks.o
 .text.xTaskCreateStatic
                0x08003fa0       0x6e Middlewares\Third_Party\FreeRTOS\Source\tasks.o
                0x08003fa0                xTaskCreateStatic
 .text.xTaskCreate
                0x0800400e       0x5a Middlewares\Third_Party\FreeRTOS\Source\tasks.o
                0x0800400e                xTaskCreate
 .text.vTaskDelete
                0x08004068       0xd4 Middlewares\Third_Party\FreeRTOS\Source\tasks.o
                0x08004068                vTaskDelete
 .text.vTaskStartScheduler
                0x0800413c       0x6c Middlewares\Third_Party\FreeRTOS\Source\tasks.o
                0x0800413c                vTaskStartScheduler
 .text.vTaskSuspendAll
                0x080041a8       0x10 Middlewares\Third_Party\FreeRTOS\Source\tasks.o
                0x080041a8                vTaskSuspendAll
 .text.xTaskGetTickCount
                0x080041b8        0xc Middlewares\Third_Party\FreeRTOS\Source\tasks.o
                0x080041b8                xTaskGetTickCount
 .text.xTaskIncrementTick
                0x080041c4      0x124 Middlewares\Third_Party\FreeRTOS\Source\tasks.o
                0x080041c4                xTaskIncrementTick
 .text.xTaskResumeAll
                0x080042e8       0xf0 Middlewares\Third_Party\FreeRTOS\Source\tasks.o
                0x080042e8                xTaskResumeAll
 .text.vTaskDelay
                0x080043d8       0x48 Middlewares\Third_Party\FreeRTOS\Source\tasks.o
                0x080043d8                vTaskDelay
 .text.vTaskSwitchContext
                0x08004420       0x74 Middlewares\Third_Party\FreeRTOS\Source\tasks.o
                0x08004420                vTaskSwitchContext
 .text.vTaskPlaceOnEventList
                0x08004494       0x34 Middlewares\Third_Party\FreeRTOS\Source\tasks.o
                0x08004494                vTaskPlaceOnEventList
 .text.xTaskRemoveFromEventList
                0x080044c8       0x84 Middlewares\Third_Party\FreeRTOS\Source\tasks.o
                0x080044c8                xTaskRemoveFromEventList
 .text.vTaskInternalSetTimeOutState
                0x0800454c       0x18 Middlewares\Third_Party\FreeRTOS\Source\tasks.o
                0x0800454c                vTaskInternalSetTimeOutState
 .text.xTaskCheckForTimeOut
                0x08004564       0x78 Middlewares\Third_Party\FreeRTOS\Source\tasks.o
                0x08004564                xTaskCheckForTimeOut
 .text.vTaskMissedYield
                0x080045dc        0xc Middlewares\Third_Party\FreeRTOS\Source\tasks.o
                0x080045dc                vTaskMissedYield
 .text.xTaskGetSchedulerState
                0x080045e8       0x20 Middlewares\Third_Party\FreeRTOS\Source\tasks.o
                0x080045e8                xTaskGetSchedulerState
 .text.xTaskPriorityInherit
                0x08004608       0xa8 Middlewares\Third_Party\FreeRTOS\Source\tasks.o
                0x08004608                xTaskPriorityInherit
 .text.xTaskPriorityDisinherit
                0x080046b0       0xa0 Middlewares\Third_Party\FreeRTOS\Source\tasks.o
                0x080046b0                xTaskPriorityDisinherit
 .text.vTaskPriorityDisinheritAfterTimeout
                0x08004750       0xb0 Middlewares\Third_Party\FreeRTOS\Source\tasks.o
                0x08004750                vTaskPriorityDisinheritAfterTimeout
 .text.pvTaskIncrementMutexHeldCount
                0x08004800       0x18 Middlewares\Third_Party\FreeRTOS\Source\tasks.o
                0x08004800                pvTaskIncrementMutexHeldCount
 .text.xAligningTask
                0x08004818      0x1b4 Src\aligningTask.o
                0x08004818                xAligningTask
 .text.scanAnalogInput
                0x080049cc       0xd4 Src\analogFunctions.o
                0x080049cc                scanAnalogInput
 .text.get_modbus_address
                0x08004aa0       0x7c Src\controllerInit.o
                0x08004aa0                get_modbus_address
 .text.controller_init
                0x08004b1c       0xc0 Src\controllerInit.o
                0x08004b1c                controller_init
 .text.testing_led_blynk
                0x08004bdc      0x144 Src\controllerInit.o
                0x08004bdc                testing_led_blynk
 .text.step_error_led_blynk
                0x08004d20       0xd0 Src\controllerInit.o
                0x08004d20                step_error_led_blynk
 .text.idle_led_blynk
                0x08004df0      0x124 Src\controllerInit.o
                0x08004df0                idle_led_blynk
 .text.indicationTask
                0x08004f14       0xa4 Src\controllerInit.o
                0x08004f14                indicationTask
 .text.vApplicationGetIdleTaskMemory
                0x08004fb8       0x18 Src\freertos.o
                0x08004fb8                vApplicationGetIdleTaskMemory
 .text.SystemClock_Config
                0x08004fd0       0x78 Src\main.o
                0x08004fd0                SystemClock_Config
 .text.startup.main
                0x08005048      0x1dc Src\main.o
                0x08005048                main
 .text.HAL_ADC_ConvCpltCallback
                0x08005224       0x1c Src\main.o
                0x08005224                HAL_ADC_ConvCpltCallback
 .text.__critical_enter
                0x08005240        0x4 Src\main.o
                0x08005240                __critical_enter
 .text.__critical_exit
                0x08005244        0x4 Src\main.o
                0x08005244                __critical_exit
 .text.xModbusPollTask
                0x08005248        0xe Src\modbusPollTask.o
                0x08005248                xModbusPollTask
 *fill*         0x08005256        0x2 
 .text.eMBRegInputCB
                0x08005258       0xac Src\modbusPollTask.o
                0x08005258                eMBRegInputCB
 .text.eMBRegHoldingCB
                0x08005304       0xb8 Src\modbusPollTask.o
                0x08005304                eMBRegHoldingCB
 .text.eMBRegCoilsCB
                0x080053bc       0x94 Src\modbusPollTask.o
                0x080053bc                eMBRegCoilsCB
 .text.eMBRegDiscreteCB
                0x08005450        0x4 Src\modbusPollTask.o
                0x08005450                eMBRegDiscreteCB
 .text.scanBtnsTask
                0x08005454       0xf0 Src\scanBtnsTask.o
                0x08005454                scanBtnsTask
 .text.HAL_MspInit
                0x08005544       0x50 Src\stm32f1xx_hal_msp.o
                0x08005544                HAL_MspInit
 .text.HAL_ADC_MspInit
                0x08005594       0x6c Src\stm32f1xx_hal_msp.o
                0x08005594                HAL_ADC_MspInit
 .text.HAL_TIM_Base_MspInit
                0x08005600       0x68 Src\stm32f1xx_hal_msp.o
                0x08005600                HAL_TIM_Base_MspInit
 .text.HAL_UART_MspInit
                0x08005668       0x88 Src\stm32f1xx_hal_msp.o
                0x08005668                HAL_UART_MspInit
 .text.draw_digit
                0x080056f0       0xa4 Src\stm32f1xx_it.o
                0x080056f0                draw_digit
 .text.NMI_Handler
                0x08005794        0x2 Src\stm32f1xx_it.o
                0x08005794                NMI_Handler
 .text.HardFault_Handler
                0x08005796        0x2 Src\stm32f1xx_it.o
                0x08005796                HardFault_Handler
 .text.MemManage_Handler
                0x08005798        0x2 Src\stm32f1xx_it.o
                0x08005798                MemManage_Handler
 .text.BusFault_Handler
                0x0800579a        0x2 Src\stm32f1xx_it.o
                0x0800579a                BusFault_Handler
 .text.UsageFault_Handler
                0x0800579c        0x2 Src\stm32f1xx_it.o
                0x0800579c                UsageFault_Handler
 .text.DebugMon_Handler
                0x0800579e        0x2 Src\stm32f1xx_it.o
                0x0800579e                DebugMon_Handler
 .text.SysTick_Handler
                0x080057a0       0x18 Src\stm32f1xx_it.o
                0x080057a0                SysTick_Handler
 .text.ADC1_2_IRQHandler
                0x080057b8        0xc Src\stm32f1xx_it.o
                0x080057b8                ADC1_2_IRQHandler
 .text.USART1_IRQHandler
                0x080057c4       0x68 Src\stm32f1xx_it.o
                0x080057c4                USART1_IRQHandler
 .text.TIM6_IRQHandler
                0x0800582c       0x74 Src\stm32f1xx_it.o
                0x0800582c                TIM6_IRQHandler
 .text.TIM7_IRQHandler
                0x080058a0        0xc Src\stm32f1xx_it.o
                0x080058a0                TIM7_IRQHandler
 .text._getpid  0x080058ac        0x4 Src\syscalls.o
                0x080058ac                _getpid
 .text._kill    0x080058b0       0x10 Src\syscalls.o
                0x080058b0                _kill
 .text._exit    0x080058c0        0xc Src\syscalls.o
                0x080058c0                _exit
 .text._read    0x080058cc       0x1c Src\syscalls.o
                0x080058cc                _read
 .text._write   0x080058e8       0x1c Src\syscalls.o
                0x080058e8                _write
 .text._sbrk    0x08005904       0x34 Src\syscalls.o
                0x08005904                _sbrk
 .text._close   0x08005938        0x6 Src\syscalls.o
                0x08005938                _close
 .text._fstat   0x0800593e        0xa Src\syscalls.o
                0x0800593e                _fstat
 .text._isatty  0x08005948        0x4 Src\syscalls.o
                0x08005948                _isatty
 .text._lseek   0x0800594c        0x4 Src\syscalls.o
                0x0800594c                _lseek
 .text.SystemInit
                0x08005950       0x58 Src\system_stm32f1xx.o
                0x08005950                SystemInit
 .text.xTestingTask
                0x080059a8       0xb0 Src\testingTask.o
                0x080059a8                xTestingTask
 .text.all_led_off
                0x08005a58       0x7c Src\utils.o
                0x08005a58                all_led_off
 .text.adc_to_bar
                0x08005ad4       0x50 Src\utils.o
                0x08005ad4                adc_to_bar
 .text.bar_to_adc
                0x08005b24       0x40 Src\utils.o
                0x08005b24                bar_to_adc
 .text.bar_to_adc_diff
                0x08005b64       0x38 Src\utils.o
                0x08005b64                bar_to_adc_diff
 .text.calculate_test_params
                0x08005b9c       0x58 Src\utils.o
                0x08005b9c                calculate_test_params
 .text.Reset_Handler
                0x08005bf4       0x44 startup\startup_stm32f105xc.o
                0x08005bf4                Reset_Handler
 .text.Default_Handler
                0x08005c38        0x2 startup\startup_stm32f105xc.o
                0x08005c38                RTC_Alarm_IRQHandler
                0x08005c38                EXTI2_IRQHandler
                0x08005c38                TIM1_CC_IRQHandler
                0x08005c38                PVD_IRQHandler
                0x08005c38                CAN2_RX1_IRQHandler
                0x08005c38                EXTI3_IRQHandler
                0x08005c38                EXTI0_IRQHandler
                0x08005c38                I2C2_EV_IRQHandler
                0x08005c38                CAN1_RX0_IRQHandler
                0x08005c38                CAN2_SCE_IRQHandler
                0x08005c38                SPI1_IRQHandler
                0x08005c38                TAMPER_IRQHandler
                0x08005c38                CAN2_RX0_IRQHandler
                0x08005c38                DMA2_Channel2_IRQHandler
                0x08005c38                DMA1_Channel4_IRQHandler
                0x08005c38                USART3_IRQHandler
                0x08005c38                RTC_IRQHandler
                0x08005c38                DMA1_Channel7_IRQHandler
                0x08005c38                CAN1_RX1_IRQHandler
                0x08005c38                UART5_IRQHandler
                0x08005c38                TIM4_IRQHandler
                0x08005c38                DMA2_Channel1_IRQHandler
                0x08005c38                I2C1_EV_IRQHandler
                0x08005c38                DMA1_Channel6_IRQHandler
                0x08005c38                UART4_IRQHandler
                0x08005c38                DMA2_Channel4_IRQHandler
                0x08005c38                TIM3_IRQHandler
                0x08005c38                RCC_IRQHandler
                0x08005c38                TIM1_TRG_COM_IRQHandler
                0x08005c38                DMA1_Channel1_IRQHandler
                0x08005c38                Default_Handler
                0x08005c38                EXTI15_10_IRQHandler
                0x08005c38                CAN2_TX_IRQHandler
                0x08005c38                TIM5_IRQHandler
                0x08005c38                EXTI9_5_IRQHandler
                0x08005c38                SPI2_IRQHandler
                0x08005c38                CAN1_TX_IRQHandler
                0x08005c38                DMA2_Channel5_IRQHandler
                0x08005c38                DMA1_Channel5_IRQHandler
                0x08005c38                EXTI4_IRQHandler
                0x08005c38                DMA1_Channel3_IRQHandler
                0x08005c38                TIM1_UP_IRQHandler
                0x08005c38                WWDG_IRQHandler
                0x08005c38                TIM2_IRQHandler
                0x08005c38                OTG_FS_WKUP_IRQHandler
                0x08005c38                TIM1_BRK_IRQHandler
                0x08005c38                EXTI1_IRQHandler
                0x08005c38                USART2_IRQHandler
                0x08005c38                I2C2_ER_IRQHandler
                0x08005c38                DMA1_Channel2_IRQHandler
                0x08005c38                CAN1_SCE_IRQHandler
                0x08005c38                FLASH_IRQHandler
                0x08005c38                OTG_FS_IRQHandler
                0x08005c38                SPI3_IRQHandler
                0x08005c38                I2C1_ER_IRQHandler
                0x08005c38                DMA2_Channel3_IRQHandler
 *fill*         0x08005c3a        0x2 
 .text.__assert_func
                0x08005c3c       0x3c c:/program files (x86)/atollic/truestudio for stm32 9.3.0/armtools/bin/../lib/gcc/arm-atollic-eabi/6.3.1/../../../../arm-atollic-eabi/lib/armv7-m\libc_nano.a(lib_a-assert.o)
                0x08005c3c                __assert_func
 .text.__errno  0x08005c78        0xc c:/program files (x86)/atollic/truestudio for stm32 9.3.0/armtools/bin/../lib/gcc/arm-atollic-eabi/6.3.1/../../../../arm-atollic-eabi/lib/armv7-m\libc_nano.a(lib_a-errno.o)
                0x08005c78                __errno
 .text.fprintf  0x08005c84       0x24 c:/program files (x86)/atollic/truestudio for stm32 9.3.0/armtools/bin/../lib/gcc/arm-atollic-eabi/6.3.1/../../../../arm-atollic-eabi/lib/armv7-m\libc_nano.a(lib_a-fprintf.o)
                0x08005c84                fiprintf
                0x08005c84                fprintf
 .text.memcpy   0x08005ca8       0x16 c:/program files (x86)/atollic/truestudio for stm32 9.3.0/armtools/bin/../lib/gcc/arm-atollic-eabi/6.3.1/../../../../arm-atollic-eabi/lib/armv7-m\libc_nano.a(lib_a-memcpy-stub.o)
                0x08005ca8                memcpy
 .text.memset   0x08005cbe       0x10 c:/program files (x86)/atollic/truestudio for stm32 9.3.0/armtools/bin/../lib/gcc/arm-atollic-eabi/6.3.1/../../../../arm-atollic-eabi/lib/armv7-m\libc_nano.a(lib_a-memset.o)
                0x08005cbe                memset
 .text.__sfputc_r
                0x08005cce       0x2c c:/program files (x86)/atollic/truestudio for stm32 9.3.0/armtools/bin/../lib/gcc/arm-atollic-eabi/6.3.1/../../../../arm-atollic-eabi/lib/armv7-m\libc_nano.a(lib_a-nano-vfprintf.o)
 .text.__sfputs_r
                0x08005cfa       0x24 c:/program files (x86)/atollic/truestudio for stm32 9.3.0/armtools/bin/../lib/gcc/arm-atollic-eabi/6.3.1/../../../../arm-atollic-eabi/lib/armv7-m\libc_nano.a(lib_a-nano-vfprintf.o)
                0x08005cfa                __sfputs_r
 *fill*         0x08005d1e        0x2 
 .text._vfprintf_r
                0x08005d20      0x22c c:/program files (x86)/atollic/truestudio for stm32 9.3.0/armtools/bin/../lib/gcc/arm-atollic-eabi/6.3.1/../../../../arm-atollic-eabi/lib/armv7-m\libc_nano.a(lib_a-nano-vfprintf.o)
                0x08005d20                _vfprintf_r
                0x08005d20                _vfiprintf_r
 .text._printf_common
                0x08005f4c       0xee c:/program files (x86)/atollic/truestudio for stm32 9.3.0/armtools/bin/../lib/gcc/arm-atollic-eabi/6.3.1/../../../../arm-atollic-eabi/lib/armv7-m\libc_nano.a(lib_a-nano-vfprintf_i.o)
                0x08005f4c                _printf_common
 *fill*         0x0800603a        0x2 
 .text._printf_i
                0x0800603c      0x240 c:/program files (x86)/atollic/truestudio for stm32 9.3.0/armtools/bin/../lib/gcc/arm-atollic-eabi/6.3.1/../../../../arm-atollic-eabi/lib/armv7-m\libc_nano.a(lib_a-nano-vfprintf_i.o)
                0x0800603c                _printf_i
 .text.__swbuf_r
                0x0800627c       0xa4 c:/program files (x86)/atollic/truestudio for stm32 9.3.0/armtools/bin/../lib/gcc/arm-atollic-eabi/6.3.1/../../../../arm-atollic-eabi/lib/armv7-m\libc_nano.a(lib_a-wbuf.o)
                0x0800627c                __swbuf_r
 .text.__swsetup_r
                0x08006320       0xdc c:/program files (x86)/atollic/truestudio for stm32 9.3.0/armtools/bin/../lib/gcc/arm-atollic-eabi/6.3.1/../../../../arm-atollic-eabi/lib/armv7-m\libc_nano.a(lib_a-wsetup.o)
                0x08006320                __swsetup_r
 .text.abort    0x080063fc        0xe c:/program files (x86)/atollic/truestudio for stm32 9.3.0/armtools/bin/../lib/gcc/arm-atollic-eabi/6.3.1/../../../../arm-atollic-eabi/lib/armv7-m\libc_nano.a(lib_a-abort.o)
                0x080063fc                abort
 *fill*         0x0800640a        0x2 
 .text.__sflush_r
                0x0800640c      0x110 c:/program files (x86)/atollic/truestudio for stm32 9.3.0/armtools/bin/../lib/gcc/arm-atollic-eabi/6.3.1/../../../../arm-atollic-eabi/lib/armv7-m\libc_nano.a(lib_a-fflush.o)
                0x0800640c                __sflush_r
 .text._fflush_r
                0x0800651c       0x54 c:/program files (x86)/atollic/truestudio for stm32 9.3.0/armtools/bin/../lib/gcc/arm-atollic-eabi/6.3.1/../../../../arm-atollic-eabi/lib/armv7-m\libc_nano.a(lib_a-fflush.o)
                0x0800651c                _fflush_r
 .text._cleanup_r
                0x08006570        0xc c:/program files (x86)/atollic/truestudio for stm32 9.3.0/armtools/bin/../lib/gcc/arm-atollic-eabi/6.3.1/../../../../arm-atollic-eabi/lib/armv7-m\libc_nano.a(lib_a-findfp.o)
                0x08006570                _cleanup_r
 .text.std.isra.0
                0x0800657c       0x48 c:/program files (x86)/atollic/truestudio for stm32 9.3.0/armtools/bin/../lib/gcc/arm-atollic-eabi/6.3.1/../../../../arm-atollic-eabi/lib/armv7-m\libc_nano.a(lib_a-findfp.o)
 .text.__sfmoreglue
                0x080065c4       0x2c c:/program files (x86)/atollic/truestudio for stm32 9.3.0/armtools/bin/../lib/gcc/arm-atollic-eabi/6.3.1/../../../../arm-atollic-eabi/lib/armv7-m\libc_nano.a(lib_a-findfp.o)
                0x080065c4                __sfmoreglue
 .text.__sinit  0x080065f0       0x60 c:/program files (x86)/atollic/truestudio for stm32 9.3.0/armtools/bin/../lib/gcc/arm-atollic-eabi/6.3.1/../../../../arm-atollic-eabi/lib/armv7-m\libc_nano.a(lib_a-findfp.o)
                0x080065f0                __sinit
 .text.__sfp    0x08006650       0x78 c:/program files (x86)/atollic/truestudio for stm32 9.3.0/armtools/bin/../lib/gcc/arm-atollic-eabi/6.3.1/../../../../arm-atollic-eabi/lib/armv7-m\libc_nano.a(lib_a-findfp.o)
                0x08006650                __sfp
 .text._fwalk_reent
                0x080066c8       0x3c c:/program files (x86)/atollic/truestudio for stm32 9.3.0/armtools/bin/../lib/gcc/arm-atollic-eabi/6.3.1/../../../../arm-atollic-eabi/lib/armv7-m\libc_nano.a(lib_a-fwalk.o)
                0x080066c8                _fwalk_reent
 .text.__swhatbuf_r
                0x08006704       0x48 c:/program files (x86)/atollic/truestudio for stm32 9.3.0/armtools/bin/../lib/gcc/arm-atollic-eabi/6.3.1/../../../../arm-atollic-eabi/lib/armv7-m\libc_nano.a(lib_a-makebuf.o)
                0x08006704                __swhatbuf_r
 .text.__smakebuf_r
                0x0800674c       0x80 c:/program files (x86)/atollic/truestudio for stm32 9.3.0/armtools/bin/../lib/gcc/arm-atollic-eabi/6.3.1/../../../../arm-atollic-eabi/lib/armv7-m\libc_nano.a(lib_a-makebuf.o)
                0x0800674c                __smakebuf_r
 .text.memchr   0x080067cc       0x1c c:/program files (x86)/atollic/truestudio for stm32 9.3.0/armtools/bin/../lib/gcc/arm-atollic-eabi/6.3.1/../../../../arm-atollic-eabi/lib/armv7-m\libc_nano.a(lib_a-memchr-stub.o)
                0x080067cc                memchr
 .text._free_r  0x080067e8       0x98 c:/program files (x86)/atollic/truestudio for stm32 9.3.0/armtools/bin/../lib/gcc/arm-atollic-eabi/6.3.1/../../../../arm-atollic-eabi/lib/armv7-m\libc_nano.a(lib_a-nano-freer.o)
                0x080067e8                _free_r
 .text._malloc_r
                0x08006880       0xbc c:/program files (x86)/atollic/truestudio for stm32 9.3.0/armtools/bin/../lib/gcc/arm-atollic-eabi/6.3.1/../../../../arm-atollic-eabi/lib/armv7-m\libc_nano.a(lib_a-nano-mallocr.o)
                0x08006880                _malloc_r
 .text._sbrk_r  0x0800693c       0x20 c:/program files (x86)/atollic/truestudio for stm32 9.3.0/armtools/bin/../lib/gcc/arm-atollic-eabi/6.3.1/../../../../arm-atollic-eabi/lib/armv7-m\libc_nano.a(lib_a-sbrkr.o)
                0x0800693c                _sbrk_r
 .text._raise_r
                0x0800695c       0x50 c:/program files (x86)/atollic/truestudio for stm32 9.3.0/armtools/bin/../lib/gcc/arm-atollic-eabi/6.3.1/../../../../arm-atollic-eabi/lib/armv7-m\libc_nano.a(lib_a-signal.o)
                0x0800695c                _raise_r
 .text.raise    0x080069ac       0x10 c:/program files (x86)/atollic/truestudio for stm32 9.3.0/armtools/bin/../lib/gcc/arm-atollic-eabi/6.3.1/../../../../arm-atollic-eabi/lib/armv7-m\libc_nano.a(lib_a-signal.o)
                0x080069ac                raise
 .text._kill_r  0x080069bc       0x24 c:/program files (x86)/atollic/truestudio for stm32 9.3.0/armtools/bin/../lib/gcc/arm-atollic-eabi/6.3.1/../../../../arm-atollic-eabi/lib/armv7-m\libc_nano.a(lib_a-signalr.o)
                0x080069bc                _kill_r
 .text._getpid_r
                0x080069e0        0x4 c:/program files (x86)/atollic/truestudio for stm32 9.3.0/armtools/bin/../lib/gcc/arm-atollic-eabi/6.3.1/../../../../arm-atollic-eabi/lib/armv7-m\libc_nano.a(lib_a-signalr.o)
                0x080069e0                _getpid_r
 .text.__sread  0x080069e4       0x22 c:/program files (x86)/atollic/truestudio for stm32 9.3.0/armtools/bin/../lib/gcc/arm-atollic-eabi/6.3.1/../../../../arm-atollic-eabi/lib/armv7-m\libc_nano.a(lib_a-stdio.o)
                0x080069e4                __sread
 .text.__swrite
                0x08006a06       0x38 c:/program files (x86)/atollic/truestudio for stm32 9.3.0/armtools/bin/../lib/gcc/arm-atollic-eabi/6.3.1/../../../../arm-atollic-eabi/lib/armv7-m\libc_nano.a(lib_a-stdio.o)
                0x08006a06                __swrite
 .text.__sseek  0x08006a3e       0x24 c:/program files (x86)/atollic/truestudio for stm32 9.3.0/armtools/bin/../lib/gcc/arm-atollic-eabi/6.3.1/../../../../arm-atollic-eabi/lib/armv7-m\libc_nano.a(lib_a-stdio.o)
                0x08006a3e                __sseek
 .text.__sclose
                0x08006a62        0x8 c:/program files (x86)/atollic/truestudio for stm32 9.3.0/armtools/bin/../lib/gcc/arm-atollic-eabi/6.3.1/../../../../arm-atollic-eabi/lib/armv7-m\libc_nano.a(lib_a-stdio.o)
                0x08006a62                __sclose
 *fill*         0x08006a6a        0x2 
 .text._write_r
                0x08006a6c       0x24 c:/program files (x86)/atollic/truestudio for stm32 9.3.0/armtools/bin/../lib/gcc/arm-atollic-eabi/6.3.1/../../../../arm-atollic-eabi/lib/armv7-m\libc_nano.a(lib_a-writer.o)
                0x08006a6c                _write_r
 .text._close_r
                0x08006a90       0x20 c:/program files (x86)/atollic/truestudio for stm32 9.3.0/armtools/bin/../lib/gcc/arm-atollic-eabi/6.3.1/../../../../arm-atollic-eabi/lib/armv7-m\libc_nano.a(lib_a-closer.o)
                0x08006a90                _close_r
 .text._fstat_r
                0x08006ab0       0x24 c:/program files (x86)/atollic/truestudio for stm32 9.3.0/armtools/bin/../lib/gcc/arm-atollic-eabi/6.3.1/../../../../arm-atollic-eabi/lib/armv7-m\libc_nano.a(lib_a-fstatr.o)
                0x08006ab0                _fstat_r
 .text._isatty_r
                0x08006ad4       0x20 c:/program files (x86)/atollic/truestudio for stm32 9.3.0/armtools/bin/../lib/gcc/arm-atollic-eabi/6.3.1/../../../../arm-atollic-eabi/lib/armv7-m\libc_nano.a(lib_a-isattyr.o)
                0x08006ad4                _isatty_r
 .text._lseek_r
                0x08006af4       0x24 c:/program files (x86)/atollic/truestudio for stm32 9.3.0/armtools/bin/../lib/gcc/arm-atollic-eabi/6.3.1/../../../../arm-atollic-eabi/lib/armv7-m\libc_nano.a(lib_a-lseekr.o)
                0x08006af4                _lseek_r
 .text.__malloc_lock
                0x08006b18        0x2 c:/program files (x86)/atollic/truestudio for stm32 9.3.0/armtools/bin/../lib/gcc/arm-atollic-eabi/6.3.1/../../../../arm-atollic-eabi/lib/armv7-m\libc_nano.a(lib_a-mlock.o)
                0x08006b18                __malloc_lock
 .text.__malloc_unlock
                0x08006b1a        0x2 c:/program files (x86)/atollic/truestudio for stm32 9.3.0/armtools/bin/../lib/gcc/arm-atollic-eabi/6.3.1/../../../../arm-atollic-eabi/lib/armv7-m\libc_nano.a(lib_a-mlock.o)
                0x08006b1a                __malloc_unlock
 .text._read_r  0x08006b1c       0x24 c:/program files (x86)/atollic/truestudio for stm32 9.3.0/armtools/bin/../lib/gcc/arm-atollic-eabi/6.3.1/../../../../arm-atollic-eabi/lib/armv7-m\libc_nano.a(lib_a-readr.o)
                0x08006b1c                _read_r
 *(.glue_7)
 .glue_7        0x08006b40        0x0 linker stubs
 *(.glue_7t)
 .glue_7t       0x08006b40        0x0 linker stubs
 *(.eh_frame)
 .eh_frame      0x08006b40        0x0 c:/program files (x86)/atollic/truestudio for stm32 9.3.0/armtools/bin/../lib/gcc/arm-atollic-eabi/6.3.1/armv7-m/crtbegin.o
 *(.init)
 .init          0x08006b40        0x4 c:/program files (x86)/atollic/truestudio for stm32 9.3.0/armtools/bin/../lib/gcc/arm-atollic-eabi/6.3.1/armv7-m/crti.o
                0x08006b40                _init
 .init          0x08006b44        0x8 c:/program files (x86)/atollic/truestudio for stm32 9.3.0/armtools/bin/../lib/gcc/arm-atollic-eabi/6.3.1/armv7-m/crtn.o
 *(.fini)
 .fini          0x08006b4c        0x4 c:/program files (x86)/atollic/truestudio for stm32 9.3.0/armtools/bin/../lib/gcc/arm-atollic-eabi/6.3.1/armv7-m/crti.o
                0x08006b4c                _fini
 .fini          0x08006b50        0x8 c:/program files (x86)/atollic/truestudio for stm32 9.3.0/armtools/bin/../lib/gcc/arm-atollic-eabi/6.3.1/armv7-m/crtn.o
                0x08006b58                . = ALIGN (0x4)
                0x08006b58                _etext = .

.vfp11_veneer   0x08006b58        0x0
 .vfp11_veneer  0x08006b58        0x0 linker stubs

.v4_bx          0x08006b58        0x0
 .v4_bx         0x08006b58        0x0 linker stubs

.iplt           0x08006b58        0x0
 .iplt          0x08006b58        0x0 c:/program files (x86)/atollic/truestudio for stm32 9.3.0/armtools/bin/../lib/gcc/arm-atollic-eabi/6.3.1/armv7-m/crtbegin.o

.rodata         0x08006b58      0x4a4
                0x08006b58                . = ALIGN (0x4)
 *(.rodata)
 .rodata        0x08006b58       0x1e Drivers\STM32F1xx_HAL_Driver\Src\stm32f1xx_hal_rcc.o
 *(.rodata*)
 .rodata.CSWTCH.7
                0x08006b76        0x8 Drivers\modbus\functions\mbutils.o
 .rodata.__func__.5145
                0x08006b7e        0xf Drivers\modbus\functions\mbutils.o
 .rodata.xMBUtilSetBits.str1.1
                0x08006b8d       0x33 Drivers\modbus\functions\mbutils.o
 .rodata.aucCRCHi
                0x08006bc0      0x100 Drivers\modbus\rtu\mbcrc.o
 .rodata.aucCRCLo
                0x08006cc0      0x100 Drivers\modbus\rtu\mbcrc.o
 .rodata.__func__.5214
                0x08006dc0        0xe Drivers\modbus\rtu\mbrtu.o
 .rodata.__func__.5227
                0x08006dce       0x11 Drivers\modbus\rtu\mbrtu.o
 .rodata.__func__.5237
                0x08006ddf       0x12 Drivers\modbus\rtu\mbrtu.o
 .rodata.__func__.5250
                0x08006df1       0x16 Drivers\modbus\rtu\mbrtu.o
 .rodata.eMBRTUReceive.str1.1
                0x08006e07       0x43 Drivers\modbus\rtu\mbrtu.o
 .rodata.xMBRTUReceiveFSM.str1.1
                0x08006e4a       0x1b Drivers\modbus\rtu\mbrtu.o
 .rodata.xMBRTUTimerT35Expired.str1.1
                0x08006e65       0x63 Drivers\modbus\rtu\mbrtu.o
 .rodata.xMBRTUTransmitFSM.str1.1
                0x08006ec8       0x1b Drivers\modbus\rtu\mbrtu.o
 .rodata.vTaskStartScheduler.str1.1
                0x08006ee3       0x1b Middlewares\Third_Party\FreeRTOS\Source\tasks.o
                                  0x5 (size before relaxing)
 .rodata.xAligningTask.str1.1
                0x08006ee3        0x8 Src\aligningTask.o
 .rodata.controller_init.str1.1
                0x08006eeb       0x19 Src\controllerInit.o
 .rodata.scanBtnsTask.str1.1
                0x08006f04        0x9 Src\scanBtnsTask.o
 .rodata.AHBPrescTable
                0x08006f0d       0x10 Src\system_stm32f1xx.o
                0x08006f0d                AHBPrescTable
 .rodata.APBPrescTable
                0x08006f1d        0x8 Src\system_stm32f1xx.o
                0x08006f1d                APBPrescTable
 .rodata.xTestingTask.str1.1
                0x08006f25        0x9 Src\testingTask.o
 .rodata.__assert_func.str1.1
                0x08006f25       0x3c c:/program files (x86)/atollic/truestudio for stm32 9.3.0/armtools/bin/../lib/gcc/arm-atollic-eabi/6.3.1/../../../../arm-atollic-eabi/lib/armv7-m\libc_nano.a(lib_a-assert.o)
                                 0x3d (size before relaxing)
 *fill*         0x08006f61        0x3 
 .rodata._global_impure_ptr
                0x08006f64        0x4 c:/program files (x86)/atollic/truestudio for stm32 9.3.0/armtools/bin/../lib/gcc/arm-atollic-eabi/6.3.1/../../../../arm-atollic-eabi/lib/armv7-m\libc_nano.a(lib_a-impure.o)
                0x08006f64                _global_impure_ptr
 .rodata._vfprintf_r.str1.1
                0x08006f68       0x11 c:/program files (x86)/atollic/truestudio for stm32 9.3.0/armtools/bin/../lib/gcc/arm-atollic-eabi/6.3.1/../../../../arm-atollic-eabi/lib/armv7-m\libc_nano.a(lib_a-nano-vfprintf.o)
 .rodata._printf_i.str1.1
                0x08006f79       0x22 c:/program files (x86)/atollic/truestudio for stm32 9.3.0/armtools/bin/../lib/gcc/arm-atollic-eabi/6.3.1/../../../../arm-atollic-eabi/lib/armv7-m\libc_nano.a(lib_a-nano-vfprintf_i.o)
 *fill*         0x08006f9b        0x1 
 .rodata.__sf_fake_stderr
                0x08006f9c       0x20 c:/program files (x86)/atollic/truestudio for stm32 9.3.0/armtools/bin/../lib/gcc/arm-atollic-eabi/6.3.1/../../../../arm-atollic-eabi/lib/armv7-m\libc_nano.a(lib_a-findfp.o)
                0x08006f9c                __sf_fake_stderr
 .rodata.__sf_fake_stdin
                0x08006fbc       0x20 c:/program files (x86)/atollic/truestudio for stm32 9.3.0/armtools/bin/../lib/gcc/arm-atollic-eabi/6.3.1/../../../../arm-atollic-eabi/lib/armv7-m\libc_nano.a(lib_a-findfp.o)
                0x08006fbc                __sf_fake_stdin
 .rodata.__sf_fake_stdout
                0x08006fdc       0x20 c:/program files (x86)/atollic/truestudio for stm32 9.3.0/armtools/bin/../lib/gcc/arm-atollic-eabi/6.3.1/../../../../arm-atollic-eabi/lib/armv7-m\libc_nano.a(lib_a-findfp.o)
                0x08006fdc                __sf_fake_stdout
                0x08006ffc                . = ALIGN (0x4)

.ARM.extab
 *(.ARM.extab* .gnu.linkonce.armextab.*)

.ARM            0x08006ffc        0x8
                0x08006ffc                __exidx_start = .
 *(.ARM.exidx*)
 .ARM.exidx     0x08006ffc        0x8 c:/program files (x86)/atollic/truestudio for stm32 9.3.0/armtools/bin/../lib/gcc/arm-atollic-eabi/6.3.1/armv7-m\libgcc.a(_udivmoddi4.o)
                0x08007004                __exidx_end = .

.rel.dyn        0x08007004        0x0
 .rel.iplt      0x08007004        0x0 c:/program files (x86)/atollic/truestudio for stm32 9.3.0/armtools/bin/../lib/gcc/arm-atollic-eabi/6.3.1/armv7-m/crtbegin.o

.preinit_array  0x08007004        0x0
                [!provide]                PROVIDE (__preinit_array_start, .)
 *(.preinit_array*)
                [!provide]                PROVIDE (__preinit_array_end, .)

.init_array     0x08007004        0x4
                [!provide]                PROVIDE (__init_array_start, .)
 *(SORT(.init_array.*))
 *(.init_array*)
 .init_array    0x08007004        0x4 c:/program files (x86)/atollic/truestudio for stm32 9.3.0/armtools/bin/../lib/gcc/arm-atollic-eabi/6.3.1/armv7-m/crtbegin.o
                [!provide]                PROVIDE (__init_array_end, .)

.fini_array     0x08007008        0x4
                [!provide]                PROVIDE (__fini_array_start, .)
 *(SORT(.fini_array.*))
 *(.fini_array*)
 .fini_array    0x08007008        0x4 c:/program files (x86)/atollic/truestudio for stm32 9.3.0/armtools/bin/../lib/gcc/arm-atollic-eabi/6.3.1/armv7-m/crtbegin.o
                [!provide]                PROVIDE (__fini_array_end, .)
                0x0800700c                _sidata = LOADADDR (.data)

.data           0x20000000      0x108 load address 0x0800700c
                0x20000000                . = ALIGN (0x4)
                0x20000000                _sdata = .
 *(.data)
 *(.data*)
 .data.uwTickFreq
                0x20000000        0x1 Drivers\STM32F1xx_HAL_Driver\Src\stm32f1xx_hal.o
                0x20000000                uwTickFreq
 *fill*         0x20000001        0x3 
 .data.uwTickPrio
                0x20000004        0x4 Drivers\STM32F1xx_HAL_Driver\Src\stm32f1xx_hal.o
                0x20000004                uwTickPrio
 .data.eMBState
                0x20000008        0x1 Drivers\modbus\mb.o
 *fill*         0x20000009        0x3 
 .data.xFuncHandlers
                0x2000000c       0x80 Drivers\modbus\mb.o
 .data.uxCriticalNesting
                0x2000008c        0x4 Middlewares\Third_Party\FreeRTOS\Source\portable\GCC\ARM_CM3\port.o
 .data.counter_mb_ext
                0x20000090        0x2 Src\stm32f1xx_it.o
                0x20000090                counter_mb_ext
 .data.digitSegments
                0x20000092        0xc Src\structures.o
                0x20000092                digitSegments
 *fill*         0x2000009e        0x2 
 .data.SystemCoreClock
                0x200000a0        0x4 Src\system_stm32f1xx.o
                0x200000a0                SystemCoreClock
 .data._impure_ptr
                0x200000a4        0x4 c:/program files (x86)/atollic/truestudio for stm32 9.3.0/armtools/bin/../lib/gcc/arm-atollic-eabi/6.3.1/../../../../arm-atollic-eabi/lib/armv7-m\libc_nano.a(lib_a-impure.o)
                0x200000a4                _impure_ptr
 .data.impure_data
                0x200000a8       0x60 c:/program files (x86)/atollic/truestudio for stm32 9.3.0/armtools/bin/../lib/gcc/arm-atollic-eabi/6.3.1/../../../../arm-atollic-eabi/lib/armv7-m\libc_nano.a(lib_a-impure.o)
                0x20000108                . = ALIGN (0x4)
                0x20000108                _edata = .

.igot.plt       0x20000108        0x0 load address 0x08007114
 .igot.plt      0x20000108        0x0 c:/program files (x86)/atollic/truestudio for stm32 9.3.0/armtools/bin/../lib/gcc/arm-atollic-eabi/6.3.1/armv7-m/crtbegin.o
                0x20000108                . = ALIGN (0x4)

.bss            0x20000108     0x54a8 load address 0x08007114
                0x20000108                _sbss = .
                0x20000108                __bss_start__ = _sbss
 *(.bss)
 .bss           0x20000108       0x1c c:/program files (x86)/atollic/truestudio for stm32 9.3.0/armtools/bin/../lib/gcc/arm-atollic-eabi/6.3.1/armv7-m/crtbegin.o
 *(.bss*)
 .bss.ucMBSlaveID
                0x20000124       0x20 Drivers\modbus\functions\mbfuncother.o
 .bss.usMBSlaveIDLen
                0x20000144        0x2 Drivers\modbus\functions\mbfuncother.o
 .bss.eException.5268
                0x20000146        0x1 Drivers\modbus\mb.o
 *fill*         0x20000147        0x1 
 .bss.peMBFrameReceiveCur
                0x20000148        0x4 Drivers\modbus\mb.o
 .bss.peMBFrameSendCur
                0x2000014c        0x4 Drivers\modbus\mb.o
 .bss.pvMBFrameCloseCur
                0x20000150        0x4 Drivers\modbus\mb.o
 .bss.pvMBFrameStartCur
                0x20000154        0x4 Drivers\modbus\mb.o
 .bss.pvMBFrameStopCur
                0x20000158        0x4 Drivers\modbus\mb.o
 .bss.ucFunctionCode.5266
                0x2000015c        0x1 Drivers\modbus\mb.o
 .bss.ucMBAddress
                0x2000015d        0x1 Drivers\modbus\mb.o
 *fill*         0x2000015e        0x2 
 .bss.ucMBFrame.5264
                0x20000160        0x4 Drivers\modbus\mb.o
 .bss.ucRcvAddress.5265
                0x20000164        0x1 Drivers\modbus\mb.o
 *fill*         0x20000165        0x1 
 .bss.usLength.5267
                0x20000166        0x2 Drivers\modbus\mb.o
 .bss.eQueuedEvent
                0x20000168        0x1 Drivers\modbus\port\portevent.o
 .bss.xEventInQueue
                0x20000169        0x1 Drivers\modbus\port\portevent.o
 .bss.counter   0x2000016a        0x2 Drivers\modbus\port\porttimer.o
                0x2000016a                counter
 .bss.timeout   0x2000016c        0x2 Drivers\modbus\port\porttimer.o
                0x2000016c                timeout
 .bss.eRcvState
                0x2000016e        0x1 Drivers\modbus\rtu\mbrtu.o
 .bss.eSndState
                0x2000016f        0x1 Drivers\modbus\rtu\mbrtu.o
 .bss.pucSndBufferCur
                0x20000170        0x4 Drivers\modbus\rtu\mbrtu.o
 .bss.usRcvBufferPos
                0x20000174        0x2 Drivers\modbus\rtu\mbrtu.o
 .bss.usSndBufferCount
                0x20000176        0x2 Drivers\modbus\rtu\mbrtu.o
 .bss.ucMaxSysCallPriority
                0x20000178        0x1 Middlewares\Third_Party\FreeRTOS\Source\portable\GCC\ARM_CM3\port.o
 *fill*         0x20000179        0x3 
 .bss.ulMaxPRIGROUPValue
                0x2000017c        0x4 Middlewares\Third_Party\FreeRTOS\Source\portable\GCC\ARM_CM3\port.o
 .bss.pxEnd     0x20000180        0x4 Middlewares\Third_Party\FreeRTOS\Source\portable\MemMang\heap_4.o
 .bss.ucHeap    0x20000184     0x4e20 Middlewares\Third_Party\FreeRTOS\Source\portable\MemMang\heap_4.o
 .bss.xBlockAllocatedBit
                0x20004fa4        0x4 Middlewares\Third_Party\FreeRTOS\Source\portable\MemMang\heap_4.o
 .bss.xFreeBytesRemaining
                0x20004fa8        0x4 Middlewares\Third_Party\FreeRTOS\Source\portable\MemMang\heap_4.o
 .bss.xMinimumEverFreeBytesRemaining
                0x20004fac        0x4 Middlewares\Third_Party\FreeRTOS\Source\portable\MemMang\heap_4.o
 .bss.xStart    0x20004fb0        0x8 Middlewares\Third_Party\FreeRTOS\Source\portable\MemMang\heap_4.o
 .bss.pxCurrentTCB
                0x20004fb8        0x4 Middlewares\Third_Party\FreeRTOS\Source\tasks.o
                0x20004fb8                pxCurrentTCB
 .bss.pxDelayedTaskList
                0x20004fbc        0x4 Middlewares\Third_Party\FreeRTOS\Source\tasks.o
 .bss.pxOverflowDelayedTaskList
                0x20004fc0        0x4 Middlewares\Third_Party\FreeRTOS\Source\tasks.o
 .bss.pxReadyTasksLists
                0x20004fc4       0x8c Middlewares\Third_Party\FreeRTOS\Source\tasks.o
 .bss.uxCurrentNumberOfTasks
                0x20005050        0x4 Middlewares\Third_Party\FreeRTOS\Source\tasks.o
 .bss.uxDeletedTasksWaitingCleanUp
                0x20005054        0x4 Middlewares\Third_Party\FreeRTOS\Source\tasks.o
 .bss.uxPendedTicks
                0x20005058        0x4 Middlewares\Third_Party\FreeRTOS\Source\tasks.o
 .bss.uxSchedulerSuspended
                0x2000505c        0x4 Middlewares\Third_Party\FreeRTOS\Source\tasks.o
 .bss.uxTaskNumber
                0x20005060        0x4 Middlewares\Third_Party\FreeRTOS\Source\tasks.o
 .bss.uxTopReadyPriority
                0x20005064        0x4 Middlewares\Third_Party\FreeRTOS\Source\tasks.o
 .bss.xDelayedTaskList1
                0x20005068       0x14 Middlewares\Third_Party\FreeRTOS\Source\tasks.o
 .bss.xDelayedTaskList2
                0x2000507c       0x14 Middlewares\Third_Party\FreeRTOS\Source\tasks.o
 .bss.xNextTaskUnblockTime
                0x20005090        0x4 Middlewares\Third_Party\FreeRTOS\Source\tasks.o
 .bss.xNumOfOverflows
                0x20005094        0x4 Middlewares\Third_Party\FreeRTOS\Source\tasks.o
 .bss.xPendingReadyList
                0x20005098       0x14 Middlewares\Third_Party\FreeRTOS\Source\tasks.o
 .bss.xSchedulerRunning
                0x200050ac        0x4 Middlewares\Third_Party\FreeRTOS\Source\tasks.o
 .bss.xSuspendedTaskList
                0x200050b0       0x14 Middlewares\Third_Party\FreeRTOS\Source\tasks.o
 .bss.xTasksWaitingTermination
                0x200050c4       0x14 Middlewares\Third_Party\FreeRTOS\Source\tasks.o
 .bss.xTickCount
                0x200050d8        0x4 Middlewares\Third_Party\FreeRTOS\Source\tasks.o
 .bss.xYieldPending
                0x200050dc        0x4 Middlewares\Third_Party\FreeRTOS\Source\tasks.o
 .bss.xIdleStack
                0x200050e0      0x200 Src\freertos.o
 .bss.xIdleTaskTCBBuffer
                0x200052e0       0x54 Src\freertos.o
 .bss.adcRawData
                0x20005334        0x2 Src\main.o
                0x20005334                adcRawData
 .bss.ucRegCoilsBuf
                0x20005336        0x2 Src\modbusPollTask.o
 .bss.debugCurDigit
                0x20005338        0x1 Src\stm32f1xx_it.o
                0x20005338                debugCurDigit
 .bss.symbolsToShow
                0x20005339        0x2 Src\stm32f1xx_it.o
                0x20005339                symbolsToShow
 *fill*         0x2000533b        0x1 
 .bss.controllerState
                0x2000533c       0x18 Src\structures.o
                0x2000533c                controllerState
 .bss.testProgram
                0x20005354       0x1e Src\structures.o
                0x20005354                testProgram
 *fill*         0x20005372        0x6 
 .bss.testingParams
                0x20005378       0x18 Src\structures.o
                0x20005378                testingParams
 .bss.heap_end.5887
                0x20005390        0x4 Src\syscalls.o
 .bss.__malloc_free_list
                0x20005394        0x4 c:/program files (x86)/atollic/truestudio for stm32 9.3.0/armtools/bin/../lib/gcc/arm-atollic-eabi/6.3.1/../../../../arm-atollic-eabi/lib/armv7-m\libc_nano.a(lib_a-nano-mallocr.o)
                0x20005394                __malloc_free_list
 .bss.__malloc_sbrk_start
                0x20005398        0x4 c:/program files (x86)/atollic/truestudio for stm32 9.3.0/armtools/bin/../lib/gcc/arm-atollic-eabi/6.3.1/../../../../arm-atollic-eabi/lib/armv7-m\libc_nano.a(lib_a-nano-mallocr.o)
                0x20005398                __malloc_sbrk_start
 *(COMMON)
 COMMON         0x2000539c        0x4 Drivers\STM32F1xx_HAL_Driver\Src\stm32f1xx_hal.o
                0x2000539c                uwTick
 COMMON         0x200053a0       0x14 Drivers\modbus\mb.o
                0x200053a0                pxMBFrameCBTransmitterEmpty
                0x200053a4                pxMBPortCBTimerExpired
                0x200053a8                pxMBFrameCBByteReceived
                0x200053ac                pxMBFrameCBTransmitFSMCur
                0x200053b0                pxMBFrameCBReceiveFSMCur
 COMMON         0x200053b4      0x100 Drivers\modbus\rtu\mbrtu.o
                0x200053b4                ucRTUBuf
 COMMON         0x200054b4        0x4 Src\controllerInit.o
                0x200054b4                xNewPressureSemaphore
 COMMON         0x200054b8       0xf4 Src\main.o
                0x200054b8                defaultTaskHandle
                0x200054bc                hadc1
                0x200054ec                huart1
                0x2000552c                htim6
                0x2000556c                htim7
 COMMON         0x200055ac        0x4 c:/program files (x86)/atollic/truestudio for stm32 9.3.0/armtools/bin/../lib/gcc/arm-atollic-eabi/6.3.1/../../../../arm-atollic-eabi/lib/armv7-m\libc_nano.a(lib_a-reent.o)
                0x200055ac                errno
                0x200055b0                . = ALIGN (0x4)
                0x200055b0                _ebss = .
                0x200055b0                __bss_end__ = _ebss

._user_heap_stack
                0x200055b0      0x600 load address 0x08007114
                0x200055b0                . = ALIGN (0x4)
                0x200055b0                PROVIDE (end, .)
                [!provide]                PROVIDE (_end, .)
                0x200057b0                . = (. + _Min_Heap_Size)
 *fill*         0x200055b0      0x200 
                0x20005bb0                . = (. + _Min_Stack_Size)
 *fill*         0x200057b0      0x400 
                0x20005bb0                . = ALIGN (0x4)

/DISCARD/
 libc.a(*)
 libm.a(*)
 libgcc.a(*)

.ARM.attributes
                0x00000000       0x29
 *(.ARM.attributes)
 .ARM.attributes
                0x00000000       0x1d c:/program files (x86)/atollic/truestudio for stm32 9.3.0/armtools/bin/../lib/gcc/arm-atollic-eabi/6.3.1/armv7-m/crti.o
 .ARM.attributes
                0x0000001d       0x2d c:/program files (x86)/atollic/truestudio for stm32 9.3.0/armtools/bin/../lib/gcc/arm-atollic-eabi/6.3.1/armv7-m/crtbegin.o
 .ARM.attributes
                0x0000004a       0x33 Drivers\STM32F1xx_HAL_Driver\Src\stm32f1xx_hal.o
 .ARM.attributes
                0x0000007d       0x33 Drivers\STM32F1xx_HAL_Driver\Src\stm32f1xx_hal_adc.o
 .ARM.attributes
                0x000000b0       0x33 Drivers\STM32F1xx_HAL_Driver\Src\stm32f1xx_hal_adc_ex.o
 .ARM.attributes
                0x000000e3       0x33 Drivers\STM32F1xx_HAL_Driver\Src\stm32f1xx_hal_cortex.o
 .ARM.attributes
                0x00000116       0x33 Drivers\STM32F1xx_HAL_Driver\Src\stm32f1xx_hal_dma.o
 .ARM.attributes
                0x00000149       0x33 Drivers\STM32F1xx_HAL_Driver\Src\stm32f1xx_hal_gpio.o
 .ARM.attributes
                0x0000017c       0x33 Drivers\STM32F1xx_HAL_Driver\Src\stm32f1xx_hal_rcc.o
 .ARM.attributes
                0x000001af       0x33 Drivers\STM32F1xx_HAL_Driver\Src\stm32f1xx_hal_rcc_ex.o
 .ARM.attributes
                0x000001e2       0x33 Drivers\STM32F1xx_HAL_Driver\Src\stm32f1xx_hal_tim.o
 .ARM.attributes
                0x00000215       0x33 Drivers\STM32F1xx_HAL_Driver\Src\stm32f1xx_hal_tim_ex.o
 .ARM.attributes
                0x00000248       0x33 Drivers\STM32F1xx_HAL_Driver\Src\stm32f1xx_hal_uart.o
 .ARM.attributes
                0x0000027b       0x33 Drivers\modbus\functions\mbfunccoils.o
 .ARM.attributes
                0x000002ae       0x33 Drivers\modbus\functions\mbfuncdisc.o
 .ARM.attributes
                0x000002e1       0x33 Drivers\modbus\functions\mbfuncholding.o
 .ARM.attributes
                0x00000314       0x33 Drivers\modbus\functions\mbfuncinput.o
 .ARM.attributes
                0x00000347       0x33 Drivers\modbus\functions\mbfuncother.o
 .ARM.attributes
                0x0000037a       0x33 Drivers\modbus\functions\mbutils.o
 .ARM.attributes
                0x000003ad       0x33 Drivers\modbus\mb.o
 .ARM.attributes
                0x000003e0       0x33 Drivers\modbus\port\portevent.o
 .ARM.attributes
                0x00000413       0x33 Drivers\modbus\port\portserial.o
 .ARM.attributes
                0x00000446       0x33 Drivers\modbus\port\porttimer.o
 .ARM.attributes
                0x00000479       0x33 Drivers\modbus\rtu\mbcrc.o
 .ARM.attributes
                0x000004ac       0x33 Drivers\modbus\rtu\mbrtu.o
 .ARM.attributes
                0x000004df       0x33 Middlewares\Third_Party\FreeRTOS\Source\CMSIS_RTOS\cmsis_os.o
 .ARM.attributes
                0x00000512       0x33 Middlewares\Third_Party\FreeRTOS\Source\list.o
 .ARM.attributes
                0x00000545       0x33 Middlewares\Third_Party\FreeRTOS\Source\portable\GCC\ARM_CM3\port.o
 .ARM.attributes
                0x00000578       0x33 Middlewares\Third_Party\FreeRTOS\Source\portable\MemMang\heap_4.o
 .ARM.attributes
                0x000005ab       0x33 Middlewares\Third_Party\FreeRTOS\Source\queue.o
 .ARM.attributes
                0x000005de       0x33 Middlewares\Third_Party\FreeRTOS\Source\tasks.o
 .ARM.attributes
                0x00000611       0x33 Src\aligningTask.o
 .ARM.attributes
                0x00000644       0x33 Src\analogFunctions.o
 .ARM.attributes
                0x00000677       0x33 Src\controllerInit.o
 .ARM.attributes
                0x000006aa       0x33 Src\freertos.o
 .ARM.attributes
                0x000006dd       0x33 Src\main.o
 .ARM.attributes
                0x00000710       0x33 Src\modbusPollTask.o
 .ARM.attributes
                0x00000743       0x33 Src\scanBtnsTask.o
 .ARM.attributes
                0x00000776       0x33 Src\stm32f1xx_hal_msp.o
 .ARM.attributes
                0x000007a9       0x33 Src\stm32f1xx_it.o
 .ARM.attributes
                0x000007dc       0x33 Src\structures.o
 .ARM.attributes
                0x0000080f       0x33 Src\syscalls.o
 .ARM.attributes
                0x00000842       0x33 Src\system_stm32f1xx.o
 .ARM.attributes
                0x00000875       0x33 Src\testingTask.o
 .ARM.attributes
                0x000008a8       0x33 Src\utils.o
 .ARM.attributes
                0x000008db       0x21 startup\startup_stm32f105xc.o
 .ARM.attributes
                0x000008fc       0x2d c:/program files (x86)/atollic/truestudio for stm32 9.3.0/armtools/bin/../lib/gcc/arm-atollic-eabi/6.3.1/../../../../arm-atollic-eabi/lib/armv7-m\libc_nano.a(lib_a-assert.o)
 .ARM.attributes
                0x00000929       0x2d c:/program files (x86)/atollic/truestudio for stm32 9.3.0/armtools/bin/../lib/gcc/arm-atollic-eabi/6.3.1/../../../../arm-atollic-eabi/lib/armv7-m\libc_nano.a(lib_a-errno.o)
 .ARM.attributes
                0x00000956       0x2d c:/program files (x86)/atollic/truestudio for stm32 9.3.0/armtools/bin/../lib/gcc/arm-atollic-eabi/6.3.1/../../../../arm-atollic-eabi/lib/armv7-m\libc_nano.a(lib_a-fprintf.o)
 .ARM.attributes
                0x00000983       0x2d c:/program files (x86)/atollic/truestudio for stm32 9.3.0/armtools/bin/../lib/gcc/arm-atollic-eabi/6.3.1/../../../../arm-atollic-eabi/lib/armv7-m\libc_nano.a(lib_a-impure.o)
 .ARM.attributes
                0x000009b0       0x2d c:/program files (x86)/atollic/truestudio for stm32 9.3.0/armtools/bin/../lib/gcc/arm-atollic-eabi/6.3.1/../../../../arm-atollic-eabi/lib/armv7-m\libc_nano.a(lib_a-memcpy-stub.o)
 .ARM.attributes
                0x000009dd       0x2d c:/program files (x86)/atollic/truestudio for stm32 9.3.0/armtools/bin/../lib/gcc/arm-atollic-eabi/6.3.1/../../../../arm-atollic-eabi/lib/armv7-m\libc_nano.a(lib_a-memset.o)
 .ARM.attributes
                0x00000a0a       0x2d c:/program files (x86)/atollic/truestudio for stm32 9.3.0/armtools/bin/../lib/gcc/arm-atollic-eabi/6.3.1/../../../../arm-atollic-eabi/lib/armv7-m\libc_nano.a(lib_a-nano-vfprintf.o)
 .ARM.attributes
                0x00000a37       0x2d c:/program files (x86)/atollic/truestudio for stm32 9.3.0/armtools/bin/../lib/gcc/arm-atollic-eabi/6.3.1/../../../../arm-atollic-eabi/lib/armv7-m\libc_nano.a(lib_a-nano-vfprintf_i.o)
 .ARM.attributes
                0x00000a64       0x2d c:/program files (x86)/atollic/truestudio for stm32 9.3.0/armtools/bin/../lib/gcc/arm-atollic-eabi/6.3.1/../../../../arm-atollic-eabi/lib/armv7-m\libc_nano.a(lib_a-wbuf.o)
 .ARM.attributes
                0x00000a91       0x2d c:/program files (x86)/atollic/truestudio for stm32 9.3.0/armtools/bin/../lib/gcc/arm-atollic-eabi/6.3.1/../../../../arm-atollic-eabi/lib/armv7-m\libc_nano.a(lib_a-wsetup.o)
 .ARM.attributes
                0x00000abe       0x2d c:/program files (x86)/atollic/truestudio for stm32 9.3.0/armtools/bin/../lib/gcc/arm-atollic-eabi/6.3.1/../../../../arm-atollic-eabi/lib/armv7-m\libc_nano.a(lib_a-abort.o)
 .ARM.attributes
                0x00000aeb       0x2d c:/program files (x86)/atollic/truestudio for stm32 9.3.0/armtools/bin/../lib/gcc/arm-atollic-eabi/6.3.1/../../../../arm-atollic-eabi/lib/armv7-m\libc_nano.a(lib_a-fflush.o)
 .ARM.attributes
                0x00000b18       0x2d c:/program files (x86)/atollic/truestudio for stm32 9.3.0/armtools/bin/../lib/gcc/arm-atollic-eabi/6.3.1/../../../../arm-atollic-eabi/lib/armv7-m\libc_nano.a(lib_a-findfp.o)
 .ARM.attributes
                0x00000b45       0x2d c:/program files (x86)/atollic/truestudio for stm32 9.3.0/armtools/bin/../lib/gcc/arm-atollic-eabi/6.3.1/../../../../arm-atollic-eabi/lib/armv7-m\libc_nano.a(lib_a-fwalk.o)
 .ARM.attributes
                0x00000b72       0x2d c:/program files (x86)/atollic/truestudio for stm32 9.3.0/armtools/bin/../lib/gcc/arm-atollic-eabi/6.3.1/../../../../arm-atollic-eabi/lib/armv7-m\libc_nano.a(lib_a-makebuf.o)
 .ARM.attributes
                0x00000b9f       0x2d c:/program files (x86)/atollic/truestudio for stm32 9.3.0/armtools/bin/../lib/gcc/arm-atollic-eabi/6.3.1/../../../../arm-atollic-eabi/lib/armv7-m\libc_nano.a(lib_a-memchr-stub.o)
 .ARM.attributes
                0x00000bcc       0x2d c:/program files (x86)/atollic/truestudio for stm32 9.3.0/armtools/bin/../lib/gcc/arm-atollic-eabi/6.3.1/../../../../arm-atollic-eabi/lib/armv7-m\libc_nano.a(lib_a-nano-freer.o)
 .ARM.attributes
                0x00000bf9       0x2d c:/program files (x86)/atollic/truestudio for stm32 9.3.0/armtools/bin/../lib/gcc/arm-atollic-eabi/6.3.1/../../../../arm-atollic-eabi/lib/armv7-m\libc_nano.a(lib_a-nano-mallocr.o)
 .ARM.attributes
                0x00000c26       0x2d c:/program files (x86)/atollic/truestudio for stm32 9.3.0/armtools/bin/../lib/gcc/arm-atollic-eabi/6.3.1/../../../../arm-atollic-eabi/lib/armv7-m\libc_nano.a(lib_a-sbrkr.o)
 .ARM.attributes
                0x00000c53       0x2d c:/program files (x86)/atollic/truestudio for stm32 9.3.0/armtools/bin/../lib/gcc/arm-atollic-eabi/6.3.1/../../../../arm-atollic-eabi/lib/armv7-m\libc_nano.a(lib_a-signal.o)
 .ARM.attributes
                0x00000c80       0x2d c:/program files (x86)/atollic/truestudio for stm32 9.3.0/armtools/bin/../lib/gcc/arm-atollic-eabi/6.3.1/../../../../arm-atollic-eabi/lib/armv7-m\libc_nano.a(lib_a-signalr.o)
 .ARM.attributes
                0x00000cad       0x2d c:/program files (x86)/atollic/truestudio for stm32 9.3.0/armtools/bin/../lib/gcc/arm-atollic-eabi/6.3.1/../../../../arm-atollic-eabi/lib/armv7-m\libc_nano.a(lib_a-stdio.o)
 .ARM.attributes
                0x00000cda       0x2d c:/program files (x86)/atollic/truestudio for stm32 9.3.0/armtools/bin/../lib/gcc/arm-atollic-eabi/6.3.1/../../../../arm-atollic-eabi/lib/armv7-m\libc_nano.a(lib_a-writer.o)
 .ARM.attributes
                0x00000d07       0x2d c:/program files (x86)/atollic/truestudio for stm32 9.3.0/armtools/bin/../lib/gcc/arm-atollic-eabi/6.3.1/../../../../arm-atollic-eabi/lib/armv7-m\libc_nano.a(lib_a-closer.o)
 .ARM.attributes
                0x00000d34       0x2d c:/program files (x86)/atollic/truestudio for stm32 9.3.0/armtools/bin/../lib/gcc/arm-atollic-eabi/6.3.1/../../../../arm-atollic-eabi/lib/armv7-m\libc_nano.a(lib_a-fstatr.o)
 .ARM.attributes
                0x00000d61       0x2d c:/program files (x86)/atollic/truestudio for stm32 9.3.0/armtools/bin/../lib/gcc/arm-atollic-eabi/6.3.1/../../../../arm-atollic-eabi/lib/armv7-m\libc_nano.a(lib_a-isattyr.o)
 .ARM.attributes
                0x00000d8e       0x2d c:/program files (x86)/atollic/truestudio for stm32 9.3.0/armtools/bin/../lib/gcc/arm-atollic-eabi/6.3.1/../../../../arm-atollic-eabi/lib/armv7-m\libc_nano.a(lib_a-lseekr.o)
 .ARM.attributes
                0x00000dbb       0x2d c:/program files (x86)/atollic/truestudio for stm32 9.3.0/armtools/bin/../lib/gcc/arm-atollic-eabi/6.3.1/../../../../arm-atollic-eabi/lib/armv7-m\libc_nano.a(lib_a-mlock.o)
 .ARM.attributes
                0x00000de8       0x2d c:/program files (x86)/atollic/truestudio for stm32 9.3.0/armtools/bin/../lib/gcc/arm-atollic-eabi/6.3.1/../../../../arm-atollic-eabi/lib/armv7-m\libc_nano.a(lib_a-readr.o)
 .ARM.attributes
                0x00000e15       0x2d c:/program files (x86)/atollic/truestudio for stm32 9.3.0/armtools/bin/../lib/gcc/arm-atollic-eabi/6.3.1/../../../../arm-atollic-eabi/lib/armv7-m\libc_nano.a(lib_a-reent.o)
 .ARM.attributes
                0x00000e42       0x1d c:/program files (x86)/atollic/truestudio for stm32 9.3.0/armtools/bin/../lib/gcc/arm-atollic-eabi/6.3.1/armv7-m\libgcc.a(_arm_addsubdf3.o)
 .ARM.attributes
                0x00000e5f       0x1d c:/program files (x86)/atollic/truestudio for stm32 9.3.0/armtools/bin/../lib/gcc/arm-atollic-eabi/6.3.1/armv7-m\libgcc.a(_arm_muldivdf3.o)
 .ARM.attributes
                0x00000e7c       0x1d c:/program files (x86)/atollic/truestudio for stm32 9.3.0/armtools/bin/../lib/gcc/arm-atollic-eabi/6.3.1/armv7-m\libgcc.a(_arm_fixdfsi.o)
 .ARM.attributes
                0x00000e99       0x1d c:/program files (x86)/atollic/truestudio for stm32 9.3.0/armtools/bin/../lib/gcc/arm-atollic-eabi/6.3.1/armv7-m\libgcc.a(_arm_addsubsf3.o)
 .ARM.attributes
                0x00000eb6       0x1d c:/program files (x86)/atollic/truestudio for stm32 9.3.0/armtools/bin/../lib/gcc/arm-atollic-eabi/6.3.1/armv7-m\libgcc.a(_arm_muldivsf3.o)
 .ARM.attributes
                0x00000ed3       0x1d c:/program files (x86)/atollic/truestudio for stm32 9.3.0/armtools/bin/../lib/gcc/arm-atollic-eabi/6.3.1/armv7-m\libgcc.a(_arm_cmpsf2.o)
 .ARM.attributes
                0x00000ef0       0x1d c:/program files (x86)/atollic/truestudio for stm32 9.3.0/armtools/bin/../lib/gcc/arm-atollic-eabi/6.3.1/armv7-m\libgcc.a(_arm_fixsfsi.o)
 .ARM.attributes
                0x00000f0d       0x1d c:/program files (x86)/atollic/truestudio for stm32 9.3.0/armtools/bin/../lib/gcc/arm-atollic-eabi/6.3.1/armv7-m\libgcc.a(_arm_fixunssfsi.o)
 .ARM.attributes
                0x00000f2a       0x1d c:/program files (x86)/atollic/truestudio for stm32 9.3.0/armtools/bin/../lib/gcc/arm-atollic-eabi/6.3.1/armv7-m\libgcc.a(_aeabi_uldivmod.o)
 .ARM.attributes
                0x00000f47       0x2d c:/program files (x86)/atollic/truestudio for stm32 9.3.0/armtools/bin/../lib/gcc/arm-atollic-eabi/6.3.1/armv7-m\libgcc.a(_udivmoddi4.o)
 .ARM.attributes
                0x00000f74       0x1d c:/program files (x86)/atollic/truestudio for stm32 9.3.0/armtools/bin/../lib/gcc/arm-atollic-eabi/6.3.1/armv7-m\libgcc.a(_dvmd_tls.o)
 .ARM.attributes
                0x00000f91       0x1d c:/program files (x86)/atollic/truestudio for stm32 9.3.0/armtools/bin/../lib/gcc/arm-atollic-eabi/6.3.1/armv7-m/crtn.o
OUTPUT(bag_tester_v02.elf elf32-littlearm)

.debug_info     0x00000000    0x29f4a
 .debug_info    0x00000000      0x847 Drivers\STM32F1xx_HAL_Driver\Src\stm32f1xx_hal.o
 .debug_info    0x00000847      0xea0 Drivers\STM32F1xx_HAL_Driver\Src\stm32f1xx_hal_adc.o
 .debug_info    0x000016e7      0xb8a Drivers\STM32F1xx_HAL_Driver\Src\stm32f1xx_hal_adc_ex.o
 .debug_info    0x00002271      0xd07 Drivers\STM32F1xx_HAL_Driver\Src\stm32f1xx_hal_cortex.o
 .debug_info    0x00002f78      0x837 Drivers\STM32F1xx_HAL_Driver\Src\stm32f1xx_hal_dma.o
 .debug_info    0x000037af      0x6ab Drivers\STM32F1xx_HAL_Driver\Src\stm32f1xx_hal_gpio.o
 .debug_info    0x00003e5a      0xafc Drivers\STM32F1xx_HAL_Driver\Src\stm32f1xx_hal_rcc.o
 .debug_info    0x00004956      0x6e2 Drivers\STM32F1xx_HAL_Driver\Src\stm32f1xx_hal_rcc_ex.o
 .debug_info    0x00005038     0x34cc Drivers\STM32F1xx_HAL_Driver\Src\stm32f1xx_hal_tim.o
 .debug_info    0x00008504     0x12fc Drivers\STM32F1xx_HAL_Driver\Src\stm32f1xx_hal_tim_ex.o
 .debug_info    0x00009800     0x1632 Drivers\STM32F1xx_HAL_Driver\Src\stm32f1xx_hal_uart.o
 .debug_info    0x0000ae32      0xc00 Drivers\modbus\functions\mbfunccoils.o
 .debug_info    0x0000ba32      0xa81 Drivers\modbus\functions\mbfuncdisc.o
 .debug_info    0x0000c4b3      0xcc6 Drivers\modbus\functions\mbfuncholding.o
 .debug_info    0x0000d179      0xa72 Drivers\modbus\functions\mbfuncinput.o
 .debug_info    0x0000dbeb      0xae1 Drivers\modbus\functions\mbfuncother.o
 .debug_info    0x0000e6cc      0xb6d Drivers\modbus\functions\mbutils.o
 .debug_info    0x0000f239      0xf08 Drivers\modbus\mb.o
 .debug_info    0x00010141      0x18e Drivers\modbus\port\portevent.o
 .debug_info    0x000102cf     0x101d Drivers\modbus\port\portserial.o
 .debug_info    0x000112ec      0x733 Drivers\modbus\port\porttimer.o
 .debug_info    0x00011a1f      0x14b Drivers\modbus\rtu\mbcrc.o
 .debug_info    0x00011b6a     0x1023 Drivers\modbus\rtu\mbrtu.o
 .debug_info    0x00012b8d     0x2930 Middlewares\Third_Party\FreeRTOS\Source\CMSIS_RTOS\cmsis_os.o
 .debug_info    0x000154bd      0xac5 Middlewares\Third_Party\FreeRTOS\Source\list.o
 .debug_info    0x00015f82      0x50a Middlewares\Third_Party\FreeRTOS\Source\portable\GCC\ARM_CM3\port.o
 .debug_info    0x0001648c      0xca5 Middlewares\Third_Party\FreeRTOS\Source\portable\MemMang\heap_4.o
 .debug_info    0x00017131     0x2846 Middlewares\Third_Party\FreeRTOS\Source\queue.o
 .debug_info    0x00019977     0x2e27 Middlewares\Third_Party\FreeRTOS\Source\tasks.o
 .debug_info    0x0001c79e      0xeb0 Src\aligningTask.o
 .debug_info    0x0001d64e     0x10e8 Src\analogFunctions.o
 .debug_info    0x0001e736     0x1cf3 Src\controllerInit.o
 .debug_info    0x00020429      0x333 Src\freertos.o
 .debug_info    0x0002075c     0x1d07 Src\main.o
 .debug_info    0x00022463      0xf6a Src\modbusPollTask.o
 .debug_info    0x000233cd      0xdcc Src\scanBtnsTask.o
 .debug_info    0x00024199     0x1148 Src\stm32f1xx_hal_msp.o
 .debug_info    0x000252e1     0x188a Src\stm32f1xx_it.o
 .debug_info    0x00026b6b      0x394 Src\structures.o
 .debug_info    0x00026eff      0xfe1 Src\syscalls.o
 .debug_info    0x00027ee0      0x474 Src\system_stm32f1xx.o
 .debug_info    0x00028354      0xcc5 Src\testingTask.o
 .debug_info    0x00029019      0xec3 Src\utils.o
 .debug_info    0x00029edc       0x6e startup\startup_stm32f105xc.o

.debug_abbrev   0x00000000     0x6437
 .debug_abbrev  0x00000000      0x24a Drivers\STM32F1xx_HAL_Driver\Src\stm32f1xx_hal.o
 .debug_abbrev  0x0000024a      0x299 Drivers\STM32F1xx_HAL_Driver\Src\stm32f1xx_hal_adc.o
 .debug_abbrev  0x000004e3      0x234 Drivers\STM32F1xx_HAL_Driver\Src\stm32f1xx_hal_adc_ex.o
 .debug_abbrev  0x00000717      0x2f8 Drivers\STM32F1xx_HAL_Driver\Src\stm32f1xx_hal_cortex.o
 .debug_abbrev  0x00000a0f      0x22d Drivers\STM32F1xx_HAL_Driver\Src\stm32f1xx_hal_dma.o
 .debug_abbrev  0x00000c3c      0x1e4 Drivers\STM32F1xx_HAL_Driver\Src\stm32f1xx_hal_gpio.o
 .debug_abbrev  0x00000e20      0x2dd Drivers\STM32F1xx_HAL_Driver\Src\stm32f1xx_hal_rcc.o
 .debug_abbrev  0x000010fd      0x1f0 Drivers\STM32F1xx_HAL_Driver\Src\stm32f1xx_hal_rcc_ex.o
 .debug_abbrev  0x000012ed      0x335 Drivers\STM32F1xx_HAL_Driver\Src\stm32f1xx_hal_tim.o
 .debug_abbrev  0x00001622      0x29c Drivers\STM32F1xx_HAL_Driver\Src\stm32f1xx_hal_tim_ex.o
 .debug_abbrev  0x000018be      0x2f3 Drivers\STM32F1xx_HAL_Driver\Src\stm32f1xx_hal_uart.o
 .debug_abbrev  0x00001bb1      0x217 Drivers\modbus\functions\mbfunccoils.o
 .debug_abbrev  0x00001dc8      0x1fd Drivers\modbus\functions\mbfuncdisc.o