stm32f1xx_it.c:58:6:draw_digit	16	static
stm32f1xx_it.c:104:6:NMI_Handler	0	static
stm32f1xx_it.c:117:6:HardFault_Handler	0	static
stm32f1xx_it.c:132:6:MemManage_Handler	0	static
stm32f1xx_it.c:147:6:BusFault_Handler	0	static
stm32f1xx_it.c:162:6:UsageFault_Handler	0	static
stm32f1xx_it.c:177:6:DebugMon_Handler	0	static
stm32f1xx_it.c:190:6:SysTick_Handler	8	static
stm32f1xx_it.c:219:6:ADC1_2_IRQHandler	0	static
stm32f1xx_it.c:233:6:USART1_IRQHandler	16	static
stm32f1xx_it.c:270:6:TIM6_IRQHandler	16	static
stm32f1xx_it.c:299:6:TIM7_IRQHandler	0	static
